Archive member included to satisfy reference by file (symbol)

c:/st/stm32cubeide_1.0.2/stm32cubeide/plugins/com.st.stm32cube.ide.mcu.externaltools.gnu-tools-for-stm32.7-2018-q2-update.win32_1.0.0.201904181610/tools/bin/../lib/gcc/arm-none-eabi/7.3.1/../../../../arm-none-eabi/lib/thumb/v6-m\libc_nano.a(lib_a-abs.o)
                              Core/Src/TFT_display.o (abs)
c:/st/stm32cubeide_1.0.2/stm32cubeide/plugins/com.st.stm32cube.ide.mcu.externaltools.gnu-tools-for-stm32.7-2018-q2-update.win32_1.0.0.201904181610/tools/bin/../lib/gcc/arm-none-eabi/7.3.1/../../../../arm-none-eabi/lib/thumb/v6-m\libc_nano.a(lib_a-calloc.o)
                              Core/Src/user_interface.o (calloc)
c:/st/stm32cubeide_1.0.2/stm32cubeide/plugins/com.st.stm32cube.ide.mcu.externaltools.gnu-tools-for-stm32.7-2018-q2-update.win32_1.0.0.201904181610/tools/bin/../lib/gcc/arm-none-eabi/7.3.1/../../../../arm-none-eabi/lib/thumb/v6-m\libc_nano.a(lib_a-errno.o)
                              Core/Src/syscalls.o (__errno)
c:/st/stm32cubeide_1.0.2/stm32cubeide/plugins/com.st.stm32cube.ide.mcu.externaltools.gnu-tools-for-stm32.7-2018-q2-update.win32_1.0.0.201904181610/tools/bin/../lib/gcc/arm-none-eabi/7.3.1/../../../../arm-none-eabi/lib/thumb/v6-m\libc_nano.a(lib_a-exit.o)
                              c:/st/stm32cubeide_1.0.2/stm32cubeide/plugins/com.st.stm32cube.ide.mcu.externaltools.gnu-tools-for-stm32.7-2018-q2-update.win32_1.0.0.201904181610/tools/bin/../lib/gcc/arm-none-eabi/7.3.1/../../../../arm-none-eabi/lib/thumb/v6-m/crt0.o (exit)
c:/st/stm32cubeide_1.0.2/stm32cubeide/plugins/com.st.stm32cube.ide.mcu.externaltools.gnu-tools-for-stm32.7-2018-q2-update.win32_1.0.0.201904181610/tools/bin/../lib/gcc/arm-none-eabi/7.3.1/../../../../arm-none-eabi/lib/thumb/v6-m\libc_nano.a(lib_a-impure.o)
                              c:/st/stm32cubeide_1.0.2/stm32cubeide/plugins/com.st.stm32cube.ide.mcu.externaltools.gnu-tools-for-stm32.7-2018-q2-update.win32_1.0.0.201904181610/tools/bin/../lib/gcc/arm-none-eabi/7.3.1/../../../../arm-none-eabi/lib/thumb/v6-m\libc_nano.a(lib_a-exit.o) (_global_impure_ptr)
c:/st/stm32cubeide_1.0.2/stm32cubeide/plugins/com.st.stm32cube.ide.mcu.externaltools.gnu-tools-for-stm32.7-2018-q2-update.win32_1.0.0.201904181610/tools/bin/../lib/gcc/arm-none-eabi/7.3.1/../../../../arm-none-eabi/lib/thumb/v6-m\libc_nano.a(lib_a-init.o)
                              c:/st/stm32cubeide_1.0.2/stm32cubeide/plugins/com.st.stm32cube.ide.mcu.externaltools.gnu-tools-for-stm32.7-2018-q2-update.win32_1.0.0.201904181610/tools/bin/../lib/gcc/arm-none-eabi/7.3.1/../../../../arm-none-eabi/lib/thumb/v6-m/crt0.o (__libc_init_array)
c:/st/stm32cubeide_1.0.2/stm32cubeide/plugins/com.st.stm32cube.ide.mcu.externaltools.gnu-tools-for-stm32.7-2018-q2-update.win32_1.0.0.201904181610/tools/bin/../lib/gcc/arm-none-eabi/7.3.1/../../../../arm-none-eabi/lib/thumb/v6-m\libc_nano.a(lib_a-memcpy-stub.o)
                              Core/Src/TFT_display.o (memcpy)
c:/st/stm32cubeide_1.0.2/stm32cubeide/plugins/com.st.stm32cube.ide.mcu.externaltools.gnu-tools-for-stm32.7-2018-q2-update.win32_1.0.0.201904181610/tools/bin/../lib/gcc/arm-none-eabi/7.3.1/../../../../arm-none-eabi/lib/thumb/v6-m\libc_nano.a(lib_a-memset.o)
                              c:/st/stm32cubeide_1.0.2/stm32cubeide/plugins/com.st.stm32cube.ide.mcu.externaltools.gnu-tools-for-stm32.7-2018-q2-update.win32_1.0.0.201904181610/tools/bin/../lib/gcc/arm-none-eabi/7.3.1/../../../../arm-none-eabi/lib/thumb/v6-m/crt0.o (memset)
c:/st/stm32cubeide_1.0.2/stm32cubeide/plugins/com.st.stm32cube.ide.mcu.externaltools.gnu-tools-for-stm32.7-2018-q2-update.win32_1.0.0.201904181610/tools/bin/../lib/gcc/arm-none-eabi/7.3.1/../../../../arm-none-eabi/lib/thumb/v6-m\libc_nano.a(lib_a-nano-callocr.o)
                              c:/st/stm32cubeide_1.0.2/stm32cubeide/plugins/com.st.stm32cube.ide.mcu.externaltools.gnu-tools-for-stm32.7-2018-q2-update.win32_1.0.0.201904181610/tools/bin/../lib/gcc/arm-none-eabi/7.3.1/../../../../arm-none-eabi/lib/thumb/v6-m\libc_nano.a(lib_a-calloc.o) (_calloc_r)
c:/st/stm32cubeide_1.0.2/stm32cubeide/plugins/com.st.stm32cube.ide.mcu.externaltools.gnu-tools-for-stm32.7-2018-q2-update.win32_1.0.0.201904181610/tools/bin/../lib/gcc/arm-none-eabi/7.3.1/../../../../arm-none-eabi/lib/thumb/v6-m\libc_nano.a(lib_a-nano-mallocr.o)
                              c:/st/stm32cubeide_1.0.2/stm32cubeide/plugins/com.st.stm32cube.ide.mcu.externaltools.gnu-tools-for-stm32.7-2018-q2-update.win32_1.0.0.201904181610/tools/bin/../lib/gcc/arm-none-eabi/7.3.1/../../../../arm-none-eabi/lib/thumb/v6-m\libc_nano.a(lib_a-nano-callocr.o) (_malloc_r)
c:/st/stm32cubeide_1.0.2/stm32cubeide/plugins/com.st.stm32cube.ide.mcu.externaltools.gnu-tools-for-stm32.7-2018-q2-update.win32_1.0.0.201904181610/tools/bin/../lib/gcc/arm-none-eabi/7.3.1/../../../../arm-none-eabi/lib/thumb/v6-m\libc_nano.a(lib_a-sbrkr.o)
[...]
Memory Configuration

Name             Origin             Length             Attributes
RAM              0x0000000020000000 0x0000000000005000 xrw
FLASH            0x0000000008000000 0x0000000000030000 xr
*default*        0x0000000000000000 0xffffffffffffffff

Linker script and memory map

LOAD c:/st/stm32cubeide_1.0.2/stm32cubeide/plugins/com.st.stm32cube.ide.mcu.externaltools.gnu-tools-for-stm32.7-2018-q2-update.win32_1.0.0.201904181610/tools/bin/../lib/gcc/arm-none-eabi/7.3.1/thumb/v6-m/crti.o
LOAD c:/st/stm32cubeide_1.0.2/stm32cubeide/plugins/com.st.stm32cube.ide.mcu.externaltools.gnu-tools-for-stm32.7-2018-q2-update.win32_1.0.0.201904181610/tools/bin/../lib/gcc/arm-none-eabi/7.3.1/thumb/v6-m/crtbegin.o
LOAD c:/st/stm32cubeide_1.0.2/stm32cubeide/plugins/com.st.stm32cube.ide.mcu.externaltools.gnu-tools-for-stm32.7-2018-q2-update.win32_1.0.0.201904181610/tools/bin/../lib/gcc/arm-none-eabi/7.3.1/../../../../arm-none-eabi/lib/thumb/v6-m/crt0.o
LOAD Core/Src/TFT_display.o
LOAD Core/Src/TFT_display_test.o
LOAD Core/Src/battery.o
LOAD Core/Src/clock_timer_test.o
LOAD Core/Src/clocks.o
LOAD Core/Src/font.o
LOAD Core/Src/main.o
LOAD Core/Src/stm32l0xx_hal_msp.o
LOAD Core/Src/stm32l0xx_it.o
LOAD Core/Src/syscalls.o
LOAD Core/Src/sysmem.o
LOAD Core/Src/system_stm32l0xx.o
LOAD Core/Src/timers.o
LOAD Core/Src/user_interface.o
LOAD Core/Startup/startup_stm32l073rztx.o
LOAD Drivers/STM32L0xx_HAL_Driver/Src/stm32l0xx_hal.o
LOAD Drivers/STM32L0xx_HAL_Driver/Src/stm32l0xx_hal_adc.o
LOAD Drivers/STM32L0xx_HAL_Driver/Src/stm32l0xx_hal_adc_ex.o
LOAD Drivers/STM32L0xx_HAL_Driver/Src/stm32l0xx_hal_cortex.o
LOAD Drivers/STM32L0xx_HAL_Driver/Src/stm32l0xx_hal_dma.o
LOAD Drivers/STM32L0xx_HAL_Driver/Src/stm32l0xx_hal_flash.o
LOAD Drivers/STM32L0xx_HAL_Driver/Src/stm32l0xx_hal_flash_ex.o
LOAD Drivers/STM32L0xx_HAL_Driver/Src/stm32l0xx_hal_flash_ramfunc.o
LOAD Drivers/STM32L0xx_HAL_Driver/Src/stm32l0xx_hal_gpio.o
LOAD Drivers/STM32L0xx_HAL_Driver/Src/stm32l0xx_hal_i2c.o
LOAD Drivers/STM32L0xx_HAL_Driver/Src/stm32l0xx_hal_i2c_ex.o
LOAD Drivers/STM32L0xx_HAL_Driver/Src/stm32l0xx_hal_lptim.o
LOAD Drivers/STM32L0xx_HAL_Driver/Src/stm32l0xx_hal_pwr.o
LOAD Drivers/STM32L0xx_HAL_Driver/Src/stm32l0xx_hal_pwr_ex.o
LOAD Drivers/STM32L0xx_HAL_Driver/Src/stm32l0xx_hal_rcc.o
LOAD Drivers/STM32L0xx_HAL_Driver/Src/stm32l0xx_hal_rcc_ex.o
LOAD Drivers/STM32L0xx_HAL_Driver/Src/stm32l0xx_hal_rtc.o
LOAD Drivers/STM32L0xx_HAL_Driver/Src/stm32l0xx_hal_rtc_ex.o
LOAD Drivers/STM32L0xx_HAL_Driver/Src/stm32l0xx_hal_spi.o
LOAD Drivers/STM32L0xx_HAL_Driver/Src/stm32l0xx_hal_tim.o
LOAD Drivers/STM32L0xx_HAL_Driver/Src/stm32l0xx_hal_tim_ex.o
START GROUP
LOAD c:/st/stm32cubeide_1.0.2/stm32cubeide/plugins/com.st.stm32cube.ide.mcu.externaltools.gnu-tools-for-stm32.7-2018-q2-update.win32_1.0.0.201904181610/tools/bin/../lib/gcc/arm-none-eabi/7.3.1/../../../../arm-none-eabi/lib/thumb/v6-m\libc_nano.a
LOAD c:/st/stm32cubeide_1.0.2/stm32cubeide/plugins/com.st.stm32cube.ide.mcu.externaltools.gnu-tools-for-stm32.7-2018-q2-update.win32_1.0.0.201904181610/tools/bin/../lib/gcc/arm-none-eabi/7.3.1/../../../../arm-none-eabi/lib/thumb/v6-m\libm.a
END GROUP
START GROUP
LOAD c:/st/stm32cubeide_1.0.2/stm32cubeide/plugins/com.st.stm32cube.ide.mcu.externaltools.gnu-tools-for-stm32.7-2018-q2-update.win32_1.0.0.201904181610/tools/bin/../lib/gcc/arm-none-eabi/7.3.1/thumb/v6-m\libgcc.a
LOAD c:/st/stm32cubeide_1.0.2/stm32cubeide/plugins/com.st.stm32cube.ide.mcu.externaltools.gnu-tools-for-stm32.7-2018-q2-update.win32_1.0.0.201904181610/tools/bin/../lib/gcc/arm-none-eabi/7.3.1/../../../../arm-none-eabi/lib/thumb/v6-m\libc_nano.a
END GROUP
START GROUP
LOAD c:/st/stm32cubeide_1.0.2/stm32cubeide/plugins/com.st.stm32cube.ide.mcu.externaltools.gnu-tools-for-stm32.7-2018-q2-update.win32_1.0.0.201904181610/tools/bin/../lib/gcc/arm-none-eabi/7.3.1/thumb/v6-m\libgcc.a
LOAD c:/st/stm32cubeide_1.0.2/stm32cubeide/plugins/com.st.stm32cube.ide.mcu.externaltools.gnu-tools-for-stm32.7-2018-q2-update.win32_1.0.0.201904181610/tools/bin/../lib/gcc/arm-none-eabi/7.3.1/../../../../arm-none-eabi/lib/thumb/v6-m\libc_nano.a
LOAD c:/st/stm32cubeide_1.0.2/stm32cubeide/plugins/com.st.stm32cube.ide.mcu.externaltools.gnu-tools-for-stm32.7-2018-q2-update.win32_1.0.0.201904181610/tools/bin/../lib/gcc/arm-none-eabi/7.3.1/../../../../arm-none-eabi/lib/thumb/v6-m\libnosys.a
END GROUP
START GROUP
LOAD c:/st/stm32cubeide_1.0.2/stm32cubeide/plugins/com.st.stm32cube.ide.mcu.externaltools.gnu-tools-for-stm32.7-2018-q2-update.win32_1.0.0.201904181610/tools/bin/../lib/gcc/arm-none-eabi/7.3.1/thumb/v6-m\libgcc.a
LOAD c:/st/stm32cubeide_1.0.2/stm32cubeide/plugins/com.st.stm32cube.ide.mcu.externaltools.gnu-tools-for-stm32.7-2018-q2-update.win32_1.0.0.201904181610/tools/bin/../lib/gcc/arm-none-eabi/7.3.1/../../../../arm-none-eabi/lib/thumb/v6-m\libc_nano.a
LOAD c:/st/stm32cubeide_1.0.2/stm32cubeide/plugins/com.st.stm32cube.ide.mcu.externaltools.gnu-tools-for-stm32.7-2018-q2-update.win32_1.0.0.201904181610/tools/bin/../lib/gcc/arm-none-eabi/7.3.1/../../../../arm-none-eabi/lib/thumb/v6-m\libnosys.a
END GROUP
LOAD c:/st/stm32cubeide_1.0.2/stm32cubeide/plugins/com.st.stm32cube.ide.mcu.externaltools.gnu-tools-for-stm32.7-2018-q2-update.win32_1.0.0.201904181610/tools/bin/../lib/gcc/arm-none-eabi/7.3.1/thumb/v6-m/crtend.o
LOAD c:/st/stm32cubeide_1.0.2/stm32cubeide/plugins/com.st.stm32cube.ide.mcu.externaltools.gnu-tools-for-stm32.7-2018-q2-update.win32_1.0.0.201904181610/tools/bin/../lib/gcc/arm-none-eabi/7.3.1/thumb/v6-m/crtn.o
                0x0000000020005000                _estack = (ORIGIN (RAM) + LENGTH (RAM))
                0x0000000000000200                _Min_Heap_Size = 0x200
                0x0000000000000400                _Min_Stack_Size = 0x400

.isr_vector     0x0000000008000000       0xc0
                0x0000000008000000                . = ALIGN (0x4)
 *(.isr_vector)
 .isr_vector    0x0000000008000000       0xc0 Core/Startup/startup_stm32l073rztx.o
                0x0000000008000000                g_pfnVectors
                0x00000000080000c0                . = ALIGN (0x4)

.text           0x00000000080000c0     0xb33c
                0x00000000080000c0                . = ALIGN (0x4)
 *(.text)
 .text          0x00000000080000c0       0x48 c:/st/stm32cubeide_1.0.2/stm32cubeide/plugins/com.st.stm32cube.ide.mcu.externaltools.gnu-tools-for-stm32.7-2018-q2-update.win32_1.0.0.201904181610/tools/bin/../lib/gcc/arm-none-eabi/7.3.1/thumb/v6-m/crtbegin.o
 .text          0x0000000008000108        0xe c:/st/stm32cubeide_1.0.2/stm32cubeide/plugins/com.st.stm32cube.ide.mcu.externaltools.gnu-tools-for-stm32.7-2018-q2-update.win32_1.0.0.201904181610/tools/bin/../lib/gcc/arm-none-eabi/7.3.1/../../../../arm-none-eabi/lib/thumb/v6-m\libc_nano.a(lib_a-strlen.o)
                0x0000000008000108                strlen
 *fill*         0x0000000008000116        0x2 
 .text          0x0000000008000118      0x114 c:/st/stm32cubeide_1.0.2/stm32cubeide/plugins/com.st.stm32cube.ide.mcu.externaltools.gnu-tools-for-stm32.7-2018-q2-update.win32_1.0.0.201904181610/tools/bin/../lib/gcc/arm-none-eabi/7.3.1/thumb/v6-m\libgcc.a(_udivsi3.o)
                0x0000000008000118                __aeabi_uidiv
                0x0000000008000118                __udivsi3
                0x0000000008000224                __aeabi_uidivmod
 .text          0x000000000800022c      0x1d4 c:/st/stm32cubeide_1.0.2/stm32cubeide/plugins/com.st.stm32cube.ide.mcu.externaltools.gnu-tools-for-stm32.7-2018-q2-update.win32_1.0.0.201904181610/tools/bin/../lib/gcc/arm-none-eabi/7.3.1/thumb/v6-m\libgcc.a(_divsi3.o)
                0x000000000800022c                __divsi3
                0x000000000800022c                __aeabi_idiv
                0x00000000080003f8                __aeabi_idivmod
 .text          0x0000000008000400        0x4 c:/st/stm32cubeide_1.0.2/stm32cubeide/plugins/com.st.stm32cube.ide.mcu.externaltools.gnu-tools-for-stm32.7-2018-q2-update.win32_1.0.0.201904181610/tools/bin/../lib/gcc/arm-none-eabi/7.3.1/thumb/v6-m\libgcc.a(_dvmd_tls.o)
                0x0000000008000400                __aeabi_idiv0
                0x0000000008000400                __aeabi_ldiv0
 .text          0x0000000008000404       0x74 c:/st/stm32cubeide_1.0.2/stm32cubeide/plugins/com.st.stm32cube.ide.mcu.externaltools.gnu-tools-for-stm32.7-2018-q2-update.win32_1.0.0.201904181610/tools/bin/../lib/gcc/arm-none-eabi/7.3.1/thumb/v6-m\libgcc.a(_arm_cmpsf2.o)
                0x0000000008000404                __aeabi_cfrcmple
                0x000000000800040c                __aeabi_cfcmpeq
                0x000000000800040c                __aeabi_cfcmple
                0x000000000800041c                __aeabi_fcmpeq
                0x0000000008000428                __aeabi_fcmplt
                0x000000000800043c                __aeabi_fcmple
                0x0000000008000450                __aeabi_fcmpgt
                0x0000000008000464                __aeabi_fcmpge
 .text          0x0000000008000478       0x30 c:/st/stm32cubeide_1.0.2/stm32cubeide/plugins/com.st.stm32cube.ide.mcu.externaltools.gnu-tools-for-stm32.7-2018-q2-update.win32_1.0.0.201904181610/tools/bin/../lib/gcc/arm-none-eabi/7.3.1/thumb/v6-m\libgcc.a(_fixunssfsi.o)
                0x0000000008000478                __fixunssfsi
                0x0000000008000478                __aeabi_f2uiz
 .text          0x00000000080004a8       0x50 c:/st/stm32cubeide_1.0.2/stm32cubeide/plugins/com.st.stm32cube.ide.mcu.externaltools.gnu-tools-for-stm32.7-2018-q2-update.win32_1.0.0.201904181610/tools/bin/../lib/gcc/arm-none-eabi/7.3.1/thumb/v6-m\libgcc.a(eqsf2.o)
                0x00000000080004a8                __eqsf2
                0x00000000080004a8                __nesf2
 .text          0x00000000080004f8       0x9c c:/st/stm32cubeide_1.0.2/stm32cubeide/plugins/com.st.stm32cube.ide.mcu.externaltools.gnu-tools-for-stm32.7-2018-q2-update.win32_1.0.0.201904181610/tools/bin/../lib/gcc/arm-none-eabi/7.3.1/thumb/v6-m\libgcc.a(gesf2.o)
                0x00000000080004f8                __gesf2
                0x00000000080004f8                __gtsf2
 .text          0x0000000008000594       0xa0 c:/st/stm32cubeide_1.0.2/stm32cubeide/plugins/com.st.stm32cube.ide.mcu.externaltools.gnu-tools-for-stm32.7-2018-q2-update.win32_1.0.0.201904181610/tools/bin/../lib/gcc/arm-none-eabi/7.3.1/thumb/v6-m\libgcc.a(lesf2.o)
                0x0000000008000594                __ltsf2
                0x0000000008000594                __lesf2
 .text          0x0000000008000634      0x388 c:/st/stm32cubeide_1.0.2/stm32cubeide/plugins/com.st.stm32cube.ide.mcu.externaltools.gnu-tools-for-stm32.7-2018-q2-update.win32_1.0.0.201904181610/tools/bin/../lib/gcc/arm-none-eabi/7.3.1/thumb/v6-m\libgcc.a(subsf3.o)
                0x0000000008000634                __aeabi_fsub
 .text          0x00000000080009bc       0x40 c:/st/stm32cubeide_1.0.2/stm32cubeide/plugins/com.st.stm32cube.ide.mcu.externaltools.gnu-tools-for-stm32.7-2018-q2-update.win32_1.0.0.201904181610/tools/bin/../lib/gcc/arm-none-eabi/7.3.1/thumb/v6-m\libgcc.a(fixsfsi.o)
                0x00000000080009bc                __aeabi_f2iz
 .text          0x00000000080009fc      0x604 c:/st/stm32cubeide_1.0.2/stm32cubeide/plugins/com.st.stm32cube.ide.mcu.externaltools.gnu-tools-for-stm32.7-2018-q2-update.win32_1.0.0.201904181610/tools/bin/../lib/gcc/arm-none-eabi/7.3.1/thumb/v6-m\libgcc.a(divdf3.o)
                0x00000000080009fc                __aeabi_ddiv
 .text          0x0000000008001000      0x4e4 c:/st/stm32cubeide_1.0.2/stm32cubeide/plugins/com.st.stm32cube.ide.mcu.externaltools.gnu-tools-for-stm32.7-2018-q2-update.win32_1.0.0.201904181610/tools/bin/../lib/gcc/arm-none-eabi/7.3.1/thumb/v6-m\libgcc.a(muldf3.o)
                0x0000000008001000                __aeabi_dmul
 .text          0x00000000080014e4       0x74 c:/st/stm32cubeide_1.0.2/stm32cubeide/plugins/com.st.stm32cube.ide.mcu.externaltools.gnu-tools-for-stm32.7-2018-q2-update.win32_1.0.0.201904181610/tools/bin/../lib/gcc/arm-none-eabi/7.3.1/thumb/v6-m\libgcc.a(floatsidf.o)
                0x00000000080014e4                __aeabi_i2d
 .text          0x0000000008001558       0x64 c:/st/stm32cubeide_1.0.2/stm32cubeide/plugins/com.st.stm32cube.ide.mcu.externaltools.gnu-tools-for-stm32.7-2018-q2-update.win32_1.0.0.201904181610/tools/bin/../lib/gcc/arm-none-eabi/7.3.1/thumb/v6-m\libgcc.a(floatunsidf.o)
                0x0000000008001558                __aeabi_ui2d
 .text          0x00000000080015bc      0x108 c:/st/stm32cubeide_1.0.2/stm32cubeide/plugins/com.st.stm32cube.ide.mcu.externaltools.gnu-tools-for-stm32.7-2018-q2-update.win32_1.0.0.201904181610/tools/bin/../lib/gcc/arm-none-eabi/7.3.1/thumb/v6-m\libgcc.a(truncdfsf2.o)
                0x00000000080015bc                __aeabi_d2f
 .text          0x00000000080016c4       0x3c c:/st/stm32cubeide_1.0.2/stm32cubeide/plugins/com.st.stm32cube.ide.mcu.externaltools.gnu-tools-for-stm32.7-2018-q2-update.win32_1.0.0.201904181610/tools/bin/../lib/gcc/arm-none-eabi/7.3.1/thumb/v6-m\libgcc.a(_clzsi2.o)
                0x00000000080016c4                __clzsi2
 *(.text*)
 .text.SPI_CS_LOW
                0x0000000008001700       0x1c Core/Src/TFT_display.o
                0x0000000008001700                SPI_CS_LOW
 .text.SPI_CS_HIGH
                0x000000000800171c       0x1c Core/Src/TFT_display.o
                0x000000000800171c                SPI_CS_HIGH
 .text.SPI_DC_LOW
                0x0000000008001738       0x1c Core/Src/TFT_display.o
                0x0000000008001738                SPI_DC_LOW
 .text.SPI_DC_HIGH
                0x0000000008001754       0x1c Core/Src/TFT_display.o
                0x0000000008001754                SPI_DC_HIGH
 .text.sendCommand
                0x0000000008001770       0x6a Core/Src/TFT_display.o
                0x0000000008001770                sendCommand
 *fill*         0x00000000080017da        0x2 
 .text.HAL_SPI_TxCpltCallback
                0x00000000080017dc       0x28 Core/Src/TFT_display.o
                0x00000000080017dc                HAL_SPI_TxCpltCallback
 .text.displayInit
                0x0000000008001804      0x11a Core/Src/TFT_display.o
                0x0000000008001804                displayInit
 *fill*         0x000000000800191e        0x2 
 .text.TFT_startup
                0x0000000008001920       0x78 Core/Src/TFT_display.o
                0x0000000008001920                TFT_startup
 .text.setAddrWindow
                0x0000000008001998       0xe4 Core/Src/TFT_display.o
                0x0000000008001998                setAddrWindow
 .text.turnDisplayOn
                0x0000000008001a7c       0x1c Core/Src/TFT_display.o
                0x0000000008001a7c                turnDisplayOn
 .text.colorFixer
                0x0000000008001a98       0x48 Core/Src/TFT_display.o
                0x0000000008001a98                colorFixer
 .text.drawHLine
                0x0000000008001ae0      0x14c Core/Src/TFT_display.o
                0x0000000008001ae0                drawHLine
 .text.drawVLine
                0x0000000008001c2c      0x14e Core/Src/TFT_display.o
                0x0000000008001c2c                drawVLine
 .text.drawBuffer
                0x0000000008001d7a       0x94 Core/Src/TFT_display.o
                0x0000000008001d7a                drawBuffer
 .text.drawRect
                0x0000000008001e0e       0xb0 Core/Src/TFT_display.o
                0x0000000008001e0e                drawRect
 .text.fillRect
                0x0000000008001ebe       0x68 Core/Src/TFT_display.o
                0x0000000008001ebe                fillRect
 .text.fillScreen
                0x0000000008001f26       0xf6 Core/Src/TFT_display.o
                0x0000000008001f26                fillScreen
 .text.drawCenteredText
                0x000000000800201c       0xc4 Core/Src/TFT_display.o
                0x000000000800201c                drawCenteredText
 .text.drawCenteredTextWithPadding
                0x00000000080020e0      0x1b0 Core/Src/TFT_display.o
                0x00000000080020e0                drawCenteredTextWithPadding
 .text.clearTextLine
                0x0000000008002290       0x40 Core/Src/TFT_display.o
                0x0000000008002290                clearTextLine
 .text.drawChar
                0x00000000080022d0      0x6a0 Core/Src/TFT_display.o
                0x00000000080022d0                drawChar
 .text.drawText
                0x0000000008002970       0x6c Core/Src/TFT_display.o
                0x0000000008002970                drawText
 .text.drawTextAt
                0x00000000080029dc       0x90 Core/Src/TFT_display.o
                0x00000000080029dc                drawTextAt
 .text.setBackgroundColor
                0x0000000008002a6c       0x20 Core/Src/TFT_display.o
                0x0000000008002a6c                setBackgroundColor
 .text.setCursor
                0x0000000008002a8c       0x34 Core/Src/TFT_display.o
                0x0000000008002a8c                setCursor
 .text.setTextSize
                0x0000000008002ac0       0x20 Core/Src/TFT_display.o
                0x0000000008002ac0                setTextSize
 .text.setTextColor
                0x0000000008002ae0       0x20 Core/Src/TFT_display.o
                0x0000000008002ae0                setTextColor
 .text.clearScreen
                0x0000000008002b00       0x30 Core/Src/TFT_display.o
                0x0000000008002b00                clearScreen
 .text.batteryManager
                0x0000000008002b30       0xac Core/Src/battery.o
                0x0000000008002b30                batteryManager
 .text.getBatteryPercentage
                0x0000000008002bdc      0x118 Core/Src/battery.o
                0x0000000008002bdc                getBatteryPercentage
 .text.search   0x0000000008002cf4       0x64 Core/Src/battery.o
                0x0000000008002cf4                search
 .text.setTime  0x0000000008002d58       0x6a Core/Src/clocks.o
                0x0000000008002d58                setTime
 .text.setDate  0x0000000008002dc2       0x66 Core/Src/clocks.o
                0x0000000008002dc2                setDate
 .text.setDateTime
                0x0000000008002e28       0x2c Core/Src/clocks.o
                0x0000000008002e28                setDateTime
 .text.setAlarm
                0x0000000008002e54       0xaa Core/Src/clocks.o
                0x0000000008002e54                setAlarm
 .text.setClockAlarm
                0x0000000008002efe      0x1ac Core/Src/clocks.o
                0x0000000008002efe                setClockAlarm
 *fill*         0x00000000080030aa        0x2 
 .text.HAL_RTC_AlarmAEventCallback
                0x00000000080030ac       0x34 Core/Src/clocks.o
                0x00000000080030ac                HAL_RTC_AlarmAEventCallback
 .text.HAL_RTCEx_AlarmBEventCallback
                0x00000000080030e0       0x24 Core/Src/clocks.o
                0x00000000080030e0                HAL_RTCEx_AlarmBEventCallback
 .text.getDateTime
                0x0000000008003104       0x98 Core/Src/clocks.o
                0x0000000008003104                getDateTime
 .text.setRTCCalibration
                0x000000000800319c       0xc0 Core/Src/clocks.o
                0x000000000800319c                setRTCCalibration
 .text.timeToSeconds
                0x000000000800325c       0x3e Core/Src/clocks.o
                0x000000000800325c                timeToSeconds
 .text.secondsToTime
                0x000000000800329a       0x5e Core/Src/clocks.o
                0x000000000800329a                secondsToTime
 .text.weekdayCalculator
                0x00000000080032f8       0xa8 Core/Src/clocks.o
                0x00000000080032f8                weekdayCalculator
 .text.maxDaysInMonth
                0x00000000080033a0       0xd4 Core/Src/clocks.o
                0x00000000080033a0                maxDaysInMonth
 .text.main     0x0000000008003474      0x124 Core/Src/main.o
                0x0000000008003474                main
 .text.SystemClock_Config
                0x0000000008003598      0x110 Core/Src/main.o
                0x0000000008003598                SystemClock_Config
 .text.MX_ADC_Init
                0x00000000080036a8       0xc8 Core/Src/main.o
 .text.MX_LPTIM1_Init
                0x0000000008003770       0x50 Core/Src/main.o
 .text.MX_RTC_Init
                0x00000000080037c0      0x174 Core/Src/main.o
 .text.MX_SPI1_Init
                0x0000000008003934       0x78 Core/Src/main.o
 .text.MX_TIM2_Init
                0x00000000080039ac      0x14c Core/Src/main.o
 .text.MX_TIM6_Init
                0x0000000008003af8       0x78 Core/Src/main.o
 .text.MX_TIM21_Init
                0x0000000008003b70      0x130 Core/Src/main.o
 .text.MX_TIM22_Init
                0x0000000008003ca0      0x120 Core/Src/main.o
 .text.MX_DMA_Init
                0x0000000008003dc0       0x3c Core/Src/main.o
 .text.MX_GPIO_Init
                0x0000000008003dfc      0x130 Core/Src/main.o
 .text.Error_Handler
                0x0000000008003f2c        0xa Core/Src/main.o
                0x0000000008003f2c                Error_Handler
 *fill*         0x0000000008003f36        0x2 
 .text.HAL_MspInit
                0x0000000008003f38       0x28 Core/Src/stm32l0xx_hal_msp.o
                0x0000000008003f38                HAL_MspInit
 .text.HAL_ADC_MspInit
                0x0000000008003f60       0x7c Core/Src/stm32l0xx_hal_msp.o
                0x0000000008003f60                HAL_ADC_MspInit
 .text.HAL_LPTIM_MspInit
                0x0000000008003fdc       0x40 Core/Src/stm32l0xx_hal_msp.o
                0x0000000008003fdc                HAL_LPTIM_MspInit
 .text.HAL_RTC_MspInit
                0x000000000800401c       0x7c Core/Src/stm32l0xx_hal_msp.o
                0x000000000800401c                HAL_RTC_MspInit
 .text.HAL_SPI_MspInit
                0x0000000008004098       0xf0 Core/Src/stm32l0xx_hal_msp.o
                0x0000000008004098                HAL_SPI_MspInit
 .text.HAL_TIM_Base_MspInit
                0x0000000008004188       0xc0 Core/Src/stm32l0xx_hal_msp.o
                0x0000000008004188                HAL_TIM_Base_MspInit
 .text.HAL_TIM_MspPostInit
                0x0000000008004248       0x78 Core/Src/stm32l0xx_hal_msp.o
                0x0000000008004248                HAL_TIM_MspPostInit
 .text.NMI_Handler
                0x00000000080042c0        0xa Core/Src/stm32l0xx_it.o
                0x00000000080042c0                NMI_Handler
 .text.HardFault_Handler
                0x00000000080042ca        0x6 Core/Src/stm32l0xx_it.o
                0x00000000080042ca                HardFault_Handler
 .text.SVC_Handler
                0x00000000080042d0        0xa Core/Src/stm32l0xx_it.o
                0x00000000080042d0                SVC_Handler
 .text.PendSV_Handler
                0x00000000080042da        0xa Core/Src/stm32l0xx_it.o
                0x00000000080042da                PendSV_Handler
 .text.SysTick_Handler
                0x00000000080042e4        0xe Core/Src/stm32l0xx_it.o
                0x00000000080042e4                SysTick_Handler
 *fill*         0x00000000080042f2        0x2 
 .text.RTC_IRQHandler
                0x00000000080042f4       0x18 Core/Src/stm32l0xx_it.o
                0x00000000080042f4                RTC_IRQHandler
 .text.EXTI2_3_IRQHandler
                0x000000000800430c       0x10 Core/Src/stm32l0xx_it.o
                0x000000000800430c                EXTI2_3_IRQHandler
 .text.EXTI4_15_IRQHandler
                0x000000000800431c       0x28 Core/Src/stm32l0xx_it.o
                0x000000000800431c                EXTI4_15_IRQHandler
 .text.DMA1_Channel2_3_IRQHandler
                0x0000000008004344       0x18 Core/Src/stm32l0xx_it.o
                0x0000000008004344                DMA1_Channel2_3_IRQHandler
 .text.LPTIM1_IRQHandler
                0x000000000800435c       0x18 Core/Src/stm32l0xx_it.o
                0x000000000800435c                LPTIM1_IRQHandler
 .text.TIM2_IRQHandler
                0x0000000008004374       0x18 Core/Src/stm32l0xx_it.o
                0x0000000008004374                TIM2_IRQHandler
 .text.TIM6_DAC_IRQHandler
                0x000000000800438c       0x18 Core/Src/stm32l0xx_it.o
                0x000000000800438c                TIM6_DAC_IRQHandler
 .text.TIM21_IRQHandler
                0x00000000080043a4       0x18 Core/Src/stm32l0xx_it.o
                0x00000000080043a4                TIM21_IRQHandler
 .text.TIM22_IRQHandler
                0x00000000080043bc       0x18 Core/Src/stm32l0xx_it.o
                0x00000000080043bc                TIM22_IRQHandler
 .text.SPI1_IRQHandler
                0x00000000080043d4       0x18 Core/Src/stm32l0xx_it.o
                0x00000000080043d4                SPI1_IRQHandler
 .text._sbrk    0x00000000080043ec       0x58 Core/Src/sysmem.o
                0x00000000080043ec                _sbrk
 .text.SystemInit
                0x0000000008004444       0x7c Core/Src/system_stm32l0xx.o
                0x0000000008004444                SystemInit
 .text.HAL_TIM_PeriodElapsedCallback
                0x00000000080044c0       0x7c Core/Src/timers.o
                0x00000000080044c0                HAL_TIM_PeriodElapsedCallback
 .text.HAL_TIM_OC_DelayElapsedCallback
                0x000000000800453c      0x134 Core/Src/timers.o
                0x000000000800453c                HAL_TIM_OC_DelayElapsedCallback
 .text.runTimer
                0x0000000008004670       0xb8 Core/Src/timers.o
                0x0000000008004670                runTimer
 .text.pauseTimer
                0x0000000008004728       0x28 Core/Src/timers.o
                0x0000000008004728                pauseTimer
 .text.stopTimer
                0x0000000008004750       0x30 Core/Src/timers.o
                0x0000000008004750                stopTimer
 .text.runStopwatch
                0x0000000008004780       0xcc Core/Src/timers.o
                0x0000000008004780                runStopwatch
 .text.pauseStopwatch
                0x000000000800484c       0x28 Core/Src/timers.o
                0x000000000800484c                pauseStopwatch
 .text.clearStopwatch
                0x0000000008004874       0x40 Core/Src/timers.o
                0x0000000008004874                clearStopwatch
 .text.runTimerStopwatchBase
                0x00000000080048b4       0x18 Core/Src/timers.o
                0x00000000080048b4                runTimerStopwatchBase
 .text.runADCSampler
                0x00000000080048cc       0x24 Core/Src/timers.o
                0x00000000080048cc                runADCSampler
 .text.runMotor
                0x00000000080048f0       0x74 Core/Src/timers.o
                0x00000000080048f0                runMotor
 .text.runBacklightMotorBase
                0x0000000008004964       0x18 Core/Src/timers.o
                0x0000000008004964                runBacklightMotorBase
 .text.HAL_GPIO_EXTI_Callback
                0x000000000800497c       0x90 Core/Src/user_interface.o
                0x000000000800497c                HAL_GPIO_EXTI_Callback
 .text.updateState
                0x0000000008004a0c      0x37c Core/Src/user_interface.o
                0x0000000008004a0c                updateState
 .text.updateClockState
                0x0000000008004d88      0x290 Core/Src/user_interface.o
                0x0000000008004d88                updateClockState
 .text.updateTimerState
                0x0000000008005018      0x2ac Core/Src/user_interface.o
                0x0000000008005018                updateTimerState
 .text.updateAlarmState
                0x00000000080052c4      0x268 Core/Src/user_interface.o
                0x00000000080052c4                updateAlarmState
 .text.updateStopwatchState
                0x000000000800552c       0xd8 Core/Src/user_interface.o
                0x000000000800552c                updateStopwatchState
 .text.updateDisplay
                0x0000000008005604      0x190 Core/Src/user_interface.o
                0x0000000008005604                updateDisplay
 .text.updateClockDisplay
                0x0000000008005794      0x154 Core/Src/user_interface.o
                0x0000000008005794                updateClockDisplay
 .text.updateTimerDisplay
                0x00000000080058e8      0x200 Core/Src/user_interface.o
                0x00000000080058e8                updateTimerDisplay
 .text.updateAlarmDisplay
                0x0000000008005ae8      0x18c Core/Src/user_interface.o
                0x0000000008005ae8                updateAlarmDisplay
 .text.updateStopwatchDisplay
                0x0000000008005c74       0x84 Core/Src/user_interface.o
                0x0000000008005c74                updateStopwatchDisplay
 .text.drawButton
                0x0000000008005cf8       0x8c Core/Src/user_interface.o
                0x0000000008005cf8                drawButton
 .text.drawButtons
                0x0000000008005d84       0x34 Core/Src/user_interface.o
                0x0000000008005d84                drawButtons
 .text.drawButtonText
                0x0000000008005db8       0x58 Core/Src/user_interface.o
                0x0000000008005db8                drawButtonText
 .text.drawTitle
                0x0000000008005e10       0xe8 Core/Src/user_interface.o
                0x0000000008005e10                drawTitle
 .text.drawBattery
                0x0000000008005ef8      0x134 Core/Src/user_interface.o
                0x0000000008005ef8                drawBattery
 .text.drawClock
                0x000000000800602c      0x134 Core/Src/user_interface.o
                0x000000000800602c                drawClock
 .text.drawTimer
                0x0000000008006160       0x4c Core/Src/user_interface.o
                0x0000000008006160                drawTimer
 .text.drawAlarm
                0x00000000080061ac       0x74 Core/Src/user_interface.o
                0x00000000080061ac                drawAlarm
 .text.drawStopwatch
                0x0000000008006220       0x70 Core/Src/user_interface.o
                0x0000000008006220                drawStopwatch
 .text.drawStopwatchLap
                0x0000000008006290       0x70 Core/Src/user_interface.o
                0x0000000008006290                drawStopwatchLap
 .text.initFace
                0x0000000008006300       0x6c Core/Src/user_interface.o
                0x0000000008006300                initFace
 .text.Reset_Handler
                0x000000000800636c       0x50 Core/Startup/startup_stm32l073rztx.o
                0x000000000800636c                Reset_Handler
 .text.Default_Handler
                0x00000000080063bc        0x2 Core/Startup/startup_stm32l073rztx.o
                0x00000000080063bc                TSC_IRQHandler
                0x00000000080063bc                ADC1_COMP_IRQHandler
                0x00000000080063bc                PVD_IRQHandler
                0x00000000080063bc                I2C1_IRQHandler
                0x00000000080063bc                RCC_CRS_IRQHandler
                0x00000000080063bc                I2C2_IRQHandler
                0x00000000080063bc                LCD_IRQHandler
                0x00000000080063bc                DMA1_Channel4_5_6_7_IRQHandler
                0x00000000080063bc                TIM3_IRQHandler
                0x00000000080063bc                DMA1_Channel1_IRQHandler
                0x00000000080063bc                USART4_5_IRQHandler
                0x00000000080063bc                Default_Handler
                0x00000000080063bc                TIM7_IRQHandler
                0x00000000080063bc                EXTI0_1_IRQHandler
                0x00000000080063bc                USB_IRQHandler
                0x00000000080063bc                I2C3_IRQHandler
                0x00000000080063bc                SPI2_IRQHandler
                0x00000000080063bc                WWDG_IRQHandler
                0x00000000080063bc                USART2_IRQHandler
                0x00000000080063bc                FLASH_IRQHandler
                0x00000000080063bc                USART1_IRQHandler
                0x00000000080063bc                RNG_LPUART1_IRQHandler
 *fill*         0x00000000080063be        0x2 
 .text.HAL_Init
                0x00000000080063c0       0x40 Drivers/STM32L0xx_HAL_Driver/Src/stm32l0xx_hal.o
                0x00000000080063c0                HAL_Init
 .text.HAL_InitTick
                0x0000000008006400       0x54 Drivers/STM32L0xx_HAL_Driver/Src/stm32l0xx_hal.o
                0x0000000008006400                HAL_InitTick
 .text.HAL_IncTick
                0x0000000008006454       0x18 Drivers/STM32L0xx_HAL_Driver/Src/stm32l0xx_hal.o
                0x0000000008006454                HAL_IncTick
 .text.HAL_GetTick
                0x000000000800646c       0x14 Drivers/STM32L0xx_HAL_Driver/Src/stm32l0xx_hal.o
                0x000000000800646c                HAL_GetTick
 .text.HAL_Delay
                0x0000000008006480       0x3a Drivers/STM32L0xx_HAL_Driver/Src/stm32l0xx_hal.o
                0x0000000008006480                HAL_Delay
 *fill*         0x00000000080064ba        0x2 
 .text.HAL_ADC_Init
                0x00000000080064bc      0x2e8 Drivers/STM32L0xx_HAL_Driver/Src/stm32l0xx_hal_adc.o
                0x00000000080064bc                HAL_ADC_Init
 .text.HAL_ADC_Stop
                0x00000000080067a4       0x80 Drivers/STM32L0xx_HAL_Driver/Src/stm32l0xx_hal_adc.o
                0x00000000080067a4                HAL_ADC_Stop
 .text.HAL_ADC_PollForConversion
                0x0000000008006824      0x12c Drivers/STM32L0xx_HAL_Driver/Src/stm32l0xx_hal_adc.o
                0x0000000008006824                HAL_ADC_PollForConversion
 .text.HAL_ADC_Start_IT
                0x0000000008006950       0xe4 Drivers/STM32L0xx_HAL_Driver/Src/stm32l0xx_hal_adc.o
                0x0000000008006950                HAL_ADC_Start_IT
 .text.HAL_ADC_GetValue
                0x0000000008006a34       0x16 Drivers/STM32L0xx_HAL_Driver/Src/stm32l0xx_hal_adc.o
                0x0000000008006a34                HAL_ADC_GetValue
 *fill*         0x0000000008006a4a        0x2 
 .text.HAL_ADC_ConfigChannel
                0x0000000008006a4c      0x140 Drivers/STM32L0xx_HAL_Driver/Src/stm32l0xx_hal_adc.o
                0x0000000008006a4c                HAL_ADC_ConfigChannel
 .text.ADC_Enable
                0x0000000008006b8c       0xc0 Drivers/STM32L0xx_HAL_Driver/Src/stm32l0xx_hal_adc.o
 .text.ADC_Disable
                0x0000000008006c4c       0xc0 Drivers/STM32L0xx_HAL_Driver/Src/stm32l0xx_hal_adc.o
 .text.ADC_ConversionStop
                0x0000000008006d0c       0x8c Drivers/STM32L0xx_HAL_Driver/Src/stm32l0xx_hal_adc.o
 .text.ADC_DelayMicroSecond
                0x0000000008006d98       0x3c Drivers/STM32L0xx_HAL_Driver/Src/stm32l0xx_hal_adc.o
 .text.NVIC_EnableIRQ
                0x0000000008006dd4       0x2c Drivers/STM32L0xx_HAL_Driver/Src/stm32l0xx_hal_cortex.o
 .text.NVIC_DisableIRQ
                0x0000000008006e00       0x30 Drivers/STM32L0xx_HAL_Driver/Src/stm32l0xx_hal_cortex.o
 .text.NVIC_ClearPendingIRQ
                0x0000000008006e30       0x30 Drivers/STM32L0xx_HAL_Driver/Src/stm32l0xx_hal_cortex.o
 .text.NVIC_SetPriority
                0x0000000008006e60       0xdc Drivers/STM32L0xx_HAL_Driver/Src/stm32l0xx_hal_cortex.o
 .text.SysTick_Config
                0x0000000008006f3c       0x48 Drivers/STM32L0xx_HAL_Driver/Src/stm32l0xx_hal_cortex.o
 .text.HAL_NVIC_SetPriority
                0x0000000008006f84       0x2a Drivers/STM32L0xx_HAL_Driver/Src/stm32l0xx_hal_cortex.o
                0x0000000008006f84                HAL_NVIC_SetPriority
 .text.HAL_NVIC_EnableIRQ
                0x0000000008006fae       0x20 Drivers/STM32L0xx_HAL_Driver/Src/stm32l0xx_hal_cortex.o
                0x0000000008006fae                HAL_NVIC_EnableIRQ
 .text.HAL_NVIC_DisableIRQ
                0x0000000008006fce       0x20 Drivers/STM32L0xx_HAL_Driver/Src/stm32l0xx_hal_cortex.o
                0x0000000008006fce                HAL_NVIC_DisableIRQ
 .text.HAL_SYSTICK_Config
                0x0000000008006fee       0x1a Drivers/STM32L0xx_HAL_Driver/Src/stm32l0xx_hal_cortex.o
                0x0000000008006fee                HAL_SYSTICK_Config
 .text.HAL_NVIC_ClearPendingIRQ
                0x0000000008007008       0x20 Drivers/STM32L0xx_HAL_Driver/Src/stm32l0xx_hal_cortex.o
                0x0000000008007008                HAL_NVIC_ClearPendingIRQ
 .text.HAL_DMA_Init
                0x0000000008007028       0xf0 Drivers/STM32L0xx_HAL_Driver/Src/stm32l0xx_hal_dma.o
                0x0000000008007028                HAL_DMA_Init
 .text.HAL_DMA_Abort_IT
                0x0000000008007118       0x90 Drivers/STM32L0xx_HAL_Driver/Src/stm32l0xx_hal_dma.o
                0x0000000008007118                HAL_DMA_Abort_IT
 .text.HAL_DMA_IRQHandler
                0x00000000080071a8      0x15c Drivers/STM32L0xx_HAL_Driver/Src/stm32l0xx_hal_dma.o
                0x00000000080071a8                HAL_DMA_IRQHandler
 .text.HAL_GPIO_Init
                0x0000000008007304      0x2fc Drivers/STM32L0xx_HAL_Driver/Src/stm32l0xx_hal_gpio.o
                0x0000000008007304                HAL_GPIO_Init
 .text.HAL_GPIO_ReadPin
                0x0000000008007600       0x3a Drivers/STM32L0xx_HAL_Driver/Src/stm32l0xx_hal_gpio.o
                0x0000000008007600                HAL_GPIO_ReadPin
 .text.HAL_GPIO_WritePin
                0x000000000800763a       0x3a Drivers/STM32L0xx_HAL_Driver/Src/stm32l0xx_hal_gpio.o
                0x000000000800763a                HAL_GPIO_WritePin
 .text.HAL_GPIO_TogglePin
                0x0000000008007674       0x24 Drivers/STM32L0xx_HAL_Driver/Src/stm32l0xx_hal_gpio.o
                0x0000000008007674                HAL_GPIO_TogglePin
 .text.HAL_GPIO_EXTI_IRQHandler
                0x0000000008007698       0x38 Drivers/STM32L0xx_HAL_Driver/Src/stm32l0xx_hal_gpio.o
                0x0000000008007698                HAL_GPIO_EXTI_IRQHandler
 .text.HAL_LPTIM_Init
                0x00000000080076d0      0x100 Drivers/STM32L0xx_HAL_Driver/Src/stm32l0xx_hal_lptim.o
                0x00000000080076d0                HAL_LPTIM_Init
 .text.HAL_LPTIM_IRQHandler
                0x00000000080077d0      0x144 Drivers/STM32L0xx_HAL_Driver/Src/stm32l0xx_hal_lptim.o
                0x00000000080077d0                HAL_LPTIM_IRQHandler
 .text.HAL_LPTIM_CompareMatchCallback
                0x0000000008007914       0x10 Drivers/STM32L0xx_HAL_Driver/Src/stm32l0xx_hal_lptim.o
                0x0000000008007914                HAL_LPTIM_CompareMatchCallback
 .text.HAL_LPTIM_AutoReloadMatchCallback
                0x0000000008007924       0x10 Drivers/STM32L0xx_HAL_Driver/Src/stm32l0xx_hal_lptim.o
                0x0000000008007924                HAL_LPTIM_AutoReloadMatchCallback
 .text.HAL_LPTIM_TriggerCallback
                0x0000000008007934       0x10 Drivers/STM32L0xx_HAL_Driver/Src/stm32l0xx_hal_lptim.o
                0x0000000008007934                HAL_LPTIM_TriggerCallback
 .text.HAL_LPTIM_CompareWriteCallback
                0x0000000008007944       0x10 Drivers/STM32L0xx_HAL_Driver/Src/stm32l0xx_hal_lptim.o
                0x0000000008007944                HAL_LPTIM_CompareWriteCallback
 .text.HAL_LPTIM_AutoReloadWriteCallback
                0x0000000008007954       0x10 Drivers/STM32L0xx_HAL_Driver/Src/stm32l0xx_hal_lptim.o
                0x0000000008007954                HAL_LPTIM_AutoReloadWriteCallback
 .text.HAL_LPTIM_DirectionUpCallback
                0x0000000008007964       0x10 Drivers/STM32L0xx_HAL_Driver/Src/stm32l0xx_hal_lptim.o
                0x0000000008007964                HAL_LPTIM_DirectionUpCallback
 .text.HAL_LPTIM_DirectionDownCallback
                0x0000000008007974       0x10 Drivers/STM32L0xx_HAL_Driver/Src/stm32l0xx_hal_lptim.o
                0x0000000008007974                HAL_LPTIM_DirectionDownCallback
 .text.HAL_PWR_EnableBkUpAccess
                0x0000000008007984       0x1c Drivers/STM32L0xx_HAL_Driver/Src/stm32l0xx_hal_pwr.o
                0x0000000008007984                HAL_PWR_EnableBkUpAccess
 .text.HAL_RCC_OscConfig
                0x00000000080079a0      0x7a0 Drivers/STM32L0xx_HAL_Driver/Src/stm32l0xx_hal_rcc.o
                0x00000000080079a0                HAL_RCC_OscConfig
 .text.HAL_RCC_ClockConfig
                0x0000000008008140      0x254 Drivers/STM32L0xx_HAL_Driver/Src/stm32l0xx_hal_rcc.o
                0x0000000008008140                HAL_RCC_ClockConfig
 .text.HAL_RCC_GetSysClockFreq
                0x0000000008008394      0x108 Drivers/STM32L0xx_HAL_Driver/Src/stm32l0xx_hal_rcc.o
                0x0000000008008394                HAL_RCC_GetSysClockFreq
 .text.HAL_RCCEx_PeriphCLKConfig
                0x000000000800849c      0x2e8 Drivers/STM32L0xx_HAL_Driver/Src/stm32l0xx_hal_rcc_ex.o
                0x000000000800849c                HAL_RCCEx_PeriphCLKConfig
 .text.HAL_RTC_Init
                0x0000000008008784      0x13c Drivers/STM32L0xx_HAL_Driver/Src/stm32l0xx_hal_rtc.o
                0x0000000008008784                HAL_RTC_Init
 .text.HAL_RTC_SetTime
                0x00000000080088c0      0x188 Drivers/STM32L0xx_HAL_Driver/Src/stm32l0xx_hal_rtc.o
                0x00000000080088c0                HAL_RTC_SetTime
 .text.HAL_RTC_GetTime
                0x0000000008008a48       0xb8 Drivers/STM32L0xx_HAL_Driver/Src/stm32l0xx_hal_rtc.o
                0x0000000008008a48                HAL_RTC_GetTime
 .text.HAL_RTC_SetDate
                0x0000000008008b00      0x15c Drivers/STM32L0xx_HAL_Driver/Src/stm32l0xx_hal_rtc.o
                0x0000000008008b00                HAL_RTC_SetDate
 .text.HAL_RTC_GetDate
                0x0000000008008c5c       0x9c Drivers/STM32L0xx_HAL_Driver/Src/stm32l0xx_hal_rtc.o
                0x0000000008008c5c                HAL_RTC_GetDate
 .text.HAL_RTC_SetAlarm_IT
                0x0000000008008cf8      0x298 Drivers/STM32L0xx_HAL_Driver/Src/stm32l0xx_hal_rtc.o
                0x0000000008008cf8                HAL_RTC_SetAlarm_IT
 .text.HAL_RTC_DeactivateAlarm
                0x0000000008008f90      0x140 Drivers/STM32L0xx_HAL_Driver/Src/stm32l0xx_hal_rtc.o
                0x0000000008008f90                HAL_RTC_DeactivateAlarm
 .text.HAL_RTC_AlarmIRQHandler
                0x00000000080090d0       0x9c Drivers/STM32L0xx_HAL_Driver/Src/stm32l0xx_hal_rtc.o
                0x00000000080090d0                HAL_RTC_AlarmIRQHandler
 .text.HAL_RTC_WaitForSynchro
                0x000000000800916c       0x4e Drivers/STM32L0xx_HAL_Driver/Src/stm32l0xx_hal_rtc.o
                0x000000000800916c                HAL_RTC_WaitForSynchro
 .text.RTC_EnterInitMode
                0x00000000080091ba       0x54 Drivers/STM32L0xx_HAL_Driver/Src/stm32l0xx_hal_rtc.o
                0x00000000080091ba                RTC_EnterInitMode
 .text.RTC_ByteToBcd2
                0x000000000800920e       0x52 Drivers/STM32L0xx_HAL_Driver/Src/stm32l0xx_hal_rtc.o
                0x000000000800920e                RTC_ByteToBcd2
 .text.RTC_Bcd2ToByte
                0x0000000008009260       0x3a Drivers/STM32L0xx_HAL_Driver/Src/stm32l0xx_hal_rtc.o
                0x0000000008009260                RTC_Bcd2ToByte
 .text.HAL_RTCEx_SetSmoothCalib
                0x000000000800929a       0xc4 Drivers/STM32L0xx_HAL_Driver/Src/stm32l0xx_hal_rtc_ex.o
                0x000000000800929a                HAL_RTCEx_SetSmoothCalib
 *fill*         0x000000000800935e        0x2 
 .text.HAL_RTCEx_SetCalibrationOutPut
                0x0000000008009360       0x90 Drivers/STM32L0xx_HAL_Driver/Src/stm32l0xx_hal_rtc_ex.o
                0x0000000008009360                HAL_RTCEx_SetCalibrationOutPut
 .text.HAL_SPI_Init
                0x00000000080093f0       0xd4 Drivers/STM32L0xx_HAL_Driver/Src/stm32l0xx_hal_spi.o
                0x00000000080093f0                HAL_SPI_Init
 .text.HAL_SPI_Transmit
                0x00000000080094c4      0x29c Drivers/STM32L0xx_HAL_Driver/Src/stm32l0xx_hal_spi.o
                0x00000000080094c4                HAL_SPI_Transmit
 .text.HAL_SPI_Transmit_IT
                0x0000000008009760      0x11c Drivers/STM32L0xx_HAL_Driver/Src/stm32l0xx_hal_spi.o
                0x0000000008009760                HAL_SPI_Transmit_IT
 .text.HAL_SPI_IRQHandler
                0x000000000800987c      0x1fc Drivers/STM32L0xx_HAL_Driver/Src/stm32l0xx_hal_spi.o
                0x000000000800987c                HAL_SPI_IRQHandler
 .text.HAL_SPI_ErrorCallback
                0x0000000008009a78       0x10 Drivers/STM32L0xx_HAL_Driver/Src/stm32l0xx_hal_spi.o
                0x0000000008009a78                HAL_SPI_ErrorCallback
 .text.HAL_SPI_GetState
                0x0000000008009a88       0x18 Drivers/STM32L0xx_HAL_Driver/Src/stm32l0xx_hal_spi.o
                0x0000000008009a88                HAL_SPI_GetState
 .text.SPI_DMAAbortOnError
                0x0000000008009aa0       0x2a Drivers/STM32L0xx_HAL_Driver/Src/stm32l0xx_hal_spi.o
 .text.SPI_TxISR_8BIT
                0x0000000008009aca       0x48 Drivers/STM32L0xx_HAL_Driver/Src/stm32l0xx_hal_spi.o
 .text.SPI_TxISR_16BIT
                0x0000000008009b12       0x46 Drivers/STM32L0xx_HAL_Driver/Src/stm32l0xx_hal_spi.o
 .text.SPI_WaitFlagStateUntilTimeout
                0x0000000008009b58       0xe0 Drivers/STM32L0xx_HAL_Driver/Src/stm32l0xx_hal_spi.o
 .text.SPI_EndRxTxTransaction
                0x0000000008009c38       0x7a Drivers/STM32L0xx_HAL_Driver/Src/stm32l0xx_hal_spi.o
 *fill*         0x0000000008009cb2        0x2 
 .text.SPI_CloseTx_ISR
                0x0000000008009cb4       0xc8 Drivers/STM32L0xx_HAL_Driver/Src/stm32l0xx_hal_spi.o
 .text.HAL_TIM_Base_Init
                0x0000000008009d7c       0x58 Drivers/STM32L0xx_HAL_Driver/Src/stm32l0xx_hal_tim.o
                0x0000000008009d7c                HAL_TIM_Base_Init
 .text.HAL_TIM_Base_Start
                0x0000000008009dd4       0x44 Drivers/STM32L0xx_HAL_Driver/Src/stm32l0xx_hal_tim.o
                0x0000000008009dd4                HAL_TIM_Base_Start
 .text.HAL_TIM_Base_Start_IT
                0x0000000008009e18       0x44 Drivers/STM32L0xx_HAL_Driver/Src/stm32l0xx_hal_tim.o
                0x0000000008009e18                HAL_TIM_Base_Start_IT
 .text.HAL_TIM_Base_Stop_IT
                0x0000000008009e5c       0x44 Drivers/STM32L0xx_HAL_Driver/Src/stm32l0xx_hal_tim.o
                0x0000000008009e5c                HAL_TIM_Base_Stop_IT
 .text.HAL_TIM_OC_Init
                0x0000000008009ea0       0x58 Drivers/STM32L0xx_HAL_Driver/Src/stm32l0xx_hal_tim.o
                0x0000000008009ea0                HAL_TIM_OC_Init
 .text.HAL_TIM_OC_MspInit
                0x0000000008009ef8       0x10 Drivers/STM32L0xx_HAL_Driver/Src/stm32l0xx_hal_tim.o
                0x0000000008009ef8                HAL_TIM_OC_MspInit
 .text.HAL_TIM_OC_Start_IT
                0x0000000008009f08       0xa4 Drivers/STM32L0xx_HAL_Driver/Src/stm32l0xx_hal_tim.o
                0x0000000008009f08                HAL_TIM_OC_Start_IT
 .text.HAL_TIM_OC_Stop_IT
                0x0000000008009fac       0xa4 Drivers/STM32L0xx_HAL_Driver/Src/stm32l0xx_hal_tim.o
                0x0000000008009fac                HAL_TIM_OC_Stop_IT
 .text.HAL_TIM_PWM_Init
                0x000000000800a050       0x58 Drivers/STM32L0xx_HAL_Driver/Src/stm32l0xx_hal_tim.o
                0x000000000800a050                HAL_TIM_PWM_Init
 .text.HAL_TIM_PWM_MspInit
                0x000000000800a0a8       0x10 Drivers/STM32L0xx_HAL_Driver/Src/stm32l0xx_hal_tim.o
                0x000000000800a0a8                HAL_TIM_PWM_MspInit
 .text.HAL_TIM_IRQHandler
                0x000000000800a0b8      0x1d0 Drivers/STM32L0xx_HAL_Driver/Src/stm32l0xx_hal_tim.o
                0x000000000800a0b8                HAL_TIM_IRQHandler
 .text.HAL_TIM_OC_ConfigChannel
                0x000000000800a288       0x9c Drivers/STM32L0xx_HAL_Driver/Src/stm32l0xx_hal_tim.o
                0x000000000800a288                HAL_TIM_OC_ConfigChannel
 .text.HAL_TIM_PWM_ConfigChannel
                0x000000000800a324      0x170 Drivers/STM32L0xx_HAL_Driver/Src/stm32l0xx_hal_tim.o
                0x000000000800a324                HAL_TIM_PWM_ConfigChannel
 .text.HAL_TIM_ConfigClockSource
                0x000000000800a494      0x17c Drivers/STM32L0xx_HAL_Driver/Src/stm32l0xx_hal_tim.o
                0x000000000800a494                HAL_TIM_ConfigClockSource
 .text.HAL_TIM_IC_CaptureCallback
                0x000000000800a610       0x10 Drivers/STM32L0xx_HAL_Driver/Src/stm32l0xx_hal_tim.o
                0x000000000800a610                HAL_TIM_IC_CaptureCallback
 .text.HAL_TIM_PWM_PulseFinishedCallback
                0x000000000800a620       0x10 Drivers/STM32L0xx_HAL_Driver/Src/stm32l0xx_hal_tim.o
                0x000000000800a620                HAL_TIM_PWM_PulseFinishedCallback
 .text.HAL_TIM_TriggerCallback
                0x000000000800a630       0x10 Drivers/STM32L0xx_HAL_Driver/Src/stm32l0xx_hal_tim.o
                0x000000000800a630                HAL_TIM_TriggerCallback
 .text.TIM_Base_SetConfig
                0x000000000800a640       0xbc Drivers/STM32L0xx_HAL_Driver/Src/stm32l0xx_hal_tim.o
 .text.TIM_OC1_SetConfig
                0x000000000800a6fc       0x78 Drivers/STM32L0xx_HAL_Driver/Src/stm32l0xx_hal_tim.o
 .text.TIM_OC2_SetConfig
                0x000000000800a774       0x84 Drivers/STM32L0xx_HAL_Driver/Src/stm32l0xx_hal_tim.o
 .text.TIM_OC3_SetConfig
                0x000000000800a7f8       0x80 Drivers/STM32L0xx_HAL_Driver/Src/stm32l0xx_hal_tim.o
 .text.TIM_OC4_SetConfig
                0x000000000800a878       0x8c Drivers/STM32L0xx_HAL_Driver/Src/stm32l0xx_hal_tim.o
 .text.TIM_TI1_ConfigInputStage
                0x000000000800a904       0x5c Drivers/STM32L0xx_HAL_Driver/Src/stm32l0xx_hal_tim.o
 .text.TIM_TI2_ConfigInputStage
                0x000000000800a960       0x64 Drivers/STM32L0xx_HAL_Driver/Src/stm32l0xx_hal_tim.o
 .text.TIM_ITRx_SetConfig
                0x000000000800a9c4       0x32 Drivers/STM32L0xx_HAL_Driver/Src/stm32l0xx_hal_tim.o
 *fill*         0x000000000800a9f6        0x2 
 .text.TIM_ETR_SetConfig
                0x000000000800a9f8       0x40 Drivers/STM32L0xx_HAL_Driver/Src/stm32l0xx_hal_tim.o
 .text.TIM_CCxChannelCmd
                0x000000000800aa38       0x46 Drivers/STM32L0xx_HAL_Driver/Src/stm32l0xx_hal_tim.o
 .text.HAL_TIMEx_MasterConfigSynchronization
                0x000000000800aa7e       0x86 Drivers/STM32L0xx_HAL_Driver/Src/stm32l0xx_hal_tim_ex.o
                0x000000000800aa7e                HAL_TIMEx_MasterConfigSynchronization
 .text.HAL_TIMEx_RemapConfig
                0x000000000800ab04       0x3a Drivers/STM32L0xx_HAL_Driver/Src/stm32l0xx_hal_tim_ex.o
                0x000000000800ab04                HAL_TIMEx_RemapConfig
 *fill*         0x000000000800ab3e        0x2 
 .text.calloc   0x000000000800ab40       0x14 c:/st/stm32cubeide_1.0.2/stm32cubeide/plugins/com.st.stm32cube.ide.mcu.externaltools.gnu-tools-for-stm32.7-2018-q2-update.win32_1.0.0.201904181610/tools/bin/../lib/gcc/arm-none-eabi/7.3.1/../../../../arm-none-eabi/lib/thumb/v6-m\libc_nano.a(lib_a-calloc.o)
                0x000000000800ab40                calloc
 .text.__errno  0x000000000800ab54        0xc c:/st/stm32cubeide_1.0.2/stm32cubeide/plugins/com.st.stm32cube.ide.mcu.externaltools.gnu-tools-for-stm32.7-2018-q2-update.win32_1.0.0.201904181610/tools/bin/../lib/gcc/arm-none-eabi/7.3.1/../../../../arm-none-eabi/lib/thumb/v6-m\libc_nano.a(lib_a-errno.o)
                0x000000000800ab54                __errno
 .text.__libc_init_array
                0x000000000800ab60       0x48 c:/st/stm32cubeide_1.0.2/stm32cubeide/plugins/com.st.stm32cube.ide.mcu.externaltools.gnu-tools-for-stm32.7-2018-q2-update.win32_1.0.0.201904181610/tools/bin/../lib/gcc/arm-none-eabi/7.3.1/../../../../arm-none-eabi/lib/thumb/v6-m\libc_nano.a(lib_a-init.o)
                0x000000000800ab60                __libc_init_array
 .text.memcpy   0x000000000800aba8       0x12 c:/st/stm32cubeide_1.0.2/stm32cubeide/plugins/com.st.stm32cube.ide.mcu.externaltools.gnu-tools-for-stm32.7-2018-q2-update.win32_1.0.0.201904181610/tools/bin/../lib/gcc/arm-none-eabi/7.3.1/../../../../arm-none-eabi/lib/thumb/v6-m\libc_nano.a(lib_a-memcpy-stub.o)
                0x000000000800aba8                memcpy
 .text.memset   0x000000000800abba       0x10 c:/st/stm32cubeide_1.0.2/stm32cubeide/plugins/com.st.stm32cube.ide.mcu.externaltools.gnu-tools-for-stm32.7-2018-q2-update.win32_1.0.0.201904181610/tools/bin/../lib/gcc/arm-none-eabi/7.3.1/../../../../arm-none-eabi/lib/thumb/v6-m\libc_nano.a(lib_a-memset.o)
                0x000000000800abba                memset
 .text._calloc_r
                0x000000000800abca       0x1c c:/st/stm32cubeide_1.0.2/stm32cubeide/plugins/com.st.stm32cube.ide.mcu.externaltools.gnu-tools-for-stm32.7-2018-q2-update.win32_1.0.0.201904181610/tools/bin/../lib/gcc/arm-none-eabi/7.3.1/../../../../arm-none-eabi/lib/thumb/v6-m\libc_nano.a(lib_a-nano-callocr.o)
                0x000000000800abca                _calloc_r
 *fill*         0x000000000800abe6        0x2 
 .text._malloc_r
                0x000000000800abe8       0xbc c:/st/stm32cubeide_1.0.2/stm32cubeide/plugins/com.st.stm32cube.ide.mcu.externaltools.gnu-tools-for-stm32.7-2018-q2-update.win32_1.0.0.201904181610/tools/bin/../lib/gcc/arm-none-eabi/7.3.1/../../../../arm-none-eabi/lib/thumb/v6-m\libc_nano.a(lib_a-nano-mallocr.o)
                0x000000000800abe8                _malloc_r
 .text._sbrk_r  0x000000000800aca4       0x24 c:/st/stm32cubeide_1.0.2/stm32cubeide/plugins/com.st.stm32cube.ide.mcu.externaltools.gnu-tools-for-stm32.7-2018-q2-update.win32_1.0.0.201904181610/tools/bin/../lib/gcc/arm-none-eabi/7.3.1/../../../../arm-none-eabi/lib/thumb/v6-m\libc_nano.a(lib_a-sbrkr.o)
                0x000000000800aca4                _sbrk_r
 .text.sprintf  0x000000000800acc8       0x40 c:/st/stm32cubeide_1.0.2/stm32cubeide/plugins/com.st.stm32cube.ide.mcu.externaltools.gnu-tools-for-stm32.7-2018-q2-update.win32_1.0.0.201904181610/tools/bin/../lib/gcc/arm-none-eabi/7.3.1/../../../../arm-none-eabi/lib/thumb/v6-m\libc_nano.a(lib_a-sprintf.o)
                0x000000000800acc8                siprintf
                0x000000000800acc8                sprintf
 .text.__malloc_lock
                0x000000000800ad08        0x2 c:/st/stm32cubeide_1.0.2/stm32cubeide/plugins/com.st.stm32cube.ide.mcu.externaltools.gnu-tools-for-stm32.7-2018-q2-update.win32_1.0.0.201904181610/tools/bin/../lib/gcc/arm-none-eabi/7.3.1/../../../../arm-none-eabi/lib/thumb/v6-m\libc_nano.a(lib_a-mlock.o)
                0x000000000800ad08                __malloc_lock
 .text.__malloc_unlock
                0x000000000800ad0a        0x2 c:/st/stm32cubeide_1.0.2/stm32cubeide/plugins/com.st.stm32cube.ide.mcu.externaltools.gnu-tools-for-stm32.7-2018-q2-update.win32_1.0.0.201904181610/tools/bin/../lib/gcc/arm-none-eabi/7.3.1/../../../../arm-none-eabi/lib/thumb/v6-m\libc_nano.a(lib_a-mlock.o)
                0x000000000800ad0a                __malloc_unlock
 .text.__ssputs_r
                0x000000000800ad0c       0xc4 c:/st/stm32cubeide_1.0.2/stm32cubeide/plugins/com.st.stm32cube.ide.mcu.externaltools.gnu-tools-for-stm32.7-2018-q2-update.win32_1.0.0.201904181610/tools/bin/../lib/gcc/arm-none-eabi/7.3.1/../../../../arm-none-eabi/lib/thumb/v6-m\libc_nano.a(lib_a-nano-svfprintf.o)
                0x000000000800ad0c                __ssputs_r
 .text._svfprintf_r
                0x000000000800add0      0x1fc c:/st/stm32cubeide_1.0.2/stm32cubeide/plugins/com.st.stm32cube.ide.mcu.externaltools.gnu-tools-for-stm32.7-2018-q2-update.win32_1.0.0.201904181610/tools/bin/../lib/gcc/arm-none-eabi/7.3.1/../../../../arm-none-eabi/lib/thumb/v6-m\libc_nano.a(lib_a-nano-svfprintf.o)
                0x000000000800add0                _svfiprintf_r
                0x000000000800add0                _svfprintf_r
 .text._printf_common
                0x000000000800afcc       0xda c:/st/stm32cubeide_1.0.2/stm32cubeide/plugins/com.st.stm32cube.ide.mcu.externaltools.gnu-tools-for-stm32.7-2018-q2-update.win32_1.0.0.201904181610/tools/bin/../lib/gcc/arm-none-eabi/7.3.1/../../../../arm-none-eabi/lib/thumb/v6-m\libc_nano.a(lib_a-nano-vfprintf_i.o)
                0x000000000800afcc                _printf_common
 *fill*         0x000000000800b0a6        0x2 
 .text._printf_i
                0x000000000800b0a8      0x210 c:/st/stm32cubeide_1.0.2/stm32cubeide/plugins/com.st.stm32cube.ide.mcu.externaltools.gnu-tools-for-stm32.7-2018-q2-update.win32_1.0.0.201904181610/tools/bin/../lib/gcc/arm-none-eabi/7.3.1/../../../../arm-none-eabi/lib/thumb/v6-m\libc_nano.a(lib_a-nano-vfprintf_i.o)
                0x000000000800b0a8                _printf_i
 .text.memchr   0x000000000800b2b8       0x16 c:/st/stm32cubeide_1.0.2/stm32cubeide/plugins/com.st.stm32cube.ide.mcu.externaltools.gnu-tools-for-stm32.7-2018-q2-update.win32_1.0.0.201904181610/tools/bin/../lib/gcc/arm-none-eabi/7.3.1/../../../../arm-none-eabi/lib/thumb/v6-m\libc_nano.a(lib_a-memchr-stub.o)
                0x000000000800b2b8                memchr
 .text.memmove  0x000000000800b2ce       0x26 c:/st/stm32cubeide_1.0.2/stm32cubeide/plugins/com.st.stm32cube.ide.mcu.externaltools.gnu-tools-for-stm32.7-2018-q2-update.win32_1.0.0.201904181610/tools/bin/../lib/gcc/arm-none-eabi/7.3.1/../../../../arm-none-eabi/lib/thumb/v6-m\libc_nano.a(lib_a-memmove.o)
                0x000000000800b2ce                memmove
 .text._free_r  0x000000000800b2f4       0x94 c:/st/stm32cubeide_1.0.2/stm32cubeide/plugins/com.st.stm32cube.ide.mcu.externaltools.gnu-tools-for-stm32.7-2018-q2-update.win32_1.0.0.201904181610/tools/bin/../lib/gcc/arm-none-eabi/7.3.1/../../../../arm-none-eabi/lib/thumb/v6-m\libc_nano.a(lib_a-nano-freer.o)
                0x000000000800b2f4                _free_r
 .text._realloc_r
                0x000000000800b388       0x4c c:/st/stm32cubeide_1.0.2/stm32cubeide/plugins/com.st.stm32cube.ide.mcu.externaltools.gnu-tools-for-stm32.7-2018-q2-update.win32_1.0.0.201904181610/tools/bin/../lib/gcc/arm-none-eabi/7.3.1/../../../../arm-none-eabi/lib/thumb/v6-m\libc_nano.a(lib_a-nano-reallocr.o)
                0x000000000800b388                _realloc_r
 .text._malloc_usable_size_r
                0x000000000800b3d4       0x10 c:/st/stm32cubeide_1.0.2/stm32cubeide/plugins/com.st.stm32cube.ide.mcu.externaltools.gnu-tools-for-stm32.7-2018-q2-update.win32_1.0.0.201904181610/tools/bin/../lib/gcc/arm-none-eabi/7.3.1/../../../../arm-none-eabi/lib/thumb/v6-m\libc_nano.a(lib_a-nano-msizer.o)
                0x000000000800b3d4                _malloc_usable_size_r
 *(.glue_7)
 .glue_7        0x000000000800b3e4        0x0 linker stubs
 *(.glue_7t)
 .glue_7t       0x000000000800b3e4        0x0 linker stubs
 *(.eh_frame)
 .eh_frame      0x000000000800b3e4        0x0 c:/st/stm32cubeide_1.0.2/stm32cubeide/plugins/com.st.stm32cube.ide.mcu.externaltools.gnu-tools-for-stm32.7-2018-q2-update.win32_1.0.0.201904181610/tools/bin/../lib/gcc/arm-none-eabi/7.3.1/thumb/v6-m/crtbegin.o
 *(.init)
 .init          0x000000000800b3e4        0x4 c:/st/stm32cubeide_1.0.2/stm32cubeide/plugins/com.st.stm32cube.ide.mcu.externaltools.gnu-tools-for-stm32.7-2018-q2-update.win32_1.0.0.201904181610/tools/bin/../lib/gcc/arm-none-eabi/7.3.1/thumb/v6-m/crti.o
                0x000000000800b3e4                _init
 .init          0x000000000800b3e8        0x8 c:/st/stm32cubeide_1.0.2/stm32cubeide/plugins/com.st.stm32cube.ide.mcu.externaltools.gnu-tools-for-stm32.7-2018-q2-update.win32_1.0.0.201904181610/tools/bin/../lib/gcc/arm-none-eabi/7.3.1/thumb/v6-m/crtn.o
 *(.fini)
 .fini          0x000000000800b3f0        0x4 c:/st/stm32cubeide_1.0.2/stm32cubeide/plugins/com.st.stm32cube.ide.mcu.externaltools.gnu-tools-for-stm32.7-2018-q2-update.win32_1.0.0.201904181610/tools/bin/../lib/gcc/arm-none-eabi/7.3.1/thumb/v6-m/crti.o
                0x000000000800b3f0                _fini
 .fini          0x000000000800b3f4        0x8 c:/st/stm32cubeide_1.0.2/stm32cubeide/plugins/com.st.stm32cube.ide.mcu.externaltools.gnu-tools-for-stm32.7-2018-q2-update.win32_1.0.0.201904181610/tools/bin/../lib/gcc/arm-none-eabi/7.3.1/thumb/v6-m/crtn.o
                0x000000000800b3fc                . = ALIGN (0x4)
                0x000000000800b3fc                _etext = .

.vfp11_veneer   0x000000000800b3fc        0x0
 .vfp11_veneer  0x000000000800b3fc        0x0 linker stubs

.v4_bx          0x000000000800b3fc        0x0
 .v4_bx         0x000000000800b3fc        0x0 linker stubs

.iplt           0x000000000800b3fc        0x0
 .iplt          0x000000000800b3fc        0x0 c:/st/stm32cubeide_1.0.2/stm32cubeide/plugins/com.st.stm32cube.ide.mcu.externaltools.gnu-tools-for-stm32.7-2018-q2-update.win32_1.0.0.201904181610/tools/bin/../lib/gcc/arm-none-eabi/7.3.1/thumb/v6-m/crtbegin.o

.rodata         0x000000000800b3fc      0xba0
                0x000000000800b3fc                . = ALIGN (0x4)
 *(.rodata)
 .rodata        0x000000000800b3fc       0x71 Core/Src/TFT_display.o
 *fill*         0x000000000800b46d        0x3 
 .rodata        0x000000000800b470      0x201 Core/Src/user_interface.o
 *fill*         0x000000000800b671        0x3 
 .rodata        0x000000000800b674       0x40 c:/st/stm32cubeide_1.0.2/stm32cubeide/plugins/com.st.stm32cube.ide.mcu.externaltools.gnu-tools-for-stm32.7-2018-q2-update.win32_1.0.0.201904181610/tools/bin/../lib/gcc/arm-none-eabi/7.3.1/thumb/v6-m\libgcc.a(divdf3.o)
 .rodata        0x000000000800b6b4       0x40 c:/st/stm32cubeide_1.0.2/stm32cubeide/plugins/com.st.stm32cube.ide.mcu.externaltools.gnu-tools-for-stm32.7-2018-q2-update.win32_1.0.0.201904181610/tools/bin/../lib/gcc/arm-none-eabi/7.3.1/thumb/v6-m\libgcc.a(muldf3.o)
 *(.rodata*)
 .rodata.batteryCapacity
                0x000000000800b6f4      0x2cc Core/Src/battery.o
 .rodata.font   0x000000000800b9c0      0x500 Core/Src/font.o
                0x000000000800b9c0                font
 .rodata.AHBPrescTable
                0x000000000800bec0       0x10 Core/Src/system_stm32l0xx.o
                0x000000000800bec0                AHBPrescTable
 .rodata.PLLMulTable
                0x000000000800bed0        0x9 Core/Src/system_stm32l0xx.o
                0x000000000800bed0                PLLMulTable
 *fill*         0x000000000800bed9        0x3 
 .rodata.HAL_TIM_OC_DelayElapsedCallback
                0x000000000800bedc       0x1c Core/Src/timers.o
 .rodata.updateState
                0x000000000800bef8       0x28 Core/Src/user_interface.o
 .rodata.updateClockState
                0x000000000800bf20       0x30 Core/Src/user_interface.o
 .rodata.updateClockDisplay
                0x000000000800bf50       0x18 Core/Src/user_interface.o
 .rodata._svfprintf_r.str1.1
                0x000000000800bf68       0x11 c:/st/stm32cubeide_1.0.2/stm32cubeide/plugins/com.st.stm32cube.ide.mcu.externaltools.gnu-tools-for-stm32.7-2018-q2-update.win32_1.0.0.201904181610/tools/bin/../lib/gcc/arm-none-eabi/7.3.1/../../../../arm-none-eabi/lib/thumb/v6-m\libc_nano.a(lib_a-nano-svfprintf.o)
 .rodata._printf_i.str1.1
                0x000000000800bf79       0x22 c:/st/stm32cubeide_1.0.2/stm32cubeide/plugins/com.st.stm32cube.ide.mcu.externaltools.gnu-tools-for-stm32.7-2018-q2-update.win32_1.0.0.201904181610/tools/bin/../lib/gcc/arm-none-eabi/7.3.1/../../../../arm-none-eabi/lib/thumb/v6-m\libc_nano.a(lib_a-nano-vfprintf_i.o)
                0x000000000800bf9c                . = ALIGN (0x4)
 *fill*         0x000000000800bf9b        0x1 

.rel.dyn        0x000000000800bf9c        0x0
 .rel.iplt      0x000000000800bf9c        0x0 c:/st/stm32cubeide_1.0.2/stm32cubeide/plugins/com.st.stm32cube.ide.mcu.externaltools.gnu-tools-for-stm32.7-2018-q2-update.win32_1.0.0.201904181610/tools/bin/../lib/gcc/arm-none-eabi/7.3.1/thumb/v6-m/crtbegin.o

.ARM.extab      0x000000000800bf9c        0x0
                0x000000000800bf9c                . = ALIGN (0x4)
 *(.ARM.extab* .gnu.linkonce.armextab.*)
                0x000000000800bf9c                . = ALIGN (0x4)

.ARM            0x000000000800bf9c        0x0
                0x000000000800bf9c                . = ALIGN (0x4)
                0x000000000800bf9c                __exidx_start = .
 *(.ARM.exidx*)
                0x000000000800bf9c                __exidx_end = .
                0x000000000800bf9c                . = ALIGN (0x4)

.preinit_array  0x000000000800bf9c        0x0
                0x000000000800bf9c                . = ALIGN (0x4)
                0x000000000800bf9c                PROVIDE (__preinit_array_start = .)
 *(.preinit_array*)
                0x000000000800bf9c                PROVIDE (__preinit_array_end = .)
                0x000000000800bf9c                . = ALIGN (0x4)

.init_array     0x000000000800bf9c        0x4
                0x000000000800bf9c                . = ALIGN (0x4)
                0x000000000800bf9c                PROVIDE (__init_array_start = .)
 *(SORT_BY_NAME(.init_array.*))
 *(.init_array*)
 .init_array    0x000000000800bf9c        0x4 c:/st/stm32cubeide_1.0.2/stm32cubeide/plugins/com.st.stm32cube.ide.mcu.externaltools.gnu-tools-for-stm32.7-2018-q2-update.win32_1.0.0.201904181610/tools/bin/../lib/gcc/arm-none-eabi/7.3.1/thumb/v6-m/crtbegin.o
                0x000000000800bfa0                PROVIDE (__init_array_end = .)
                0x000000000800bfa0                . = ALIGN (0x4)

.fini_array     0x000000000800bfa0        0x4
                0x000000000800bfa0                . = ALIGN (0x4)
                [!provide]                        PROVIDE (__fini_array_start = .)
 *(SORT_BY_NAME(.fini_array.*))
 *(.fini_array*)
 .fini_array    0x000000000800bfa0        0x4 c:/st/stm32cubeide_1.0.2/stm32cubeide/plugins/com.st.stm32cube.ide.mcu.externaltools.gnu-tools-for-stm32.7-2018-q2-update.win32_1.0.0.201904181610/tools/bin/../lib/gcc/arm-none-eabi/7.3.1/thumb/v6-m/crtbegin.o
                [!provide]                        PROVIDE (__fini_array_end = .)
                0x000000000800bfa4                . = ALIGN (0x4)
                0x000000000800bfa4                _sidata = LOADADDR (.data)

.data           0x0000000020000000       0xd0 load address 0x000000000800bfa4
                0x0000000020000000                . = ALIGN (0x4)
                0x0000000020000000                _sdata = .
 *(.data)
 *(.data*)
 .data.batteryCapacityArraySize
                0x0000000020000000        0x2 Core/Src/battery.o
 *fill*         0x0000000020000002        0x2 
 .data.table.8480
                0x0000000020000004        0xc Core/Src/clocks.o
 .data.SystemCoreClock
                0x0000000020000010        0x4 Core/Src/system_stm32l0xx.o
                0x0000000020000010                SystemCoreClock
 .data.weekdayNames
                0x0000000020000014       0x20 Core/Src/user_interface.o
                0x0000000020000014                weekdayNames
 .data.monthNames
                0x0000000020000034       0x34 Core/Src/user_interface.o
                0x0000000020000034                monthNames
 .data.isFaceBeingChanged
                0x0000000020000068        0x1 Core/Src/user_interface.o
 *fill*         0x0000000020000069        0x3 
 .data._impure_ptr
                0x000000002000006c        0x4 c:/st/stm32cubeide_1.0.2/stm32cubeide/plugins/com.st.stm32cube.ide.mcu.externaltools.gnu-tools-for-stm32.7-2018-q2-update.win32_1.0.0.201904181610/tools/bin/../lib/gcc/arm-none-eabi/7.3.1/../../../../arm-none-eabi/lib/thumb/v6-m\libc_nano.a(lib_a-impure.o)
                0x000000002000006c                _impure_ptr
 .data.impure_data
                0x0000000020000070       0x60 c:/st/stm32cubeide_1.0.2/stm32cubeide/plugins/com.st.stm32cube.ide.mcu.externaltools.gnu-tools-for-stm32.7-2018-q2-update.win32_1.0.0.201904181610/tools/bin/../lib/gcc/arm-none-eabi/7.3.1/../../../../arm-none-eabi/lib/thumb/v6-m\libc_nano.a(lib_a-impure.o)
                0x00000000200000d0                . = ALIGN (0x4)
                0x00000000200000d0                _edata = .

.igot.plt       0x00000000200000d0        0x0 load address 0x000000000800c074
 .igot.plt      0x00000000200000d0        0x0 c:/st/stm32cubeide_1.0.2/stm32cubeide/plugins/com.st.stm32cube.ide.mcu.externaltools.gnu-tools-for-stm32.7-2018-q2-update.win32_1.0.0.201904181610/tools/bin/../lib/gcc/arm-none-eabi/7.3.1/thumb/v6-m/crtbegin.o
                0x00000000200000d0                . = ALIGN (0x4)

.bss            0x00000000200000d0      0x2d8 load address 0x000000000800c074
                0x00000000200000d0                _sbss = .
                0x00000000200000d0                __bss_start__ = _sbss
 *(.bss)
 .bss           0x00000000200000d0       0x1c c:/st/stm32cubeide_1.0.2/stm32cubeide/plugins/com.st.stm32cube.ide.mcu.externaltools.gnu-tools-for-stm32.7-2018-q2-update.win32_1.0.0.201904181610/tools/bin/../lib/gcc/arm-none-eabi/7.3.1/thumb/v6-m/crtbegin.o
 *(.bss*)
 .bss.cursorX   0x00000000200000ec        0x1 Core/Src/TFT_display.o
 .bss.cursorY   0x00000000200000ed        0x1 Core/Src/TFT_display.o
 .bss.textSize  0x00000000200000ee        0x1 Core/Src/TFT_display.o
 *fill*         0x00000000200000ef        0x1 
 .bss.textColor
                0x00000000200000f0        0x2 Core/Src/TFT_display.o
 .bss.bg        0x00000000200000f2        0x2 Core/Src/TFT_display.o
 .bss.bState    0x00000000200000f4        0x1 Core/Src/battery.o
 *fill*         0x00000000200000f5        0x3 
 .bss.heap_end.5149
                0x00000000200000f8        0x4 Core/Src/sysmem.o
 .bss.timerStartMarker
                0x00000000200000fc        0x4 Core/Src/timers.o
 .bss.timerPauseMarker
                0x0000000020000100        0x4 Core/Src/timers.o
 .bss.stopwatchStartMarker
                0x0000000020000104        0x4 Core/Src/timers.o
 .bss.stopwatchPauseMarker
                0x0000000020000108        0x4 Core/Src/timers.o
 .bss.motorStateCounter
                0x000000002000010c        0x1 Core/Src/timers.o
 *fill*         0x000000002000010d        0x3 
 .bss.clockVars
                0x0000000020000110        0xc Core/Src/user_interface.o
 .bss.timerVars
                0x000000002000011c        0x8 Core/Src/user_interface.o
 .bss.alarmVars
                0x0000000020000124        0x8 Core/Src/user_interface.o
 .bss.stopwatchVars
                0x000000002000012c        0x8 Core/Src/user_interface.o
 .bss.faceOnDisplay
                0x0000000020000134        0x1 Core/Src/user_interface.o
 .bss.s.8430    0x0000000020000135        0x1 Core/Src/user_interface.o
 *fill*         0x0000000020000136        0x2 
 .bss.__malloc_free_list
                0x0000000020000138        0x4 c:/st/stm32cubeide_1.0.2/stm32cubeide/plugins/com.st.stm32cube.ide.mcu.externaltools.gnu-tools-for-stm32.7-2018-q2-update.win32_1.0.0.201904181610/tools/bin/../lib/gcc/arm-none-eabi/7.3.1/../../../../arm-none-eabi/lib/thumb/v6-m\libc_nano.a(lib_a-nano-mallocr.o)
                0x0000000020000138                __malloc_free_list
 .bss.__malloc_sbrk_start
                0x000000002000013c        0x4 c:/st/stm32cubeide_1.0.2/stm32cubeide/plugins/com.st.stm32cube.ide.mcu.externaltools.gnu-tools-for-stm32.7-2018-q2-update.win32_1.0.0.201904181610/tools/bin/../lib/gcc/arm-none-eabi/7.3.1/../../../../arm-none-eabi/lib/thumb/v6-m\libc_nano.a(lib_a-nano-mallocr.o)
                0x000000002000013c                __malloc_sbrk_start
 *(COMMON)
 COMMON         0x0000000020000140       0x5c Core/Src/TFT_display_test.o
                0x0000000020000140                battPercentage
                0x0000000020000141                canSampleBattery
                0x0000000020000142                isAlarmDone
                0x0000000020000144                updateFace
                0x0000000020000148                isStopwatchRunning
                0x000000002000014c                timerCounter
                0x0000000020000150                isTimerDone
                0x0000000020000154                htim6
                0x0000000020000190                buttons
                0x0000000020000194                isTimerRunning
                0x0000000020000195                isStopwatchPaused
                0x0000000020000196                isTimerPaused
                0x0000000020000198                stopwatchCounter
 COMMON         0x000000002000019c      0x204 Core/Src/main.o
                0x000000002000019c                htim22
                0x00000000200001d8                hlptim1
                0x0000000020000208                hrtc
                0x000000002000022c                hspi1
                0x0000000020000284                htim2
                0x00000000200002c0                hadc
                0x000000002000031c                hdma_spi1_tx
                0x0000000020000364                htim21
 COMMON         0x00000000200003a0        0x4 Drivers/STM32L0xx_HAL_Driver/Src/stm32l0xx_hal.o
                0x00000000200003a0                uwTick
 COMMON         0x00000000200003a4        0x4 c:/st/stm32cubeide_1.0.2/stm32cubeide/plugins/com.st.stm32cube.ide.mcu.externaltools.gnu-tools-for-stm32.7-2018-q2-update.win32_1.0.0.201904181610/tools/bin/../lib/gcc/arm-none-eabi/7.3.1/../../../../arm-none-eabi/lib/thumb/v6-m\libc_nano.a(lib_a-reent.o)
                0x00000000200003a4                errno
                0x00000000200003a8                . = ALIGN (0x4)
                0x00000000200003a8                _ebss = .
                0x00000000200003a8                __bss_end__ = _ebss

._user_heap_stack
                0x00000000200003a8      0x600 load address 0x000000000800c074
                0x00000000200003a8                . = ALIGN (0x8)
                0x00000000200003a8                PROVIDE (end = .)
                [!provide]                        PROVIDE (_end = .)
                0x00000000200005a8                . = (. + _Min_Heap_Size)
 *fill*         0x00000000200003a8      0x200 
                0x00000000200009a8                . = (. + _Min_Stack_Size)
 *fill*         0x00000000200005a8      0x400 
                0x00000000200009a8                . = ALIGN (0x8)

/DISCARD/
 libc.a(*)
 libm.a(*)
 libgcc.a(*)

.ARM.attributes
                0x0000000000000000       0x28
 *(.ARM.attributes)
 .ARM.attributes
                0x0000000000000000       0x1e c:/st/stm32cubeide_1.0.2/stm32cubeide/plugins/com.st.stm32cube.ide.mcu.externaltools.gnu-tools-for-stm32.7-2018-q2-update.win32_1.0.0.201904181610/tools/bin/../lib/gcc/arm-none-eabi/7.3.1/thumb/v6-m/crti.o
 .ARM.attributes
                0x000000000000001e       0x2c c:/st/stm32cubeide_1.0.2/stm32cubeide/plugins/com.st.stm32cube.ide.mcu.externaltools.gnu-tools-for-stm32.7-2018-q2-update.win32_1.0.0.201904181610/tools/bin/../lib/gcc/arm-none-eabi/7.3.1/thumb/v6-m/crtbegin.o
 .ARM.attributes
                0x000000000000004a       0x32 Core/Src/TFT_display.o
 .ARM.attributes
                0x000000000000007c       0x32 Core/Src/TFT_display_test.o
 .ARM.attributes
                0x00000000000000ae       0x32 Core/Src/battery.o
 .ARM.attributes
                0x00000000000000e0       0x32 Core/Src/clocks.o
 .ARM.attributes
                0x0000000000000112       0x32 Core/Src/font.o
 .ARM.attributes
                0x0000000000000144       0x32 Core/Src/main.o
 .ARM.attributes
                0x0000000000000176       0x32 Core/Src/stm32l0xx_hal_msp.o
 .ARM.attributes
                0x00000000000001a8       0x32 Core/Src/stm32l0xx_it.o
 .ARM.attributes
                0x00000000000001da       0x32 Core/Src/sysmem.o
 .ARM.attributes
                0x000000000000020c       0x32 Core/Src/system_stm32l0xx.o
 .ARM.attributes
                0x000000000000023e       0x32 Core/Src/timers.o
 .ARM.attributes
                0x0000000000000270       0x32 Core/Src/user_interface.o
 .ARM.attributes
                0x00000000000002a2       0x22 Core/Startup/startup_stm32l073rztx.o
 .ARM.attributes
                0x00000000000002c4       0x32 Drivers/STM32L0xx_HAL_Driver/Src/stm32l0xx_hal.o
 .ARM.attributes
                0x00000000000002f6       0x32 Drivers/STM32L0xx_HAL_Driver/Src/stm32l0xx_hal_adc.o
 .ARM.attributes
                0x0000000000000328       0x32 Drivers/STM32L0xx_HAL_Driver/Src/stm32l0xx_hal_cortex.o
 .ARM.attributes
                0x000000000000035a       0x32 Drivers/STM32L0xx_HAL_Driver/Src/stm32l0xx_hal_dma.o
 .ARM.attributes
                0x000000000000038c       0x32 Drivers/STM32L0xx_HAL_Driver/Src/stm32l0xx_hal_gpio.o
 .ARM.attributes
                0x00000000000003be       0x32 Drivers/STM32L0xx_HAL_Driver/Src/stm32l0xx_hal_lptim.o
 .ARM.attributes
                0x00000000000003f0       0x32 Drivers/STM32L0xx_HAL_Driver/Src/stm32l0xx_hal_pwr.o
 .ARM.attributes
                0x0000000000000422       0x32 Drivers/STM32L0xx_HAL_Driver/Src/stm32l0xx_hal_rcc.o
 .ARM.attributes
                0x0000000000000454       0x32 Drivers/STM32L0xx_HAL_Driver/Src/stm32l0xx_hal_rcc_ex.o
 .ARM.attributes
                0x0000000000000486       0x32 Drivers/STM32L0xx_HAL_Driver/Src/stm32l0xx_hal_rtc.o
 .ARM.attributes
                0x00000000000004b8       0x32 Drivers/STM32L0xx_HAL_Driver/Src/stm32l0xx_hal_rtc_ex.o
 .ARM.attributes
                0x00000000000004ea       0x32 Drivers/STM32L0xx_HAL_Driver/Src/stm32l0xx_hal_spi.o
 .ARM.attributes
                0x000000000000051c       0x32 Drivers/STM32L0xx_HAL_Driver/Src/stm32l0xx_hal_tim.o
 .ARM.attributes
                0x000000000000054e       0x32 Drivers/STM32L0xx_HAL_Driver/Src/stm32l0xx_hal_tim_ex.o
 .ARM.attributes
                0x0000000000000580       0x2c c:/st/stm32cubeide_1.0.2/stm32cubeide/plugins/com.st.stm32cube.ide.mcu.externaltools.gnu-tools-for-stm32.7-2018-q2-update.win32_1.0.0.201904181610/tools/bin/../lib/gcc/arm-none-eabi/7.3.1/../../../../arm-none-eabi/lib/thumb/v6-m\libc_nano.a(lib_a-calloc.o)
 .ARM.attributes
                0x00000000000005ac       0x2c c:/st/stm32cubeide_1.0.2/stm32cubeide/plugins/com.st.stm32cube.ide.mcu.externaltools.gnu-tools-for-stm32.7-2018-q2-update.win32_1.0.0.201904181610/tools/bin/../lib/gcc/arm-none-eabi/7.3.1/../../../../arm-none-eabi/lib/thumb/v6-m\libc_nano.a(lib_a-errno.o)
 .ARM.attributes
                0x00000000000005d8       0x2c c:/st/stm32cubeide_1.0.2/stm32cubeide/plugins/com.st.stm32cube.ide.mcu.externaltools.gnu-tools-for-stm32.7-2018-q2-update.win32_1.0.0.201904181610/tools/bin/../lib/gcc/arm-none-eabi/7.3.1/../../../../arm-none-eabi/lib/thumb/v6-m\libc_nano.a(lib_a-impure.o)
 .ARM.attributes
                0x0000000000000604       0x2c c:/st/stm32cubeide_1.0.2/stm32cubeide/plugins/com.st.stm32cube.ide.mcu.externaltools.gnu-tools-for-stm32.7-2018-q2-update.win32_1.0.0.201904181610/tools/bin/../lib/gcc/arm-none-eabi/7.3.1/../../../../arm-none-eabi/lib/thumb/v6-m\libc_nano.a(lib_a-init.o)
 .ARM.attributes
                0x0000000000000630       0x2c c:/st/stm32cubeide_1.0.2/stm32cubeide/plugins/com.st.stm32cube.ide.mcu.externaltools.gnu-tools-for-stm32.7-2018-q2-update.win32_1.0.0.201904181610/tools/bin/../lib/gcc/arm-none-eabi/7.3.1/../../../../arm-none-eabi/lib/thumb/v6-m\libc_nano.a(lib_a-memcpy-stub.o)
 .ARM.attributes
                0x000000000000065c       0x2c c:/st/stm32cubeide_1.0.2/stm32cubeide/plugins/com.st.stm32cube.ide.mcu.externaltools.gnu-tools-for-stm32.7-2018-q2-update.win32_1.0.0.201904181610/tools/bin/../lib/gcc/arm-none-eabi/7.3.1/../../../../arm-none-eabi/lib/thumb/v6-m\libc_nano.a(lib_a-memset.o)
 .ARM.attributes
                0x0000000000000688       0x2c c:/st/stm32cubeide_1.0.2/stm32cubeide/plugins/com.st.stm32cube.ide.mcu.externaltools.gnu-tools-for-stm32.7-2018-q2-update.win32_1.0.0.201904181610/tools/bin/../lib/gcc/arm-none-eabi/7.3.1/../../../../arm-none-eabi/lib/thumb/v6-m\libc_nano.a(lib_a-nano-callocr.o)
 .ARM.attributes
                0x00000000000006b4       0x2c c:/st/stm32cubeide_1.0.2/stm32cubeide/plugins/com.st.stm32cube.ide.mcu.externaltools.gnu-tools-for-stm32.7-2018-q2-update.win32_1.0.0.201904181610/tools/bin/../lib/gcc/arm-none-eabi/7.3.1/../../../../arm-none-eabi/lib/thumb/v6-m\libc_nano.a(lib_a-nano-mallocr.o)
 .ARM.attributes
                0x00000000000006e0       0x2c c:/st/stm32cubeide_1.0.2/stm32cubeide/plugins/com.st.stm32cube.ide.mcu.externaltools.gnu-tools-for-stm32.7-2018-q2-update.win32_1.0.0.201904181610/tools/bin/../lib/gcc/arm-none-eabi/7.3.1/../../../../arm-none-eabi/lib/thumb/v6-m\libc_nano.a(lib_a-sbrkr.o)
 .ARM.attributes
                0x000000000000070c       0x2c c:/st/stm32cubeide_1.0.2/stm32cubeide/plugins/com.st.stm32cube.ide.mcu.externaltools.gnu-tools-for-stm32.7-2018-q2-update.win32_1.0.0.201904181610/tools/bin/../lib/gcc/arm-none-eabi/7.3.1/../../../../arm-none-eabi/lib/thumb/v6-m\libc_nano.a(lib_a-sprintf.o)
 .ARM.attributes
                0x0000000000000738       0x1c c:/st/stm32cubeide_1.0.2/stm32cubeide/plugins/com.st.stm32cube.ide.mcu.externaltools.gnu-tools-for-stm32.7-2018-q2-update.win32_1.0.0.201904181610/tools/bin/../lib/gcc/arm-none-eabi/7.3.1/../../../../arm-none-eabi/lib/thumb/v6-m\libc_nano.a(lib_a-strlen.o)
 .ARM.attributes
                0x0000000000000754       0x2c c:/st/stm32cubeide_1.0.2/stm32cubeide/plugins/com.st.stm32cube.ide.mcu.externaltools.gnu-tools-for-stm32.7-2018-q2-update.win32_1.0.0.201904181610/tools/bin/../lib/gcc/arm-none-eabi/7.3.1/../../../../arm-none-eabi/lib/thumb/v6-m\libc_nano.a(lib_a-mlock.o)
 .ARM.attributes
                0x0000000000000780       0x2c c:/st/stm32cubeide_1.0.2/stm32cubeide/plugins/com.st.stm32cube.ide.mcu.externaltools.gnu-tools-for-stm32.7-2018-q2-update.win32_1.0.0.201904181610/tools/bin/../lib/gcc/arm-none-eabi/7.3.1/../../../../arm-none-eabi/lib/thumb/v6-m\libc_nano.a(lib_a-nano-svfprintf.o)
 .ARM.attributes
                0x00000000000007ac       0x2c c:/st/stm32cubeide_1.0.2/stm32cubeide/plugins/com.st.stm32cube.ide.mcu.externaltools.gnu-tools-for-stm32.7-2018-q2-update.win32_1.0.0.201904181610/tools/bin/../lib/gcc/arm-none-eabi/7.3.1/../../../../arm-none-eabi/lib/thumb/v6-m\libc_nano.a(lib_a-nano-vfprintf_i.o)
 .ARM.attributes
                0x00000000000007d8       0x2c c:/st/stm32cubeide_1.0.2/stm32cubeide/plugins/com.st.stm32cube.ide.mcu.externaltools.gnu-tools-for-stm32.7-2018-q2-update.win32_1.0.0.201904181610/tools/bin/../lib/gcc/arm-none-eabi/7.3.1/../../../../arm-none-eabi/lib/thumb/v6-m\libc_nano.a(lib_a-reent.o)
 .ARM.attributes
                0x0000000000000804       0x2c c:/st/stm32cubeide_1.0.2/stm32cubeide/plugins/com.st.stm32cube.ide.mcu.externaltools.gnu-tools-for-stm32.7-2018-q2-update.win32_1.0.0.201904181610/tools/bin/../lib/gcc/arm-none-eabi/7.3.1/../../../../arm-none-eabi/lib/thumb/v6-m\libc_nano.a(lib_a-memchr-stub.o)
 .ARM.attributes
                0x0000000000000830       0x2c c:/st/stm32cubeide_1.0.2/stm32cubeide/plugins/com.st.stm32cube.ide.mcu.externaltools.gnu-tools-for-stm32.7-2018-q2-update.win32_1.0.0.201904181610/tools/bin/../lib/gcc/arm-none-eabi/7.3.1/../../../../arm-none-eabi/lib/thumb/v6-m\libc_nano.a(lib_a-memmove.o)
 .ARM.attributes
                0x000000000000085c       0x2c c:/st/stm32cubeide_1.0.2/stm32cubeide/plugins/com.st.stm32cube.ide.mcu.externaltools.gnu-tools-for-stm32.7-2018-q2-update.win32_1.0.0.201904181610/tools/bin/../lib/gcc/arm-none-eabi/7.3.1/../../../../arm-none-eabi/lib/thumb/v6-m\libc_nano.a(lib_a-nano-freer.o)
 .ARM.attributes
                0x0000000000000888       0x2c c:/st/stm32cubeide_1.0.2/stm32cubeide/plugins/com.st.stm32cube.ide.mcu.externaltools.gnu-tools-for-stm32.7-2018-q2-update.win32_1.0.0.201904181610/tools/bin/../lib/gcc/arm-none-eabi/7.3.1/../../../../arm-none-eabi/lib/thumb/v6-m\libc_nano.a(lib_a-nano-reallocr.o)
 .ARM.attributes
                0x00000000000008b4       0x2c c:/st/stm32cubeide_1.0.2/stm32cubeide/plugins/com.st.stm32cube.ide.mcu.externaltools.gnu-tools-for-stm32.7-2018-q2-update.win32_1.0.0.201904181610/tools/bin/../lib/gcc/arm-none-eabi/7.3.1/../../../../arm-none-eabi/lib/thumb/v6-m\libc_nano.a(lib_a-nano-msizer.o)
 .ARM.attributes
                0x00000000000008e0       0x1e c:/st/stm32cubeide_1.0.2/stm32cubeide/plugins/com.st.stm32cube.ide.mcu.externaltools.gnu-tools-for-stm32.7-2018-q2-update.win32_1.0.0.201904181610/tools/bin/../lib/gcc/arm-none-eabi/7.3.1/thumb/v6-m\libgcc.a(_udivsi3.o)
 .ARM.attributes
                0x00000000000008fe       0x1e c:/st/stm32cubeide_1.0.2/stm32cubeide/plugins/com.st.stm32cube.ide.mcu.externaltools.gnu-tools-for-stm32.7-2018-q2-update.win32_1.0.0.201904181610/tools/bin/../lib/gcc/arm-none-eabi/7.3.1/thumb/v6-m\libgcc.a(_divsi3.o)
 .ARM.attributes
                0x000000000000091c       0x1e c:/st/stm32cubeide_1.0.2/stm32cubeide/plugins/com.st.stm32cube.ide.mcu.externaltools.gnu-tools-for-stm32.7-2018-q2-update.win32_1.0.0.201904181610/tools/bin/../lib/gcc/arm-none-eabi/7.3.1/thumb/v6-m\libgcc.a(_dvmd_tls.o)
 .ARM.attributes
                0x000000000000093a       0x1e c:/st/stm32cubeide_1.0.2/stm32cubeide/plugins/com.st.stm32cube.ide.mcu.externaltools.gnu-tools-for-stm32.7-2018-q2-update.win32_1.0.0.201904181610/tools/bin/../lib/gcc/arm-none-eabi/7.3.1/thumb/v6-m\libgcc.a(_arm_cmpsf2.o)
 .ARM.attributes
                0x0000000000000958       0x2c c:/st/stm32cubeide_1.0.2/stm32cubeide/plugins/com.st.stm32cube.ide.mcu.externaltools.gnu-tools-for-stm32.7-2018-q2-update.win32_1.0.0.201904181610/tools/bin/../lib/gcc/arm-none-eabi/7.3.1/thumb/v6-m\libgcc.a(_fixunssfsi.o)
 .ARM.attributes
                0x0000000000000984       0x2c c:/st/stm32cubeide_1.0.2/stm32cubeide/plugins/com.st.stm32cube.ide.mcu.externaltools.gnu-tools-for-stm32.7-2018-q2-update.win32_1.0.0.201904181610/tools/bin/../lib/gcc/arm-none-eabi/7.3.1/thumb/v6-m\libgcc.a(eqsf2.o)
 .ARM.attributes
                0x00000000000009b0       0x2c c:/st/stm32cubeide_1.0.2/stm32cubeide/plugins/com.st.stm32cube.ide.mcu.externaltools.gnu-tools-for-stm32.7-2018-q2-update.win32_1.0.0.201904181610/tools/bin/../lib/gcc/arm-none-eabi/7.3.1/thumb/v6-m\libgcc.a(gesf2.o)
 .ARM.attributes
                0x00000000000009dc       0x2c c:/st/stm32cubeide_1.0.2/stm32cubeide/plugins/com.st.stm32cube.ide.mcu.externaltools.gnu-tools-for-stm32.7-2018-q2-update.win32_1.0.0.201904181610/tools/bin/../lib/gcc/arm-none-eabi/7.3.1/thumb/v6-m\libgcc.a(lesf2.o)
 .ARM.attributes
                0x0000000000000a08       0x2c c:/st/stm32cubeide_1.0.2/stm32cubeide/plugins/com.st.stm32cube.ide.mcu.externaltools.gnu-tools-for-stm32.7-2018-q2-update.win32_1.0.0.201904181610/tools/bin/../lib/gcc/arm-none-eabi/7.3.1/thumb/v6-m\libgcc.a(subsf3.o)
 .ARM.attributes
                0x0000000000000a34       0x2c c:/st/stm32cubeide_1.0.2/stm32cubeide/plugins/com.st.stm32cube.ide.mcu.externaltools.gnu-tools-for-stm32.7-2018-q2-update.win32_1.0.0.201904181610/tools/bin/../lib/gcc/arm-none-eabi/7.3.1/thumb/v6-m\libgcc.a(fixsfsi.o)
 .ARM.attributes
                0x0000000000000a60       0x2c c:/st/stm32cubeide_1.0.2/stm32cubeide/plugins/com.st.stm32cube.ide.mcu.externaltools.gnu-tools-for-stm32.7-2018-q2-update.win32_1.0.0.201904181610/tools/bin/../lib/gcc/arm-none-eabi/7.3.1/thumb/v6-m\libgcc.a(divdf3.o)
 .ARM.attributes
                0x0000000000000a8c       0x2c c:/st/stm32cubeide_1.0.2/stm32cubeide/plugins/com.st.stm32cube.ide.mcu.externaltools.gnu-tools-for-stm32.7-2018-q2-update.win32_1.0.0.201904181610/tools/bin/../lib/gcc/arm-none-eabi/7.3.1/thumb/v6-m\libgcc.a(muldf3.o)
 .ARM.attributes
                0x0000000000000ab8       0x2c c:/st/stm32cubeide_1.0.2/stm32cubeide/plugins/com.st.stm32cube.ide.mcu.externaltools.gnu-tools-for-stm32.7-2018-q2-update.win32_1.0.0.201904181610/tools/bin/../lib/gcc/arm-none-eabi/7.3.1/thumb/v6-m\libgcc.a(floatsidf.o)
 .ARM.attributes
                0x0000000000000ae4       0x2c c:/st/stm32cubeide_1.0.2/stm32cubeide/plugins/com.st.stm32cube.ide.mcu.externaltools.gnu-tools-for-stm32.7-2018-q2-update.win32_1.0.0.201904181610/tools/bin/../lib/gcc/arm-none-eabi/7.3.1/thumb/v6-m\libgcc.a(floatunsidf.o)
 .ARM.attributes
                0x0000000000000b10       0x2c c:/st/stm32cubeide_1.0.2/stm32cubeide/plugins/com.st.stm32cube.ide.mcu.externaltools.gnu-tools-for-stm32.7-2018-q2-update.win32_1.0.0.201904181610/tools/bin/../lib/gcc/arm-none-eabi/7.3.1/thumb/v6-m\libgcc.a(truncdfsf2.o)
 .ARM.attributes
                0x0000000000000b3c       0x1e c:/st/stm32cubeide_1.0.2/stm32cubeide/plugins/com.st.stm32cube.ide.mcu.externaltools.gnu-tools-for-stm32.7-2018-q2-update.win32_1.0.0.201904181610/tools/bin/../lib/gcc/arm-none-eabi/7.3.1/thumb/v6-m\libgcc.a(_clzsi2.o)
 .ARM.attributes
                0x0000000000000b5a       0x1e c:/st/stm32cubeide_1.0.2/stm32cubeide/plugins/com.st.stm32cube.ide.mcu.externaltools.gnu-tools-for-stm32.7-2018-q2-update.win32_1.0.0.201904181610/tools/bin/../lib/gcc/arm-none-eabi/7.3.1/thumb/v6-m/crtn.o
OUTPUT(project_L0.elf elf32-littlearm)

.debug_info     0x0000000000000000    0x1a100
 .debug_info    0x0000000000000000     0x1ab0 Core/Src/TFT_display.o
 .debug_info    0x0000000000001ab0     0x131a Core/Src/TFT_display_test.o
 .debug_info    0x0000000000002dca     0x1704 Core/Src/battery.o
 .debug_info    0x00000000000044ce     0x186d Core/Src/clocks.o
 .debug_info    0x0000000000005d3b       0x5c Core/Src/font.o
 .debug_info    0x0000000000005d97     0x2340 Core/Src/main.o
 .debug_info    0x00000000000080d7     0x1e73 Core/Src/stm32l0xx_hal_msp.o
 .debug_info    0x0000000000009f4a     0x17bc Core/Src/stm32l0xx_it.o
 .debug_info    0x000000000000b706      0x91c Core/Src/sysmem.o
 .debug_info    0x000000000000c022      0x390 Core/Src/system_stm32l0xx.o
 .debug_info    0x000000000000c3b2     0x156d Core/Src/timers.o
 .debug_info    0x000000000000d91f     0x1d76 Core/Src/user_interface.o
 .debug_info    0x000000000000f695       0x22 Core/Startup/startup_stm32l073rztx.o
 .debug_info    0x000000000000f6b7      0x7f2 Drivers/STM32L0xx_HAL_Driver/Src/stm32l0xx_hal.o
 .debug_info    0x000000000000fea9      0xcec Drivers/STM32L0xx_HAL_Driver/Src/stm32l0xx_hal_adc.o
 .debug_info    0x0000000000010b95      0x8e5 Drivers/STM32L0xx_HAL_Driver/Src/stm32l0xx_hal_cortex.o
 .debug_info    0x000000000001147a      0x77c Drivers/STM32L0xx_HAL_Driver/Src/stm32l0xx_hal_dma.o
 .debug_info    0x0000000000011bf6      0x6cb Drivers/STM32L0xx_HAL_Driver/Src/stm32l0xx_hal_gpio.o
 .debug_info    0x00000000000122c1      0xd9b Drivers/STM32L0xx_HAL_Driver/Src/stm32l0xx_hal_lptim.o
 .debug_info    0x000000000001305c      0x667 Drivers/STM32L0xx_HAL_Driver/Src/stm32l0xx_hal_pwr.o
 .debug_info    0x00000000000136c3      0x9a0 Drivers/STM32L0xx_HAL_Driver/Src/stm32l0xx_hal_rcc.o
 .debug_info    0x0000000000014063      0x824 Drivers/STM32L0xx_HAL_Driver/Src/stm32l0xx_hal_rcc_ex.o
 .debug_info    0x0000000000014887      0xaab Drivers/STM32L0xx_HAL_Driver/Src/stm32l0xx_hal_rtc.o
 .debug_info    0x0000000000015332      0xde9 Drivers/STM32L0xx_HAL_Driver/Src/stm32l0xx_hal_rtc_ex.o
 .debug_info    0x000000000001611b     0x159d Drivers/STM32L0xx_HAL_Driver/Src/stm32l0xx_hal_spi.o
 .debug_info    0x00000000000176b8     0x23bf Drivers/STM32L0xx_HAL_Driver/Src/stm32l0xx_hal_tim.o
 .debug_info    0x0000000000019a77      0x689 Drivers/STM32L0xx_HAL_Driver/Src/stm32l0xx_hal_tim_ex.o

.debug_abbrev   0x0000000000000000     0x3362
 .debug_abbrev  0x0000000000000000      0x2fa Core/Src/TFT_display.o
 .debug_abbrev  0x00000000000002fa      0x20c Core/Src/TFT_display_test.o
 .debug_abbrev  0x0000000000000506      0x260 Core/Src/battery.o
 .debug_abbrev  0x0000000000000766      0x275 Core/Src/clocks.o
 .debug_abbrev  0x00000000000009db       0x48 Core/Src/font.o
 .debug_abbrev  0x0000000000000a23      0x291 Core/Src/main.o
 .debug_abbrev  0x0000000000000cb4      0x23e Core/Src/stm32l0xx_hal_msp.o
 .debug_abbrev  0x0000000000000ef2      0x1ec Core/Src/stm32l0xx_it.o
 .debug_abbrev  0x00000000000010de      0x1bb Core/Src/sysmem.o
 .debug_abbrev  0x0000000000001299      0x111 Core/Src/system_stm32l0xx.o
 .debug_abbrev  0x00000000000013aa      0x206 Core/Src/timers.o
 .debug_abbrev  0x00000000000015b0      0x294 Core/Src/user_interface.o
 .debug_abbrev  0x0000000000001844       0x12 Core/Startup/startup_stm32l073rztx.o
 .debug_abbrev  0x0000000000001856      0x219 Drivers/STM32L0xx_HAL_Driver/Src/stm32l0xx_hal.o
 .debug_abbrev  0x0000000000001a6f      0x1fa Drivers/STM32L0xx_HAL_Driver/Src/stm32l0xx_hal_adc.o
 .debug_abbrev  0x0000000000001c69      0x261 Drivers/STM32L0xx_HAL_Driver/Src/stm32l0xx_hal_cortex.o
 .debug_abbrev  0x0000000000001eca      0x1cc Drivers/STM32L0xx_HAL_Driver/Src/stm32l0xx_hal_dma.o
 .debug_abbrev  0x0000000000002096      0x1c0 Drivers/STM32L0xx_HAL_Driver/Src/stm32l0xx_hal_gpio.o
 .debug_abbrev  0x0000000000002256      0x1de Drivers/STM32L0xx_HAL_Driver/Src/stm32l0xx_hal_lptim.o
 .debug_abbrev  0x0000000000002434      0x19a Drivers/STM32L0xx_HAL_Driver/Src/stm32l0xx_hal_pwr.o
 .debug_abbrev  0x00000000000025ce      0x21a Drivers/STM32L0xx_HAL_Driver/Src/stm32l0xx_hal_rcc.o
 .debug_abbrev  0x00000000000027e8      0x1ea Drivers/STM32L0xx_HAL_Driver/Src/stm32l0xx_hal_rcc_ex.o
 .debug_abbrev  0x00000000000029d2      0x1b5 Drivers/STM32L0xx_HAL_Driver/Src/stm32l0xx_hal_rtc.o
 .debug_abbrev  0x0000000000002b87      0x1e0 Drivers/STM32L0xx_HAL_Driver/Src/stm32l0xx_hal_rtc_ex.o
 .debug_abbrev  0x0000000000002d67      0x240 Drivers/STM32L0xx_HAL_Driver/Src/stm32l0xx_hal_spi.o
 .debug_abbrev  0x0000000000002fa7      0x22e Drivers/STM32L0xx_HAL_Driver/Src/stm32l0xx_hal_tim.o
 .debug_abbrev  0x00000000000031d5      0x18d Drivers/STM32L0xx_HAL_Driver/Src/stm32l0xx_hal_tim_ex.o

.debug_aranges  0x0000000000000000     0x1400
 .debug_aranges
                0x0000000000000000      0x120 Core/Src/TFT_display.o
 .debug_aranges