Archive member included to satisfy reference by file (symbol)

c:/st/stm32cubeide_1.1.0/stm32cubeide/plugins/com.st.stm32cube.ide.mcu.externaltools.gnu-tools-for-stm32.7-2018-q2-update.win32_1.4.0.202007081208/tools/bin/../lib/gcc/arm-none-eabi/7.3.1/../../../../arm-none-eabi/lib/thumb/v6-m\libc_nano.a(lib_a-calloc.o)
                              Core/Src/user_interface.o (calloc)
c:/st/stm32cubeide_1.1.0/stm32cubeide/plugins/com.st.stm32cube.ide.mcu.externaltools.gnu-tools-for-stm32.7-2018-q2-update.win32_1.4.0.202007081208/tools/bin/../lib/gcc/arm-none-eabi/7.3.1/../../../../arm-none-eabi/lib/thumb/v6-m\libc_nano.a(lib_a-errno.o)
                              Core/Src/syscalls.o (__errno)
c:/st/stm32cubeide_1.1.0/stm32cubeide/plugins/com.st.stm32cube.ide.mcu.externaltools.gnu-tools-for-stm32.7-2018-q2-update.win32_1.4.0.202007081208/tools/bin/../lib/gcc/arm-none-eabi/7.3.1/../../../../arm-none-eabi/lib/thumb/v6-m\libc_nano.a(lib_a-exit.o)
                              c:/st/stm32cubeide_1.1.0/stm32cubeide/plugins/com.st.stm32cube.ide.mcu.externaltools.gnu-tools-for-stm32.7-2018-q2-update.win32_1.4.0.202007081208/tools/bin/../lib/gcc/arm-none-eabi/7.3.1/../../../../arm-none-eabi/lib/thumb/v6-m/crt0.o (exit)
c:/st/stm32cubeide_1.1.0/stm32cubeide/plugins/com.st.stm32cube.ide.mcu.externaltools.gnu-tools-for-stm32.7-2018-q2-update.win32_1.4.0.202007081208/tools/bin/../lib/gcc/arm-none-eabi/7.3.1/../../../../arm-none-eabi/lib/thumb/v6-m\libc_nano.a(lib_a-impure.o)
                              c:/st/stm32cubeide_1.1.0/stm32cubeide/plugins/com.st.stm32cube.ide.mcu.externaltools.gnu-tools-for-stm32.7-2018-q2-update.win32_1.4.0.202007081208/tools/bin/../lib/gcc/arm-none-eabi/7.3.1/../../../../arm-none-eabi/lib/thumb/v6-m\libc_nano.a(lib_a-exit.o) (_global_impure_ptr)
c:/st/stm32cubeide_1.1.0/stm32cubeide/plugins/com.st.stm32cube.ide.mcu.externaltools.gnu-tools-for-stm32.7-2018-q2-update.win32_1.4.0.202007081208/tools/bin/../lib/gcc/arm-none-eabi/7.3.1/../../../../arm-none-eabi/lib/thumb/v6-m\libc_nano.a(lib_a-init.o)
                              c:/st/stm32cubeide_1.1.0/stm32cubeide/plugins/com.st.stm32cube.ide.mcu.externaltools.gnu-tools-for-stm32.7-2018-q2-update.win32_1.4.0.202007081208/tools/bin/../lib/gcc/arm-none-eabi/7.3.1/../../../../arm-none-eabi/lib/thumb/v6-m/crt0.o (__libc_init_array)
c:/st/stm32cubeide_1.1.0/stm32cubeide/plugins/com.st.stm32cube.ide.mcu.externaltools.gnu-tools-for-stm32.7-2018-q2-update.win32_1.4.0.202007081208/tools/bin/../lib/gcc/arm-none-eabi/7.3.1/../../../../arm-none-eabi/lib/thumb/v6-m\libc_nano.a(lib_a-memcpy-stub.o)
                              Core/Src/TFT_display.o (memcpy)
c:/st/stm32cubeide_1.1.0/stm32cubeide/plugins/com.st.stm32cube.ide.mcu.externaltools.gnu-tools-for-stm32.7-2018-q2-update.win32_1.4.0.202007081208/tools/bin/../lib/gcc/arm-none-eabi/7.3.1/../../../../arm-none-eabi/lib/thumb/v6-m\libc_nano.a(lib_a-memset.o)
                              c:/st/stm32cubeide_1.1.0/stm32cubeide/plugins/com.st.stm32cube.ide.mcu.externaltools.gnu-tools-for-stm32.7-2018-q2-update.win32_1.4.0.202007081208/tools/bin/../lib/gcc/arm-none-eabi/7.3.1/../../../../arm-none-eabi/lib/thumb/v6-m/crt0.o (memset)
c:/st/stm32cubeide_1.1.0/stm32cubeide/plugins/com.st.stm32cube.ide.mcu.externaltools.gnu-tools-for-stm32.7-2018-q2-update.win32_1.4.0.202007081208/tools/bin/../lib/gcc/arm-none-eabi/7.3.1/../../../../arm-none-eabi/lib/thumb/v6-m\libc_nano.a(lib_a-nano-callocr.o)
                              c:/st/stm32cubeide_1.1.0/stm32cubeide/plugins/com.st.stm32cube.ide.mcu.externaltools.gnu-tools-for-stm32.7-2018-q2-update.win32_1.4.0.202007081208/tools/bin/../lib/gcc/arm-none-eabi/7.3.1/../../../../arm-none-eabi/lib/thumb/v6-m\libc_nano.a(lib_a-calloc.o) (_calloc_r)
c:/st/stm32cubeide_1.1.0/stm32cubeide/plugins/com.st.stm32cube.ide.mcu.externaltools.gnu-tools-for-stm32.7-2018-q2-update.win32_1.4.0.202007081208/tools/bin/../lib/gcc/arm-none-eabi/7.3.1/../../../../arm-none-eabi/lib/thumb/v6-m\libc_nano.a(lib_a-nano-mallocr.o)
                              c:/st/stm32cubeide_1.1.0/stm32cubeide/plugins/com.st.stm32cube.ide.mcu.externaltools.gnu-tools-for-stm32.7-2018-q2-update.win32_1.4.0.202007081208/tools/bin/../lib/gcc/arm-none-eabi/7.3.1/../../../../arm-none-eabi/lib/thumb/v6-m\libc_nano.a(lib_a-nano-callocr.o) (_malloc_r)
c:/st/stm32cubeide_1.1.0/stm32cubeide/plugins/com.st.stm32cube.ide.mcu.externaltools.gnu-tools-for-stm32.7-2018-q2-update.win32_1.4.0.202007081208/tools/bin/../lib/gcc/arm-none-eabi/7.3.1/../../../../arm-none-eabi/lib/thumb/v6-m\libc_nano.a(lib_a-sbrkr.o)
                              c:/st/stm32cubeide_1.1.0/stm32cubeide/plugins/com.st.stm32cube.ide.mcu.externaltools.gnu-tools-for-stm32.7-2018-q2-update.win32_1.4.0.202007081208/tools/bin/../lib/gcc/arm-none-eabi/7.3.1/../../../../arm-none-eabi/lib/thumb/v6-m\libc_nano.a(lib_a-nano-mallocr.o) (_sbrk_r)
[...]
Memory Configuration

Name             Origin             Length             Attributes
RAM              0x0000000020000000 0x0000000000005000 xrw
FLASH            0x0000000008000000 0x0000000000030000 xr
*default*        0x0000000000000000 0xffffffffffffffff

Linker script and memory map

LOAD c:/st/stm32cubeide_1.1.0/stm32cubeide/plugins/com.st.stm32cube.ide.mcu.externaltools.gnu-tools-for-stm32.7-2018-q2-update.win32_1.4.0.202007081208/tools/bin/../lib/gcc/arm-none-eabi/7.3.1/thumb/v6-m/crti.o
LOAD c:/st/stm32cubeide_1.1.0/stm32cubeide/plugins/com.st.stm32cube.ide.mcu.externaltools.gnu-tools-for-stm32.7-2018-q2-update.win32_1.4.0.202007081208/tools/bin/../lib/gcc/arm-none-eabi/7.3.1/thumb/v6-m/crtbegin.o
LOAD c:/st/stm32cubeide_1.1.0/stm32cubeide/plugins/com.st.stm32cube.ide.mcu.externaltools.gnu-tools-for-stm32.7-2018-q2-update.win32_1.4.0.202007081208/tools/bin/../lib/gcc/arm-none-eabi/7.3.1/../../../../arm-none-eabi/lib/thumb/v6-m/crt0.o
LOAD Core/Src/TFT_display.o
LOAD Core/Src/TFT_display_test.o
LOAD Core/Src/battery.o
LOAD Core/Src/clock_timer_test.o
LOAD Core/Src/clocks.o
LOAD Core/Src/font.o
LOAD Core/Src/main.o
LOAD Core/Src/stm32l0xx_hal_msp.o
LOAD Core/Src/stm32l0xx_it.o
LOAD Core/Src/syscalls.o
LOAD Core/Src/sysmem.o
LOAD Core/Src/system_stm32l0xx.o
LOAD Core/Src/timers.o
LOAD Core/Src/user_interface.o
LOAD Core/Startup/startup_stm32l073rztx.o
LOAD Drivers/STM32L0xx_HAL_Driver/Src/stm32l0xx_hal.o
LOAD Drivers/STM32L0xx_HAL_Driver/Src/stm32l0xx_hal_adc.o
LOAD Drivers/STM32L0xx_HAL_Driver/Src/stm32l0xx_hal_adc_ex.o
LOAD Drivers/STM32L0xx_HAL_Driver/Src/stm32l0xx_hal_cortex.o
LOAD Drivers/STM32L0xx_HAL_Driver/Src/stm32l0xx_hal_dma.o
LOAD Drivers/STM32L0xx_HAL_Driver/Src/stm32l0xx_hal_flash.o
LOAD Drivers/STM32L0xx_HAL_Driver/Src/stm32l0xx_hal_flash_ex.o
LOAD Drivers/STM32L0xx_HAL_Driver/Src/stm32l0xx_hal_flash_ramfunc.o
LOAD Drivers/STM32L0xx_HAL_Driver/Src/stm32l0xx_hal_gpio.o
LOAD Drivers/STM32L0xx_HAL_Driver/Src/stm32l0xx_hal_i2c.o
LOAD Drivers/STM32L0xx_HAL_Driver/Src/stm32l0xx_hal_i2c_ex.o
LOAD Drivers/STM32L0xx_HAL_Driver/Src/stm32l0xx_hal_pcd.o
LOAD Drivers/STM32L0xx_HAL_Driver/Src/stm32l0xx_hal_pcd_ex.o
LOAD Drivers/STM32L0xx_HAL_Driver/Src/stm32l0xx_hal_pwr.o
LOAD Drivers/STM32L0xx_HAL_Driver/Src/stm32l0xx_hal_pwr_ex.o
LOAD Drivers/STM32L0xx_HAL_Driver/Src/stm32l0xx_hal_rcc.o
LOAD Drivers/STM32L0xx_HAL_Driver/Src/stm32l0xx_hal_rcc_ex.o
LOAD Drivers/STM32L0xx_HAL_Driver/Src/stm32l0xx_hal_rtc.o
LOAD Drivers/STM32L0xx_HAL_Driver/Src/stm32l0xx_hal_rtc_ex.o
LOAD Drivers/STM32L0xx_HAL_Driver/Src/stm32l0xx_hal_spi.o
LOAD Drivers/STM32L0xx_HAL_Driver/Src/stm32l0xx_hal_tim.o
LOAD Drivers/STM32L0xx_HAL_Driver/Src/stm32l0xx_hal_tim_ex.o
LOAD Drivers/STM32L0xx_HAL_Driver/Src/stm32l0xx_ll_usb.o
START GROUP
LOAD c:/st/stm32cubeide_1.1.0/stm32cubeide/plugins/com.st.stm32cube.ide.mcu.externaltools.gnu-tools-for-stm32.7-2018-q2-update.win32_1.4.0.202007081208/tools/bin/../lib/gcc/arm-none-eabi/7.3.1/../../../../arm-none-eabi/lib/thumb/v6-m\libc_nano.a
LOAD c:/st/stm32cubeide_1.1.0/stm32cubeide/plugins/com.st.stm32cube.ide.mcu.externaltools.gnu-tools-for-stm32.7-2018-q2-update.win32_1.4.0.202007081208/tools/bin/../lib/gcc/arm-none-eabi/7.3.1/../../../../arm-none-eabi/lib/thumb/v6-m\libm.a
END GROUP
START GROUP
LOAD c:/st/stm32cubeide_1.1.0/stm32cubeide/plugins/com.st.stm32cube.ide.mcu.externaltools.gnu-tools-for-stm32.7-2018-q2-update.win32_1.4.0.202007081208/tools/bin/../lib/gcc/arm-none-eabi/7.3.1/thumb/v6-m\libgcc.a
LOAD c:/st/stm32cubeide_1.1.0/stm32cubeide/plugins/com.st.stm32cube.ide.mcu.externaltools.gnu-tools-for-stm32.7-2018-q2-update.win32_1.4.0.202007081208/tools/bin/../lib/gcc/arm-none-eabi/7.3.1/../../../../arm-none-eabi/lib/thumb/v6-m\libc_nano.a
END GROUP
START GROUP
LOAD c:/st/stm32cubeide_1.1.0/stm32cubeide/plugins/com.st.stm32cube.ide.mcu.externaltools.gnu-tools-for-stm32.7-2018-q2-update.win32_1.4.0.202007081208/tools/bin/../lib/gcc/arm-none-eabi/7.3.1/thumb/v6-m\libgcc.a
LOAD c:/st/stm32cubeide_1.1.0/stm32cubeide/plugins/com.st.stm32cube.ide.mcu.externaltools.gnu-tools-for-stm32.7-2018-q2-update.win32_1.4.0.202007081208/tools/bin/../lib/gcc/arm-none-eabi/7.3.1/../../../../arm-none-eabi/lib/thumb/v6-m\libc_nano.a
LOAD c:/st/stm32cubeide_1.1.0/stm32cubeide/plugins/com.st.stm32cube.ide.mcu.externaltools.gnu-tools-for-stm32.7-2018-q2-update.win32_1.4.0.202007081208/tools/bin/../lib/gcc/arm-none-eabi/7.3.1/../../../../arm-none-eabi/lib/thumb/v6-m\libnosys.a
END GROUP
START GROUP
LOAD c:/st/stm32cubeide_1.1.0/stm32cubeide/plugins/com.st.stm32cube.ide.mcu.externaltools.gnu-tools-for-stm32.7-2018-q2-update.win32_1.4.0.202007081208/tools/bin/../lib/gcc/arm-none-eabi/7.3.1/thumb/v6-m\libgcc.a
LOAD c:/st/stm32cubeide_1.1.0/stm32cubeide/plugins/com.st.stm32cube.ide.mcu.externaltools.gnu-tools-for-stm32.7-2018-q2-update.win32_1.4.0.202007081208/tools/bin/../lib/gcc/arm-none-eabi/7.3.1/../../../../arm-none-eabi/lib/thumb/v6-m\libc_nano.a
LOAD c:/st/stm32cubeide_1.1.0/stm32cubeide/plugins/com.st.stm32cube.ide.mcu.externaltools.gnu-tools-for-stm32.7-2018-q2-update.win32_1.4.0.202007081208/tools/bin/../lib/gcc/arm-none-eabi/7.3.1/../../../../arm-none-eabi/lib/thumb/v6-m\libnosys.a
END GROUP
LOAD c:/st/stm32cubeide_1.1.0/stm32cubeide/plugins/com.st.stm32cube.ide.mcu.externaltools.gnu-tools-for-stm32.7-2018-q2-update.win32_1.4.0.202007081208/tools/bin/../lib/gcc/arm-none-eabi/7.3.1/thumb/v6-m/crtend.o
LOAD c:/st/stm32cubeide_1.1.0/stm32cubeide/plugins/com.st.stm32cube.ide.mcu.externaltools.gnu-tools-for-stm32.7-2018-q2-update.win32_1.4.0.202007081208/tools/bin/../lib/gcc/arm-none-eabi/7.3.1/thumb/v6-m/crtn.o
                0x0000000020005000                _estack = (ORIGIN (RAM) + LENGTH (RAM))
                0x0000000000000200                _Min_Heap_Size = 0x200
                0x0000000000000400                _Min_Stack_Size = 0x400

.isr_vector     0x0000000008000000       0xc0
                0x0000000008000000                . = ALIGN (0x4)
 *(.isr_vector)
 .isr_vector    0x0000000008000000       0xc0 Core/Startup/startup_stm32l073rztx.o
                0x0000000008000000                g_pfnVectors
                0x00000000080000c0                . = ALIGN (0x4)

.text           0x00000000080000c0     0xc814
                0x00000000080000c0                . = ALIGN (0x4)
 *(.text)
 .text          0x00000000080000c0       0x48 c:/st/stm32cubeide_1.1.0/stm32cubeide/plugins/com.st.stm32cube.ide.mcu.externaltools.gnu-tools-for-stm32.7-2018-q2-update.win32_1.4.0.202007081208/tools/bin/../lib/gcc/arm-none-eabi/7.3.1/thumb/v6-m/crtbegin.o
 .text          0x0000000008000108        0xe c:/st/stm32cubeide_1.1.0/stm32cubeide/plugins/com.st.stm32cube.ide.mcu.externaltools.gnu-tools-for-stm32.7-2018-q2-update.win32_1.4.0.202007081208/tools/bin/../lib/gcc/arm-none-eabi/7.3.1/../../../../arm-none-eabi/lib/thumb/v6-m\libc_nano.a(lib_a-strlen.o)
                0x0000000008000108                strlen
 *fill*         0x0000000008000116        0x2 
 .text          0x0000000008000118      0x114 c:/st/stm32cubeide_1.1.0/stm32cubeide/plugins/com.st.stm32cube.ide.mcu.externaltools.gnu-tools-for-stm32.7-2018-q2-update.win32_1.4.0.202007081208/tools/bin/../lib/gcc/arm-none-eabi/7.3.1/thumb/v6-m\libgcc.a(_udivsi3.o)
                0x0000000008000118                __aeabi_uidiv
                0x0000000008000118                __udivsi3
                0x0000000008000224                __aeabi_uidivmod
 .text          0x000000000800022c      0x1d4 c:/st/stm32cubeide_1.1.0/stm32cubeide/plugins/com.st.stm32cube.ide.mcu.externaltools.gnu-tools-for-stm32.7-2018-q2-update.win32_1.4.0.202007081208/tools/bin/../lib/gcc/arm-none-eabi/7.3.1/thumb/v6-m\libgcc.a(_divsi3.o)
                0x000000000800022c                __divsi3
                0x000000000800022c                __aeabi_idiv
                0x00000000080003f8                __aeabi_idivmod
 .text          0x0000000008000400        0x4 c:/st/stm32cubeide_1.1.0/stm32cubeide/plugins/com.st.stm32cube.ide.mcu.externaltools.gnu-tools-for-stm32.7-2018-q2-update.win32_1.4.0.202007081208/tools/bin/../lib/gcc/arm-none-eabi/7.3.1/thumb/v6-m\libgcc.a(_dvmd_tls.o)
                0x0000000008000400                __aeabi_idiv0
                0x0000000008000400                __aeabi_ldiv0
 .text          0x0000000008000404       0x74 c:/st/stm32cubeide_1.1.0/stm32cubeide/plugins/com.st.stm32cube.ide.mcu.externaltools.gnu-tools-for-stm32.7-2018-q2-update.win32_1.4.0.202007081208/tools/bin/../lib/gcc/arm-none-eabi/7.3.1/thumb/v6-m\libgcc.a(_arm_cmpsf2.o)
                0x0000000008000404                __aeabi_cfrcmple
                0x000000000800040c                __aeabi_cfcmpeq
                0x000000000800040c                __aeabi_cfcmple
                0x000000000800041c                __aeabi_fcmpeq
                0x0000000008000428                __aeabi_fcmplt
                0x000000000800043c                __aeabi_fcmple
                0x0000000008000450                __aeabi_fcmpgt
                0x0000000008000464                __aeabi_fcmpge
 .text          0x0000000008000478       0x30 c:/st/stm32cubeide_1.1.0/stm32cubeide/plugins/com.st.stm32cube.ide.mcu.externaltools.gnu-tools-for-stm32.7-2018-q2-update.win32_1.4.0.202007081208/tools/bin/../lib/gcc/arm-none-eabi/7.3.1/thumb/v6-m\libgcc.a(_fixunssfsi.o)
                0x0000000008000478                __fixunssfsi
                0x0000000008000478                __aeabi_f2uiz
 .text          0x00000000080004a8      0x224 c:/st/stm32cubeide_1.1.0/stm32cubeide/plugins/com.st.stm32cube.ide.mcu.externaltools.gnu-tools-for-stm32.7-2018-q2-update.win32_1.4.0.202007081208/tools/bin/../lib/gcc/arm-none-eabi/7.3.1/thumb/v6-m\libgcc.a(divsf3.o)
                0x00000000080004a8                __aeabi_fdiv
 .text          0x00000000080006cc       0x50 c:/st/stm32cubeide_1.1.0/stm32cubeide/plugins/com.st.stm32cube.ide.mcu.externaltools.gnu-tools-for-stm32.7-2018-q2-update.win32_1.4.0.202007081208/tools/bin/../lib/gcc/arm-none-eabi/7.3.1/thumb/v6-m\libgcc.a(eqsf2.o)
                0x00000000080006cc                __eqsf2
                0x00000000080006cc                __nesf2
 .text          0x000000000800071c       0x9c c:/st/stm32cubeide_1.1.0/stm32cubeide/plugins/com.st.stm32cube.ide.mcu.externaltools.gnu-tools-for-stm32.7-2018-q2-update.win32_1.4.0.202007081208/tools/bin/../lib/gcc/arm-none-eabi/7.3.1/thumb/v6-m\libgcc.a(gesf2.o)
                0x000000000800071c                __gesf2
                0x000000000800071c                __gtsf2
 .text          0x00000000080007b8       0xa0 c:/st/stm32cubeide_1.1.0/stm32cubeide/plugins/com.st.stm32cube.ide.mcu.externaltools.gnu-tools-for-stm32.7-2018-q2-update.win32_1.4.0.202007081208/tools/bin/../lib/gcc/arm-none-eabi/7.3.1/thumb/v6-m\libgcc.a(lesf2.o)
                0x00000000080007b8                __ltsf2
                0x00000000080007b8                __lesf2
 .text          0x0000000008000858      0x264 c:/st/stm32cubeide_1.1.0/stm32cubeide/plugins/com.st.stm32cube.ide.mcu.externaltools.gnu-tools-for-stm32.7-2018-q2-update.win32_1.4.0.202007081208/tools/bin/../lib/gcc/arm-none-eabi/7.3.1/thumb/v6-m\libgcc.a(mulsf3.o)
                0x0000000008000858                __aeabi_fmul
 .text          0x0000000008000abc      0x388 c:/st/stm32cubeide_1.1.0/stm32cubeide/plugins/com.st.stm32cube.ide.mcu.externaltools.gnu-tools-for-stm32.7-2018-q2-update.win32_1.4.0.202007081208/tools/bin/../lib/gcc/arm-none-eabi/7.3.1/thumb/v6-m\libgcc.a(subsf3.o)
                0x0000000008000abc                __aeabi_fsub
 .text          0x0000000008000e44       0x40 c:/st/stm32cubeide_1.1.0/stm32cubeide/plugins/com.st.stm32cube.ide.mcu.externaltools.gnu-tools-for-stm32.7-2018-q2-update.win32_1.4.0.202007081208/tools/bin/../lib/gcc/arm-none-eabi/7.3.1/thumb/v6-m\libgcc.a(fixsfsi.o)
                0x0000000008000e44                __aeabi_f2iz
 .text          0x0000000008000e84       0x80 c:/st/stm32cubeide_1.1.0/stm32cubeide/plugins/com.st.stm32cube.ide.mcu.externaltools.gnu-tools-for-stm32.7-2018-q2-update.win32_1.4.0.202007081208/tools/bin/../lib/gcc/arm-none-eabi/7.3.1/thumb/v6-m\libgcc.a(floatunsisf.o)
                0x0000000008000e84                __aeabi_ui2f
 .text          0x0000000008000f04      0x604 c:/st/stm32cubeide_1.1.0/stm32cubeide/plugins/com.st.stm32cube.ide.mcu.externaltools.gnu-tools-for-stm32.7-2018-q2-update.win32_1.4.0.202007081208/tools/bin/../lib/gcc/arm-none-eabi/7.3.1/thumb/v6-m\libgcc.a(divdf3.o)
                0x0000000008000f04                __aeabi_ddiv
 .text          0x0000000008001508      0x4e4 c:/st/stm32cubeide_1.1.0/stm32cubeide/plugins/com.st.stm32cube.ide.mcu.externaltools.gnu-tools-for-stm32.7-2018-q2-update.win32_1.4.0.202007081208/tools/bin/../lib/gcc/arm-none-eabi/7.3.1/thumb/v6-m\libgcc.a(muldf3.o)
                0x0000000008001508                __aeabi_dmul
 .text          0x00000000080019ec       0x74 c:/st/stm32cubeide_1.1.0/stm32cubeide/plugins/com.st.stm32cube.ide.mcu.externaltools.gnu-tools-for-stm32.7-2018-q2-update.win32_1.4.0.202007081208/tools/bin/../lib/gcc/arm-none-eabi/7.3.1/thumb/v6-m\libgcc.a(floatsidf.o)
                0x00000000080019ec                __aeabi_i2d
 .text          0x0000000008001a60       0x64 c:/st/stm32cubeide_1.1.0/stm32cubeide/plugins/com.st.stm32cube.ide.mcu.externaltools.gnu-tools-for-stm32.7-2018-q2-update.win32_1.4.0.202007081208/tools/bin/../lib/gcc/arm-none-eabi/7.3.1/thumb/v6-m\libgcc.a(floatunsidf.o)
                0x0000000008001a60                __aeabi_ui2d
 .text          0x0000000008001ac4      0x108 c:/st/stm32cubeide_1.1.0/stm32cubeide/plugins/com.st.stm32cube.ide.mcu.externaltools.gnu-tools-for-stm32.7-2018-q2-update.win32_1.4.0.202007081208/tools/bin/../lib/gcc/arm-none-eabi/7.3.1/thumb/v6-m\libgcc.a(truncdfsf2.o)
                0x0000000008001ac4                __aeabi_d2f
 .text          0x0000000008001bcc       0x3c c:/st/stm32cubeide_1.1.0/stm32cubeide/plugins/com.st.stm32cube.ide.mcu.externaltools.gnu-tools-for-stm32.7-2018-q2-update.win32_1.4.0.202007081208/tools/bin/../lib/gcc/arm-none-eabi/7.3.1/thumb/v6-m\libgcc.a(_clzsi2.o)
                0x0000000008001bcc                __clzsi2
 *(.text*)
 .text.SPI_DC_LOW
                0x0000000008001c08       0x1c Core/Src/TFT_display.o
                0x0000000008001c08                SPI_DC_LOW
 .text.SPI_DC_HIGH
                0x0000000008001c24       0x1c Core/Src/TFT_display.o
                0x0000000008001c24                SPI_DC_HIGH
 .text.sendCommand
                0x0000000008001c40       0x66 Core/Src/TFT_display.o
                0x0000000008001c40                sendCommand
 *fill*         0x0000000008001ca6        0x2 
 .text.sendColor
                0x0000000008001ca8       0xac Core/Src/TFT_display.o
                0x0000000008001ca8                sendColor
 .text.sendColorBuffer
                0x0000000008001d54       0x8c Core/Src/TFT_display.o
                0x0000000008001d54                sendColorBuffer
 .text.HAL_SPI_TxCpltCallback
                0x0000000008001de0       0x4c Core/Src/TFT_display.o
                0x0000000008001de0                HAL_SPI_TxCpltCallback
 .text.displayInit
                0x0000000008001e2c      0x110 Core/Src/TFT_display.o
                0x0000000008001e2c                displayInit
 .text.TFT_startup
                0x0000000008001f3c       0x88 Core/Src/TFT_display.o
                0x0000000008001f3c                TFT_startup
 .text.setAddrWindow
                0x0000000008001fc4       0xd4 Core/Src/TFT_display.o
                0x0000000008001fc4                setAddrWindow
 .text.drawHLine
                0x0000000008002098       0xa4 Core/Src/TFT_display.o
                0x0000000008002098                drawHLine
 .text.drawVLine
                0x000000000800213c       0xa4 Core/Src/TFT_display.o
                0x000000000800213c                drawVLine
 .text.drawBuffer
                0x00000000080021e0       0x90 Core/Src/TFT_display.o
                0x00000000080021e0                drawBuffer
 .text.drawRect
                0x0000000008002270       0x74 Core/Src/TFT_display.o
                0x0000000008002270                drawRect
 .text.fillRect
                0x00000000080022e4       0x4a Core/Src/TFT_display.o
                0x00000000080022e4                fillRect
 *fill*         0x000000000800232e        0x2 
 .text.fillScreen
                0x0000000008002330       0x54 Core/Src/TFT_display.o
                0x0000000008002330                fillScreen
 .text.clearScreen
                0x0000000008002384       0x30 Core/Src/TFT_display.o
                0x0000000008002384                clearScreen
 .text.drawChar
                0x00000000080023b4      0x664 Core/Src/TFT_display.o
                0x00000000080023b4                drawChar
 .text.drawText
                0x0000000008002a18       0x6c Core/Src/TFT_display.o
                0x0000000008002a18                drawText
 .text.drawTextAt
                0x0000000008002a84       0x90 Core/Src/TFT_display.o
                0x0000000008002a84                drawTextAt
 .text.drawCenteredText
                0x0000000008002b14       0xd8 Core/Src/TFT_display.o
                0x0000000008002b14                drawCenteredText
 .text.drawCenteredTextWithPadding
                0x0000000008002bec      0x1b8 Core/Src/TFT_display.o
                0x0000000008002bec                drawCenteredTextWithPadding
 .text.setCursor
                0x0000000008002da4       0x34 Core/Src/TFT_display.o
                0x0000000008002da4                setCursor
 .text.setTextSize
                0x0000000008002dd8       0x20 Core/Src/TFT_display.o
                0x0000000008002dd8                setTextSize
 .text.setTextColor
                0x0000000008002df8       0x20 Core/Src/TFT_display.o
                0x0000000008002df8                setTextColor
 .text.getBackgroundColor
                0x0000000008002e18       0x14 Core/Src/TFT_display.o
                0x0000000008002e18                getBackgroundColor
 .text.setDisplayOrientation
                0x0000000008002e2c       0xc0 Core/Src/TFT_display.o
                0x0000000008002e2c                setDisplayOrientation
 .text.getDisplayOrientation
                0x0000000008002eec       0x14 Core/Src/TFT_display.o
                0x0000000008002eec                getDisplayOrientation
 .text.getDisplayHeight
                0x0000000008002f00       0x14 Core/Src/TFT_display.o
                0x0000000008002f00                getDisplayHeight
 .text.getDisplayWidth
                0x0000000008002f14       0x14 Core/Src/TFT_display.o
                0x0000000008002f14                getDisplayWidth
 .text.leftToCentered
                0x0000000008002f28       0x48 Core/Src/TFT_display.o
                0x0000000008002f28                leftToCentered
 .text.centeredToLeft
                0x0000000008002f70       0x48 Core/Src/TFT_display.o
                0x0000000008002f70                centeredToLeft
 .text.batteryManager
                0x0000000008002fb8       0x40 Core/Src/battery.o
                0x0000000008002fb8                batteryManager
 .text.getBatteryPercentage
                0x0000000008002ff8      0x108 Core/Src/battery.o
                0x0000000008002ff8                getBatteryPercentage
 .text.search   0x0000000008003100       0x64 Core/Src/battery.o
                0x0000000008003100                search
 .text.setTime  0x0000000008003164       0x6a Core/Src/clocks.o
                0x0000000008003164                setTime
 *fill*         0x00000000080031ce        0x2 
 .text.setDate  0x00000000080031d0       0x80 Core/Src/clocks.o
                0x00000000080031d0                setDate
 .text.setDateTime
                0x0000000008003250       0x2c Core/Src/clocks.o
                0x0000000008003250                setDateTime
 .text.setAlarm
                0x000000000800327c       0xaa Core/Src/clocks.o
                0x000000000800327c                setAlarm
 *fill*         0x0000000008003326        0x2 
 .text.setClockAlarm
                0x0000000008003328      0x2ec Core/Src/clocks.o
                0x0000000008003328                setClockAlarm
 .text.HAL_RTC_AlarmAEventCallback
                0x0000000008003614       0x30 Core/Src/clocks.o
                0x0000000008003614                HAL_RTC_AlarmAEventCallback
 .text.HAL_RTCEx_AlarmBEventCallback
                0x0000000008003644       0x24 Core/Src/clocks.o
                0x0000000008003644                HAL_RTCEx_AlarmBEventCallback
 .text.getTime  0x0000000008003668       0x48 Core/Src/clocks.o
                0x0000000008003668                getTime
 .text.getDateTime
                0x00000000080036b0       0x80 Core/Src/clocks.o
                0x00000000080036b0                getDateTime
 .text.setRTCCalibration
                0x0000000008003730       0xc0 Core/Src/clocks.o
                0x0000000008003730                setRTCCalibration
 .text.timeToSeconds
                0x00000000080037f0       0x3e Core/Src/clocks.o
                0x00000000080037f0                timeToSeconds
 .text.secondsToTime
                0x000000000800382e       0x5e Core/Src/clocks.o
                0x000000000800382e                secondsToTime
 .text.weekdayCalculator
                0x000000000800388c       0xa8 Core/Src/clocks.o
                0x000000000800388c                weekdayCalculator
 .text.maxDaysInMonth
                0x0000000008003934       0xd4 Core/Src/clocks.o
                0x0000000008003934                maxDaysInMonth
 .text.main     0x0000000008003a08      0x108 Core/Src/main.o
                0x0000000008003a08                main
 .text.SystemClock_Config
                0x0000000008003b10      0x110 Core/Src/main.o
                0x0000000008003b10                SystemClock_Config
 .text.MX_ADC_Init
                0x0000000008003c20       0xc8 Core/Src/main.o
 .text.MX_RTC_Init
                0x0000000008003ce8      0x138 Core/Src/main.o
 .text.MX_SPI2_Init
                0x0000000008003e20       0x70 Core/Src/main.o
 .text.MX_TIM2_Init
                0x0000000008003e90      0x11c Core/Src/main.o
 .text.MX_TIM3_Init
                0x0000000008003fac      0x114 Core/Src/main.o
 .text.MX_TIM6_Init
                0x00000000080040c0       0x78 Core/Src/main.o
 .text.MX_TIM21_Init
                0x0000000008004138      0x130 Core/Src/main.o
 .text.MX_TIM22_Init
                0x0000000008004268      0x120 Core/Src/main.o
 .text.MX_USB_PCD_Init
                0x0000000008004388       0x4c Core/Src/main.o
 .text.MX_DMA_Init
                0x00000000080043d4       0x3c Core/Src/main.o
 .text.MX_GPIO_Init
                0x0000000008004410      0x174 Core/Src/main.o
 .text.Error_Handler
                0x0000000008004584        0xa Core/Src/main.o
                0x0000000008004584                Error_Handler
 *fill*         0x000000000800458e        0x2 
 .text.HAL_MspInit
                0x0000000008004590       0x28 Core/Src/stm32l0xx_hal_msp.o
                0x0000000008004590                HAL_MspInit
 .text.HAL_ADC_MspInit
                0x00000000080045b8       0x8c Core/Src/stm32l0xx_hal_msp.o
                0x00000000080045b8                HAL_ADC_MspInit
 .text.HAL_RTC_MspInit
                0x0000000008004644       0x40 Core/Src/stm32l0xx_hal_msp.o
                0x0000000008004644                HAL_RTC_MspInit
 .text.HAL_SPI_MspInit
                0x0000000008004684       0xf8 Core/Src/stm32l0xx_hal_msp.o
                0x0000000008004684                HAL_SPI_MspInit
 .text.HAL_TIM_Base_MspInit
                0x000000000800477c       0xcc Core/Src/stm32l0xx_hal_msp.o
                0x000000000800477c                HAL_TIM_Base_MspInit
 .text.HAL_TIM_MspPostInit
                0x0000000008004848       0x7c Core/Src/stm32l0xx_hal_msp.o
                0x0000000008004848                HAL_TIM_MspPostInit
 .text.HAL_PCD_MspInit
                0x00000000080048c4       0x30 Core/Src/stm32l0xx_hal_msp.o
                0x00000000080048c4                HAL_PCD_MspInit
 .text.NMI_Handler
                0x00000000080048f4        0xa Core/Src/stm32l0xx_it.o
                0x00000000080048f4                NMI_Handler
 .text.HardFault_Handler
                0x00000000080048fe        0x6 Core/Src/stm32l0xx_it.o
                0x00000000080048fe                HardFault_Handler
 .text.SVC_Handler
                0x0000000008004904        0xa Core/Src/stm32l0xx_it.o
                0x0000000008004904                SVC_Handler
 .text.PendSV_Handler
                0x000000000800490e        0xa Core/Src/stm32l0xx_it.o
                0x000000000800490e                PendSV_Handler
 .text.SysTick_Handler
                0x0000000008004918        0xe Core/Src/stm32l0xx_it.o
                0x0000000008004918                SysTick_Handler
 *fill*         0x0000000008004926        0x2 
 .text.RTC_IRQHandler
                0x0000000008004928       0x18 Core/Src/stm32l0xx_it.o
                0x0000000008004928                RTC_IRQHandler
 .text.EXTI0_1_IRQHandler
                0x0000000008004940       0x10 Core/Src/stm32l0xx_it.o
                0x0000000008004940                EXTI0_1_IRQHandler
 .text.EXTI2_3_IRQHandler
                0x0000000008004950       0x10 Core/Src/stm32l0xx_it.o
                0x0000000008004950                EXTI2_3_IRQHandler
 .text.EXTI4_15_IRQHandler
                0x0000000008004960       0x1e Core/Src/stm32l0xx_it.o
                0x0000000008004960                EXTI4_15_IRQHandler
 *fill*         0x000000000800497e        0x2 
 .text.DMA1_Channel4_5_6_7_IRQHandler
                0x0000000008004980       0x18 Core/Src/stm32l0xx_it.o
                0x0000000008004980                DMA1_Channel4_5_6_7_IRQHandler
 .text.ADC1_COMP_IRQHandler
                0x0000000008004998       0x18 Core/Src/stm32l0xx_it.o
                0x0000000008004998                ADC1_COMP_IRQHandler
 .text.TIM2_IRQHandler
                0x00000000080049b0       0x18 Core/Src/stm32l0xx_it.o
                0x00000000080049b0                TIM2_IRQHandler
 .text.TIM21_IRQHandler
                0x00000000080049c8       0x18 Core/Src/stm32l0xx_it.o
                0x00000000080049c8                TIM21_IRQHandler
 .text.TIM22_IRQHandler
                0x00000000080049e0       0x18 Core/Src/stm32l0xx_it.o
                0x00000000080049e0                TIM22_IRQHandler
 .text.SPI2_IRQHandler
                0x00000000080049f8       0x18 Core/Src/stm32l0xx_it.o
                0x00000000080049f8                SPI2_IRQHandler
 .text._sbrk    0x0000000008004a10       0x58 Core/Src/sysmem.o
                0x0000000008004a10                _sbrk
 .text.SystemInit
                0x0000000008004a68       0x7c Core/Src/system_stm32l0xx.o
                0x0000000008004a68                SystemInit
 .text.HAL_TIM_PeriodElapsedCallback
                0x0000000008004ae4       0x78 Core/Src/timers.o
                0x0000000008004ae4                HAL_TIM_PeriodElapsedCallback
 .text.HAL_TIM_OC_DelayElapsedCallback
                0x0000000008004b5c      0x144 Core/Src/timers.o
                0x0000000008004b5c                HAL_TIM_OC_DelayElapsedCallback
 .text.runTimer
                0x0000000008004ca0       0xbc Core/Src/timers.o
                0x0000000008004ca0                runTimer
 .text.pauseTimer
                0x0000000008004d5c       0x2c Core/Src/timers.o
                0x0000000008004d5c                pauseTimer
 .text.stopTimer
                0x0000000008004d88       0x30 Core/Src/timers.o
                0x0000000008004d88                stopTimer
 .text.runStopwatch
                0x0000000008004db8       0xd0 Core/Src/timers.o
                0x0000000008004db8                runStopwatch
 .text.pauseStopwatch
                0x0000000008004e88       0x28 Core/Src/timers.o
                0x0000000008004e88                pauseStopwatch
 .text.clearStopwatch
                0x0000000008004eb0       0x40 Core/Src/timers.o
                0x0000000008004eb0                clearStopwatch
 .text.runADCSampler
                0x0000000008004ef0       0x24 Core/Src/timers.o
                0x0000000008004ef0                runADCSampler
 .text.runMotor
                0x0000000008004f14       0x70 Core/Src/timers.o
                0x0000000008004f14                runMotor
 .text.stopMotor
                0x0000000008004f84       0x24 Core/Src/timers.o
                0x0000000008004f84                stopMotor
 .text.setDisplayBacklight
                0x0000000008004fa8       0x98 Core/Src/timers.o
                0x0000000008004fa8                setDisplayBacklight
 .text.HAL_GPIO_EXTI_Callback
                0x0000000008005040       0x58 Core/Src/user_interface.o
                0x0000000008005040                HAL_GPIO_EXTI_Callback
 .text.updateState
                0x0000000008005098      0x3d4 Core/Src/user_interface.o
                0x0000000008005098                updateState
 .text.updateClockState
                0x000000000800546c      0x2e8 Core/Src/user_interface.o
                0x000000000800546c                updateClockState
 .text.updateTimerState
                0x0000000008005754      0x278 Core/Src/user_interface.o
                0x0000000008005754                updateTimerState
 .text.updateAlarmState
                0x00000000080059cc      0x258 Core/Src/user_interface.o
                0x00000000080059cc                updateAlarmState
 .text.updateStopwatchState
                0x0000000008005c24       0xc4 Core/Src/user_interface.o
                0x0000000008005c24                updateStopwatchState
 .text.updateDisplay
                0x0000000008005ce8      0x144 Core/Src/user_interface.o
                0x0000000008005ce8                updateDisplay
 .text.drawClockApp
                0x0000000008005e2c      0x254 Core/Src/user_interface.o
                0x0000000008005e2c                drawClockApp
 .text.drawTimerApp
                0x0000000008006080      0x310 Core/Src/user_interface.o
                0x0000000008006080                drawTimerApp
 .text.drawAlarmApp
                0x0000000008006390      0x32c Core/Src/user_interface.o
                0x0000000008006390                drawAlarmApp
 .text.drawStopwatchApp
                0x00000000080066bc      0x200 Core/Src/user_interface.o
                0x00000000080066bc                drawStopwatchApp
 .text.drawButton
                0x00000000080068bc       0x74 Core/Src/user_interface.o
                0x00000000080068bc                drawButton
 .text.drawButtons
                0x0000000008006930      0x17c Core/Src/user_interface.o
                0x0000000008006930                drawButtons
 .text.drawButtonText
                0x0000000008006aac      0x204 Core/Src/user_interface.o
                0x0000000008006aac                drawButtonText
 .text.drawTitle
                0x0000000008006cb0       0xd0 Core/Src/user_interface.o
                0x0000000008006cb0                drawTitle
 .text.drawCenteredModeText
                0x0000000008006d80       0x5c Core/Src/user_interface.o
                0x0000000008006d80                drawCenteredModeText
 .text.drawBattery
                0x0000000008006ddc      0x170 Core/Src/user_interface.o
                0x0000000008006ddc                drawBattery
 .text.drawTinyTime
                0x0000000008006f4c       0xfc Core/Src/user_interface.o
                0x0000000008006f4c                drawTinyTime
 .text.drawTopBar
                0x0000000008007048       0x74 Core/Src/user_interface.o
                0x0000000008007048                drawTopBar
 .text.drawTime
                0x00000000080070bc      0x128 Core/Src/user_interface.o
                0x00000000080070bc                drawTime
 .text.drawDateTime
                0x00000000080071e4       0xb0 Core/Src/user_interface.o
                0x00000000080071e4                drawDateTime
 .text.drawWeekdayTime
                0x0000000008007294       0x5c Core/Src/user_interface.o
                0x0000000008007294                drawWeekdayTime
 .text.drawBasicTime
                0x00000000080072f0       0x54 Core/Src/user_interface.o
                0x00000000080072f0                drawBasicTime
 .text.initFace
                0x0000000008007344       0x6c Core/Src/user_interface.o
                0x0000000008007344                initFace
 .text.Reset_Handler
                0x00000000080073b0       0x50 Core/Startup/startup_stm32l073rztx.o
                0x00000000080073b0                Reset_Handler
 .text.Default_Handler
                0x0000000008007400        0x2 Core/Startup/startup_stm32l073rztx.o
                0x0000000008007400                TSC_IRQHandler
                0x0000000008007400                PVD_IRQHandler
                0x0000000008007400                I2C1_IRQHandler
                0x0000000008007400                RCC_CRS_IRQHandler
                0x0000000008007400                SPI1_IRQHandler
                0x0000000008007400                TIM6_DAC_IRQHandler
                0x0000000008007400                I2C2_IRQHandler
                0x0000000008007400                LCD_IRQHandler
                0x0000000008007400                TIM3_IRQHandler
                0x0000000008007400                DMA1_Channel1_IRQHandler
                0x0000000008007400                USART4_5_IRQHandler
                0x0000000008007400                Default_Handler
                0x0000000008007400                TIM7_IRQHandler
                0x0000000008007400                USB_IRQHandler
                0x0000000008007400                I2C3_IRQHandler
                0x0000000008007400                WWDG_IRQHandler
                0x0000000008007400                DMA1_Channel2_3_IRQHandler
                0x0000000008007400                USART2_IRQHandler
                0x0000000008007400                FLASH_IRQHandler
                0x0000000008007400                USART1_IRQHandler
                0x0000000008007400                RNG_LPUART1_IRQHandler
                0x0000000008007400                LPTIM1_IRQHandler
 *fill*         0x0000000008007402        0x2 
 .text.HAL_Init
                0x0000000008007404       0x40 Drivers/STM32L0xx_HAL_Driver/Src/stm32l0xx_hal.o
                0x0000000008007404                HAL_Init
 .text.HAL_InitTick
                0x0000000008007444       0x68 Drivers/STM32L0xx_HAL_Driver/Src/stm32l0xx_hal.o
                0x0000000008007444                HAL_InitTick
 .text.HAL_IncTick
                0x00000000080074ac       0x24 Drivers/STM32L0xx_HAL_Driver/Src/stm32l0xx_hal.o
                0x00000000080074ac                HAL_IncTick
 .text.HAL_GetTick
                0x00000000080074d0       0x14 Drivers/STM32L0xx_HAL_Driver/Src/stm32l0xx_hal.o
                0x00000000080074d0                HAL_GetTick
 .text.HAL_Delay
                0x00000000080074e4       0x44 Drivers/STM32L0xx_HAL_Driver/Src/stm32l0xx_hal.o
                0x00000000080074e4                HAL_Delay
 .text.HAL_ADC_Init
                0x0000000008007528      0x2e8 Drivers/STM32L0xx_HAL_Driver/Src/stm32l0xx_hal_adc.o
                0x0000000008007528                HAL_ADC_Init
 .text.HAL_ADC_Start
                0x0000000008007810       0xa8 Drivers/STM32L0xx_HAL_Driver/Src/stm32l0xx_hal_adc.o
                0x0000000008007810                HAL_ADC_Start
 .text.HAL_ADC_Stop
                0x00000000080078b8       0x80 Drivers/STM32L0xx_HAL_Driver/Src/stm32l0xx_hal_adc.o
                0x00000000080078b8                HAL_ADC_Stop
 .text.HAL_ADC_PollForConversion
                0x0000000008007938      0x12c Drivers/STM32L0xx_HAL_Driver/Src/stm32l0xx_hal_adc.o
                0x0000000008007938                HAL_ADC_PollForConversion
 .text.HAL_ADC_GetValue
                0x0000000008007a64       0x16 Drivers/STM32L0xx_HAL_Driver/Src/stm32l0xx_hal_adc.o
                0x0000000008007a64                HAL_ADC_GetValue
 *fill*         0x0000000008007a7a        0x2 
 .text.HAL_ADC_IRQHandler
                0x0000000008007a7c      0x178 Drivers/STM32L0xx_HAL_Driver/Src/stm32l0xx_hal_adc.o
                0x0000000008007a7c                HAL_ADC_IRQHandler
 .text.HAL_ADC_ConvCpltCallback
                0x0000000008007bf4       0x10 Drivers/STM32L0xx_HAL_Driver/Src/stm32l0xx_hal_adc.o
                0x0000000008007bf4                HAL_ADC_ConvCpltCallback
 .text.HAL_ADC_LevelOutOfWindowCallback
                0x0000000008007c04       0x10 Drivers/STM32L0xx_HAL_Driver/Src/stm32l0xx_hal_adc.o
                0x0000000008007c04                HAL_ADC_LevelOutOfWindowCallback
 .text.HAL_ADC_ErrorCallback
                0x0000000008007c14       0x10 Drivers/STM32L0xx_HAL_Driver/Src/stm32l0xx_hal_adc.o
                0x0000000008007c14                HAL_ADC_ErrorCallback
 .text.HAL_ADC_ConfigChannel
                0x0000000008007c24      0x140 Drivers/STM32L0xx_HAL_Driver/Src/stm32l0xx_hal_adc.o
                0x0000000008007c24                HAL_ADC_ConfigChannel
 .text.ADC_Enable
                0x0000000008007d64       0xc0 Drivers/STM32L0xx_HAL_Driver/Src/stm32l0xx_hal_adc.o
 .text.ADC_Disable
                0x0000000008007e24       0xc0 Drivers/STM32L0xx_HAL_Driver/Src/stm32l0xx_hal_adc.o
 .text.ADC_ConversionStop
                0x0000000008007ee4       0x8c Drivers/STM32L0xx_HAL_Driver/Src/stm32l0xx_hal_adc.o
 .text.ADC_DelayMicroSecond
                0x0000000008007f70       0x3c Drivers/STM32L0xx_HAL_Driver/Src/stm32l0xx_hal_adc.o
 .text.NVIC_EnableIRQ
                0x0000000008007fac       0x2c Drivers/STM32L0xx_HAL_Driver/Src/stm32l0xx_hal_cortex.o
 .text.NVIC_ClearPendingIRQ
                0x0000000008007fd8       0x30 Drivers/STM32L0xx_HAL_Driver/Src/stm32l0xx_hal_cortex.o
 .text.NVIC_SetPriority
                0x0000000008008008       0xdc Drivers/STM32L0xx_HAL_Driver/Src/stm32l0xx_hal_cortex.o
 .text.SysTick_Config
                0x00000000080080e4       0x48 Drivers/STM32L0xx_HAL_Driver/Src/stm32l0xx_hal_cortex.o
 .text.HAL_NVIC_SetPriority
                0x000000000800812c       0x2a Drivers/STM32L0xx_HAL_Driver/Src/stm32l0xx_hal_cortex.o
                0x000000000800812c                HAL_NVIC_SetPriority
 .text.HAL_NVIC_EnableIRQ
                0x0000000008008156       0x20 Drivers/STM32L0xx_HAL_Driver/Src/stm32l0xx_hal_cortex.o
                0x0000000008008156                HAL_NVIC_EnableIRQ
 .text.HAL_SYSTICK_Config
                0x0000000008008176       0x1a Drivers/STM32L0xx_HAL_Driver/Src/stm32l0xx_hal_cortex.o
                0x0000000008008176                HAL_SYSTICK_Config
 .text.HAL_NVIC_ClearPendingIRQ
                0x0000000008008190       0x20 Drivers/STM32L0xx_HAL_Driver/Src/stm32l0xx_hal_cortex.o
                0x0000000008008190                HAL_NVIC_ClearPendingIRQ
 .text.HAL_DMA_Init
                0x00000000080081b0       0xf0 Drivers/STM32L0xx_HAL_Driver/Src/stm32l0xx_hal_dma.o
                0x00000000080081b0                HAL_DMA_Init
 .text.HAL_DMA_Start_IT
                0x00000000080082a0       0xcc Drivers/STM32L0xx_HAL_Driver/Src/stm32l0xx_hal_dma.o
                0x00000000080082a0                HAL_DMA_Start_IT
 .text.HAL_DMA_Abort_IT
                0x000000000800836c       0x90 Drivers/STM32L0xx_HAL_Driver/Src/stm32l0xx_hal_dma.o
                0x000000000800836c                HAL_DMA_Abort_IT
 .text.HAL_DMA_IRQHandler
                0x00000000080083fc      0x15c Drivers/STM32L0xx_HAL_Driver/Src/stm32l0xx_hal_dma.o
                0x00000000080083fc                HAL_DMA_IRQHandler
 .text.DMA_SetConfig
                0x0000000008008558       0x5c Drivers/STM32L0xx_HAL_Driver/Src/stm32l0xx_hal_dma.o
 .text.HAL_GPIO_Init
                0x00000000080085b4      0x2fc Drivers/STM32L0xx_HAL_Driver/Src/stm32l0xx_hal_gpio.o
                0x00000000080085b4                HAL_GPIO_Init
 .text.HAL_GPIO_WritePin
                0x00000000080088b0       0x3a Drivers/STM32L0xx_HAL_Driver/Src/stm32l0xx_hal_gpio.o
                0x00000000080088b0                HAL_GPIO_WritePin
 .text.HAL_GPIO_TogglePin
                0x00000000080088ea       0x36 Drivers/STM32L0xx_HAL_Driver/Src/stm32l0xx_hal_gpio.o
                0x00000000080088ea                HAL_GPIO_TogglePin
 .text.HAL_GPIO_EXTI_IRQHandler
                0x0000000008008920       0x38 Drivers/STM32L0xx_HAL_Driver/Src/stm32l0xx_hal_gpio.o
                0x0000000008008920                HAL_GPIO_EXTI_IRQHandler
 .text.HAL_PCD_Init
                0x0000000008008958      0x220 Drivers/STM32L0xx_HAL_Driver/Src/stm32l0xx_hal_pcd.o
                0x0000000008008958                HAL_PCD_Init
 .text.HAL_PCDEx_ActivateLPM
                0x0000000008008b78       0x54 Drivers/STM32L0xx_HAL_Driver/Src/stm32l0xx_hal_pcd_ex.o
                0x0000000008008b78                HAL_PCDEx_ActivateLPM
 .text.HAL_PWR_EnableBkUpAccess
                0x0000000008008bcc       0x1c Drivers/STM32L0xx_HAL_Driver/Src/stm32l0xx_hal_pwr.o
                0x0000000008008bcc                HAL_PWR_EnableBkUpAccess
 .text.HAL_RCC_OscConfig
                0x0000000008008be8      0x7a0 Drivers/STM32L0xx_HAL_Driver/Src/stm32l0xx_hal_rcc.o
                0x0000000008008be8                HAL_RCC_OscConfig
 .text.HAL_RCC_ClockConfig
                0x0000000008009388      0x254 Drivers/STM32L0xx_HAL_Driver/Src/stm32l0xx_hal_rcc.o
                0x0000000008009388                HAL_RCC_ClockConfig
 .text.HAL_RCC_GetSysClockFreq
                0x00000000080095dc      0x108 Drivers/STM32L0xx_HAL_Driver/Src/stm32l0xx_hal_rcc.o
                0x00000000080095dc                HAL_RCC_GetSysClockFreq
 .text.HAL_RCCEx_PeriphCLKConfig
                0x00000000080096e4      0x2e8 Drivers/STM32L0xx_HAL_Driver/Src/stm32l0xx_hal_rcc_ex.o
                0x00000000080096e4                HAL_RCCEx_PeriphCLKConfig
 .text.HAL_RTC_Init
                0x00000000080099cc      0x13c Drivers/STM32L0xx_HAL_Driver/Src/stm32l0xx_hal_rtc.o
                0x00000000080099cc                HAL_RTC_Init
 .text.HAL_RTC_SetTime
                0x0000000008009b08      0x188 Drivers/STM32L0xx_HAL_Driver/Src/stm32l0xx_hal_rtc.o
                0x0000000008009b08                HAL_RTC_SetTime
 .text.HAL_RTC_GetTime
                0x0000000008009c90       0xb8 Drivers/STM32L0xx_HAL_Driver/Src/stm32l0xx_hal_rtc.o
                0x0000000008009c90                HAL_RTC_GetTime
 .text.HAL_RTC_SetDate
                0x0000000008009d48      0x15c Drivers/STM32L0xx_HAL_Driver/Src/stm32l0xx_hal_rtc.o
                0x0000000008009d48                HAL_RTC_SetDate
 .text.HAL_RTC_GetDate
                0x0000000008009ea4       0x9c Drivers/STM32L0xx_HAL_Driver/Src/stm32l0xx_hal_rtc.o
                0x0000000008009ea4                HAL_RTC_GetDate
 .text.HAL_RTC_SetAlarm_IT
                0x0000000008009f40      0x298 Drivers/STM32L0xx_HAL_Driver/Src/stm32l0xx_hal_rtc.o
                0x0000000008009f40                HAL_RTC_SetAlarm_IT
 .text.HAL_RTC_DeactivateAlarm
                0x000000000800a1d8      0x140 Drivers/STM32L0xx_HAL_Driver/Src/stm32l0xx_hal_rtc.o
                0x000000000800a1d8                HAL_RTC_DeactivateAlarm
 .text.HAL_RTC_AlarmIRQHandler
                0x000000000800a318       0x9c Drivers/STM32L0xx_HAL_Driver/Src/stm32l0xx_hal_rtc.o
                0x000000000800a318                HAL_RTC_AlarmIRQHandler
 .text.HAL_RTC_WaitForSynchro
                0x000000000800a3b4       0x4e Drivers/STM32L0xx_HAL_Driver/Src/stm32l0xx_hal_rtc.o
                0x000000000800a3b4                HAL_RTC_WaitForSynchro
 .text.RTC_EnterInitMode
                0x000000000800a402       0x54 Drivers/STM32L0xx_HAL_Driver/Src/stm32l0xx_hal_rtc.o
                0x000000000800a402                RTC_EnterInitMode
 .text.RTC_ByteToBcd2
                0x000000000800a456       0x52 Drivers/STM32L0xx_HAL_Driver/Src/stm32l0xx_hal_rtc.o
                0x000000000800a456                RTC_ByteToBcd2
 .text.RTC_Bcd2ToByte
                0x000000000800a4a8       0x3a Drivers/STM32L0xx_HAL_Driver/Src/stm32l0xx_hal_rtc.o
                0x000000000800a4a8                RTC_Bcd2ToByte
 .text.HAL_RTCEx_SetSmoothCalib
                0x000000000800a4e2       0xc4 Drivers/STM32L0xx_HAL_Driver/Src/stm32l0xx_hal_rtc_ex.o
                0x000000000800a4e2                HAL_RTCEx_SetSmoothCalib
 *fill*         0x000000000800a5a6        0x2 
 .text.HAL_SPI_Init
                0x000000000800a5a8       0xd4 Drivers/STM32L0xx_HAL_Driver/Src/stm32l0xx_hal_spi.o
                0x000000000800a5a8                HAL_SPI_Init
 .text.HAL_SPI_Transmit
                0x000000000800a67c      0x29c Drivers/STM32L0xx_HAL_Driver/Src/stm32l0xx_hal_spi.o
                0x000000000800a67c                HAL_SPI_Transmit
 .text.HAL_SPI_Transmit_IT
                0x000000000800a918      0x11c Drivers/STM32L0xx_HAL_Driver/Src/stm32l0xx_hal_spi.o
                0x000000000800a918                HAL_SPI_Transmit_IT
 .text.HAL_SPI_Transmit_DMA
                0x000000000800aa34      0x178 Drivers/STM32L0xx_HAL_Driver/Src/stm32l0xx_hal_spi.o
                0x000000000800aa34                HAL_SPI_Transmit_DMA
 .text.HAL_SPI_IRQHandler
                0x000000000800abac      0x1fc Drivers/STM32L0xx_HAL_Driver/Src/stm32l0xx_hal_spi.o
                0x000000000800abac                HAL_SPI_IRQHandler
 .text.HAL_SPI_TxHalfCpltCallback
                0x000000000800ada8       0x10 Drivers/STM32L0xx_HAL_Driver/Src/stm32l0xx_hal_spi.o
                0x000000000800ada8                HAL_SPI_TxHalfCpltCallback
 .text.HAL_SPI_ErrorCallback
                0x000000000800adb8       0x10 Drivers/STM32L0xx_HAL_Driver/Src/stm32l0xx_hal_spi.o
                0x000000000800adb8                HAL_SPI_ErrorCallback
 .text.HAL_SPI_GetState
                0x000000000800adc8       0x18 Drivers/STM32L0xx_HAL_Driver/Src/stm32l0xx_hal_spi.o
                0x000000000800adc8                HAL_SPI_GetState
 .text.SPI_DMATransmitCplt
                0x000000000800ade0       0xac Drivers/STM32L0xx_HAL_Driver/Src/stm32l0xx_hal_spi.o
 .text.SPI_DMAHalfTransmitCplt
                0x000000000800ae8c       0x1e Drivers/STM32L0xx_HAL_Driver/Src/stm32l0xx_hal_spi.o
 .text.SPI_DMAError
                0x000000000800aeaa       0x42 Drivers/STM32L0xx_HAL_Driver/Src/stm32l0xx_hal_spi.o
 .text.SPI_DMAAbortOnError
                0x000000000800aeec       0x2a Drivers/STM32L0xx_HAL_Driver/Src/stm32l0xx_hal_spi.o
 .text.SPI_TxISR_8BIT
                0x000000000800af16       0x48 Drivers/STM32L0xx_HAL_Driver/Src/stm32l0xx_hal_spi.o
 .text.SPI_TxISR_16BIT
                0x000000000800af5e       0x46 Drivers/STM32L0xx_HAL_Driver/Src/stm32l0xx_hal_spi.o
 .text.SPI_WaitFlagStateUntilTimeout
                0x000000000800afa4       0xe0 Drivers/STM32L0xx_HAL_Driver/Src/stm32l0xx_hal_spi.o
 .text.SPI_EndRxTxTransaction
                0x000000000800b084       0x7a Drivers/STM32L0xx_HAL_Driver/Src/stm32l0xx_hal_spi.o
 *fill*         0x000000000800b0fe        0x2 
 .text.SPI_CloseTx_ISR
                0x000000000800b100       0xc8 Drivers/STM32L0xx_HAL_Driver/Src/stm32l0xx_hal_spi.o
 .text.HAL_TIM_Base_Init
                0x000000000800b1c8       0x58 Drivers/STM32L0xx_HAL_Driver/Src/stm32l0xx_hal_tim.o
                0x000000000800b1c8                HAL_TIM_Base_Init
 .text.HAL_TIM_Base_Start_IT
                0x000000000800b220       0x44 Drivers/STM32L0xx_HAL_Driver/Src/stm32l0xx_hal_tim.o
                0x000000000800b220                HAL_TIM_Base_Start_IT
 .text.HAL_TIM_Base_Stop_IT
                0x000000000800b264       0x44 Drivers/STM32L0xx_HAL_Driver/Src/stm32l0xx_hal_tim.o
                0x000000000800b264                HAL_TIM_Base_Stop_IT
 .text.HAL_TIM_OC_Init
                0x000000000800b2a8       0x58 Drivers/STM32L0xx_HAL_Driver/Src/stm32l0xx_hal_tim.o
                0x000000000800b2a8                HAL_TIM_OC_Init
 .text.HAL_TIM_OC_MspInit
                0x000000000800b300       0x10 Drivers/STM32L0xx_HAL_Driver/Src/stm32l0xx_hal_tim.o
                0x000000000800b300                HAL_TIM_OC_MspInit
 .text.HAL_TIM_OC_Start_IT
                0x000000000800b310       0xa4 Drivers/STM32L0xx_HAL_Driver/Src/stm32l0xx_hal_tim.o
                0x000000000800b310                HAL_TIM_OC_Start_IT
 .text.HAL_TIM_OC_Stop_IT
                0x000000000800b3b4       0xa4 Drivers/STM32L0xx_HAL_Driver/Src/stm32l0xx_hal_tim.o
                0x000000000800b3b4                HAL_TIM_OC_Stop_IT
 .text.HAL_TIM_PWM_Init
                0x000000000800b458       0x58 Drivers/STM32L0xx_HAL_Driver/Src/stm32l0xx_hal_tim.o
                0x000000000800b458                HAL_TIM_PWM_Init
 .text.HAL_TIM_PWM_MspInit
                0x000000000800b4b0       0x10 Drivers/STM32L0xx_HAL_Driver/Src/stm32l0xx_hal_tim.o
                0x000000000800b4b0                HAL_TIM_PWM_MspInit
 .text.HAL_TIM_PWM_Start
                0x000000000800b4c0       0x44 Drivers/STM32L0xx_HAL_Driver/Src/stm32l0xx_hal_tim.o
                0x000000000800b4c0                HAL_TIM_PWM_Start
 .text.HAL_TIM_IRQHandler
                0x000000000800b504      0x1d0 Drivers/STM32L0xx_HAL_Driver/Src/stm32l0xx_hal_tim.o
                0x000000000800b504                HAL_TIM_IRQHandler
 .text.HAL_TIM_OC_ConfigChannel
                0x000000000800b6d4       0x9c Drivers/STM32L0xx_HAL_Driver/Src/stm32l0xx_hal_tim.o
                0x000000000800b6d4                HAL_TIM_OC_ConfigChannel
 .text.HAL_TIM_PWM_ConfigChannel
                0x000000000800b770      0x170 Drivers/STM32L0xx_HAL_Driver/Src/stm32l0xx_hal_tim.o
                0x000000000800b770                HAL_TIM_PWM_ConfigChannel
 .text.HAL_TIM_ConfigClockSource
                0x000000000800b8e0      0x17c Drivers/STM32L0xx_HAL_Driver/Src/stm32l0xx_hal_tim.o
                0x000000000800b8e0                HAL_TIM_ConfigClockSource
 .text.HAL_TIM_IC_CaptureCallback
                0x000000000800ba5c       0x10 Drivers/STM32L0xx_HAL_Driver/Src/stm32l0xx_hal_tim.o
                0x000000000800ba5c                HAL_TIM_IC_CaptureCallback
 .text.HAL_TIM_PWM_PulseFinishedCallback
                0x000000000800ba6c       0x10 Drivers/STM32L0xx_HAL_Driver/Src/stm32l0xx_hal_tim.o
                0x000000000800ba6c                HAL_TIM_PWM_PulseFinishedCallback
 .text.HAL_TIM_TriggerCallback
                0x000000000800ba7c       0x10 Drivers/STM32L0xx_HAL_Driver/Src/stm32l0xx_hal_tim.o
                0x000000000800ba7c                HAL_TIM_TriggerCallback
 .text.TIM_Base_SetConfig
                0x000000000800ba8c       0xbc Drivers/STM32L0xx_HAL_Driver/Src/stm32l0xx_hal_tim.o
 .text.TIM_OC1_SetConfig
                0x000000000800bb48       0x78 Drivers/STM32L0xx_HAL_Driver/Src/stm32l0xx_hal_tim.o
 .text.TIM_OC2_SetConfig
                0x000000000800bbc0       0x84 Drivers/STM32L0xx_HAL_Driver/Src/stm32l0xx_hal_tim.o
 .text.TIM_OC3_SetConfig
                0x000000000800bc44       0x80 Drivers/STM32L0xx_HAL_Driver/Src/stm32l0xx_hal_tim.o
 .text.TIM_OC4_SetConfig
                0x000000000800bcc4       0x8c Drivers/STM32L0xx_HAL_Driver/Src/stm32l0xx_hal_tim.o
 .text.TIM_TI1_ConfigInputStage
                0x000000000800bd50       0x5c Drivers/STM32L0xx_HAL_Driver/Src/stm32l0xx_hal_tim.o
 .text.TIM_TI2_ConfigInputStage
                0x000000000800bdac       0x64 Drivers/STM32L0xx_HAL_Driver/Src/stm32l0xx_hal_tim.o
 .text.TIM_ITRx_SetConfig
                0x000000000800be10       0x32 Drivers/STM32L0xx_HAL_Driver/Src/stm32l0xx_hal_tim.o
 *fill*         0x000000000800be42        0x2 
 .text.TIM_ETR_SetConfig
                0x000000000800be44       0x40 Drivers/STM32L0xx_HAL_Driver/Src/stm32l0xx_hal_tim.o
 .text.TIM_CCxChannelCmd
                0x000000000800be84       0x46 Drivers/STM32L0xx_HAL_Driver/Src/stm32l0xx_hal_tim.o
 .text.HAL_TIMEx_MasterConfigSynchronization
                0x000000000800beca       0x86 Drivers/STM32L0xx_HAL_Driver/Src/stm32l0xx_hal_tim_ex.o
                0x000000000800beca                HAL_TIMEx_MasterConfigSynchronization
 .text.HAL_TIMEx_RemapConfig
                0x000000000800bf50       0x3a Drivers/STM32L0xx_HAL_Driver/Src/stm32l0xx_hal_tim_ex.o
                0x000000000800bf50                HAL_TIMEx_RemapConfig
 *fill*         0x000000000800bf8a        0x2 
 .text.USB_DisableGlobalInt
                0x000000000800bf8c       0x34 Drivers/STM32L0xx_HAL_Driver/Src/stm32l0xx_ll_usb.o
                0x000000000800bf8c                USB_DisableGlobalInt
 .text.USB_DevInit
                0x000000000800bfc0       0x58 Drivers/STM32L0xx_HAL_Driver/Src/stm32l0xx_ll_usb.o
                0x000000000800bfc0                USB_DevInit
 .text.calloc   0x000000000800c018       0x14 c:/st/stm32cubeide_1.1.0/stm32cubeide/plugins/com.st.stm32cube.ide.mcu.externaltools.gnu-tools-for-stm32.7-2018-q2-update.win32_1.4.0.202007081208/tools/bin/../lib/gcc/arm-none-eabi/7.3.1/../../../../arm-none-eabi/lib/thumb/v6-m\libc_nano.a(lib_a-calloc.o)
                0x000000000800c018                calloc
 .text.__errno  0x000000000800c02c        0xc c:/st/stm32cubeide_1.1.0/stm32cubeide/plugins/com.st.stm32cube.ide.mcu.externaltools.gnu-tools-for-stm32.7-2018-q2-update.win32_1.4.0.202007081208/tools/bin/../lib/gcc/arm-none-eabi/7.3.1/../../../../arm-none-eabi/lib/thumb/v6-m\libc_nano.a(lib_a-errno.o)
                0x000000000800c02c                __errno
 .text.__libc_init_array
                0x000000000800c038       0x48 c:/st/stm32cubeide_1.1.0/stm32cubeide/plugins/com.st.stm32cube.ide.mcu.externaltools.gnu-tools-for-stm32.7-2018-q2-update.win32_1.4.0.202007081208/tools/bin/../lib/gcc/arm-none-eabi/7.3.1/../../../../arm-none-eabi/lib/thumb/v6-m\libc_nano.a(lib_a-init.o)
                0x000000000800c038                __libc_init_array
 .text.memcpy   0x000000000800c080       0x12 c:/st/stm32cubeide_1.1.0/stm32cubeide/plugins/com.st.stm32cube.ide.mcu.externaltools.gnu-tools-for-stm32.7-2018-q2-update.win32_1.4.0.202007081208/tools/bin/../lib/gcc/arm-none-eabi/7.3.1/../../../../arm-none-eabi/lib/thumb/v6-m\libc_nano.a(lib_a-memcpy-stub.o)
                0x000000000800c080                memcpy
 .text.memset   0x000000000800c092       0x10 c:/st/stm32cubeide_1.1.0/stm32cubeide/plugins/com.st.stm32cube.ide.mcu.externaltools.gnu-tools-for-stm32.7-2018-q2-update.win32_1.4.0.202007081208/tools/bin/../lib/gcc/arm-none-eabi/7.3.1/../../../../arm-none-eabi/lib/thumb/v6-m\libc_nano.a(lib_a-memset.o)
                0x000000000800c092                memset
 .text._calloc_r
                0x000000000800c0a2       0x1c c:/st/stm32cubeide_1.1.0/stm32cubeide/plugins/com.st.stm32cube.ide.mcu.externaltools.gnu-tools-for-stm32.7-2018-q2-update.win32_1.4.0.202007081208/tools/bin/../lib/gcc/arm-none-eabi/7.3.1/../../../../arm-none-eabi/lib/thumb/v6-m\libc_nano.a(lib_a-nano-callocr.o)
                0x000000000800c0a2                _calloc_r
 *fill*         0x000000000800c0be        0x2 
 .text._malloc_r
                0x000000000800c0c0       0xbc c:/st/stm32cubeide_1.1.0/stm32cubeide/plugins/com.st.stm32cube.ide.mcu.externaltools.gnu-tools-for-stm32.7-2018-q2-update.win32_1.4.0.202007081208/tools/bin/../lib/gcc/arm-none-eabi/7.3.1/../../../../arm-none-eabi/lib/thumb/v6-m\libc_nano.a(lib_a-nano-mallocr.o)
                0x000000000800c0c0                _malloc_r
 .text._sbrk_r  0x000000000800c17c       0x24 c:/st/stm32cubeide_1.1.0/stm32cubeide/plugins/com.st.stm32cube.ide.mcu.externaltools.gnu-tools-for-stm32.7-2018-q2-update.win32_1.4.0.202007081208/tools/bin/../lib/gcc/arm-none-eabi/7.3.1/../../../../arm-none-eabi/lib/thumb/v6-m\libc_nano.a(lib_a-sbrkr.o)
                0x000000000800c17c                _sbrk_r
 .text.sprintf  0x000000000800c1a0       0x40 c:/st/stm32cubeide_1.1.0/stm32cubeide/plugins/com.st.stm32cube.ide.mcu.externaltools.gnu-tools-for-stm32.7-2018-q2-update.win32_1.4.0.202007081208/tools/bin/../lib/gcc/arm-none-eabi/7.3.1/../../../../arm-none-eabi/lib/thumb/v6-m\libc_nano.a(lib_a-sprintf.o)
                0x000000000800c1a0                siprintf
                0x000000000800c1a0                sprintf
 .text.__malloc_lock
                0x000000000800c1e0        0x2 c:/st/stm32cubeide_1.1.0/stm32cubeide/plugins/com.st.stm32cube.ide.mcu.externaltools.gnu-tools-for-stm32.7-2018-q2-update.win32_1.4.0.202007081208/tools/bin/../lib/gcc/arm-none-eabi/7.3.1/../../../../arm-none-eabi/lib/thumb/v6-m\libc_nano.a(lib_a-mlock.o)
                0x000000000800c1e0                __malloc_lock
 .text.__malloc_unlock
                0x000000000800c1e2        0x2 c:/st/stm32cubeide_1.1.0/stm32cubeide/plugins/com.st.stm32cube.ide.mcu.externaltools.gnu-tools-for-stm32.7-2018-q2-update.win32_1.4.0.202007081208/tools/bin/../lib/gcc/arm-none-eabi/7.3.1/../../../../arm-none-eabi/lib/thumb/v6-m\libc_nano.a(lib_a-mlock.o)
                0x000000000800c1e2                __malloc_unlock
 .text.__ssputs_r
                0x000000000800c1e4       0xc4 c:/st/stm32cubeide_1.1.0/stm32cubeide/plugins/com.st.stm32cube.ide.mcu.externaltools.gnu-tools-for-stm32.7-2018-q2-update.win32_1.4.0.202007081208/tools/bin/../lib/gcc/arm-none-eabi/7.3.1/../../../../arm-none-eabi/lib/thumb/v6-m\libc_nano.a(lib_a-nano-svfprintf.o)
                0x000000000800c1e4                __ssputs_r
 .text._svfprintf_r
                0x000000000800c2a8      0x1fc c:/st/stm32cubeide_1.1.0/stm32cubeide/plugins/com.st.stm32cube.ide.mcu.externaltools.gnu-tools-for-stm32.7-2018-q2-update.win32_1.4.0.202007081208/tools/bin/../lib/gcc/arm-none-eabi/7.3.1/../../../../arm-none-eabi/lib/thumb/v6-m\libc_nano.a(lib_a-nano-svfprintf.o)
                0x000000000800c2a8                _svfiprintf_r
                0x000000000800c2a8                _svfprintf_r
 .text._printf_common
                0x000000000800c4a4       0xda c:/st/stm32cubeide_1.1.0/stm32cubeide/plugins/com.st.stm32cube.ide.mcu.externaltools.gnu-tools-for-stm32.7-2018-q2-update.win32_1.4.0.202007081208/tools/bin/../lib/gcc/arm-none-eabi/7.3.1/../../../../arm-none-eabi/lib/thumb/v6-m\libc_nano.a(lib_a-nano-vfprintf_i.o)
                0x000000000800c4a4                _printf_common
 *fill*         0x000000000800c57e        0x2 
 .text._printf_i
                0x000000000800c580      0x210 c:/st/stm32cubeide_1.1.0/stm32cubeide/plugins/com.st.stm32cube.ide.mcu.externaltools.gnu-tools-for-stm32.7-2018-q2-update.win32_1.4.0.202007081208/tools/bin/../lib/gcc/arm-none-eabi/7.3.1/../../../../arm-none-eabi/lib/thumb/v6-m\libc_nano.a(lib_a-nano-vfprintf_i.o)
                0x000000000800c580                _printf_i
 .text.memchr   0x000000000800c790       0x16 c:/st/stm32cubeide_1.1.0/stm32cubeide/plugins/com.st.stm32cube.ide.mcu.externaltools.gnu-tools-for-stm32.7-2018-q2-update.win32_1.4.0.202007081208/tools/bin/../lib/gcc/arm-none-eabi/7.3.1/../../../../arm-none-eabi/lib/thumb/v6-m\libc_nano.a(lib_a-memchr-stub.o)
                0x000000000800c790                memchr
 .text.memmove  0x000000000800c7a6       0x26 c:/st/stm32cubeide_1.1.0/stm32cubeide/plugins/com.st.stm32cube.ide.mcu.externaltools.gnu-tools-for-stm32.7-2018-q2-update.win32_1.4.0.202007081208/tools/bin/../lib/gcc/arm-none-eabi/7.3.1/../../../../arm-none-eabi/lib/thumb/v6-m\libc_nano.a(lib_a-memmove.o)
                0x000000000800c7a6                memmove
 .text._free_r  0x000000000800c7cc       0x94 c:/st/stm32cubeide_1.1.0/stm32cubeide/plugins/com.st.stm32cube.ide.mcu.externaltools.gnu-tools-for-stm32.7-2018-q2-update.win32_1.4.0.202007081208/tools/bin/../lib/gcc/arm-none-eabi/7.3.1/../../../../arm-none-eabi/lib/thumb/v6-m\libc_nano.a(lib_a-nano-freer.o)
                0x000000000800c7cc                _free_r
 .text._realloc_r
                0x000000000800c860       0x4c c:/st/stm32cubeide_1.1.0/stm32cubeide/plugins/com.st.stm32cube.ide.mcu.externaltools.gnu-tools-for-stm32.7-2018-q2-update.win32_1.4.0.202007081208/tools/bin/../lib/gcc/arm-none-eabi/7.3.1/../../../../arm-none-eabi/lib/thumb/v6-m\libc_nano.a(lib_a-nano-reallocr.o)
                0x000000000800c860                _realloc_r
 .text._malloc_usable_size_r
                0x000000000800c8ac       0x10 c:/st/stm32cubeide_1.1.0/stm32cubeide/plugins/com.st.stm32cube.ide.mcu.externaltools.gnu-tools-for-stm32.7-2018-q2-update.win32_1.4.0.202007081208/tools/bin/../lib/gcc/arm-none-eabi/7.3.1/../../../../arm-none-eabi/lib/thumb/v6-m\libc_nano.a(lib_a-nano-msizer.o)
                0x000000000800c8ac                _malloc_usable_size_r
 *(.glue_7)
 .glue_7        0x000000000800c8bc        0x0 linker stubs
 *(.glue_7t)
 .glue_7t       0x000000000800c8bc        0x0 linker stubs
 *(.eh_frame)
 .eh_frame      0x000000000800c8bc        0x0 c:/st/stm32cubeide_1.1.0/stm32cubeide/plugins/com.st.stm32cube.ide.mcu.externaltools.gnu-tools-for-stm32.7-2018-q2-update.win32_1.4.0.202007081208/tools/bin/../lib/gcc/arm-none-eabi/7.3.1/thumb/v6-m/crtbegin.o
 *(.init)
 .init          0x000000000800c8bc        0x4 c:/st/stm32cubeide_1.1.0/stm32cubeide/plugins/com.st.stm32cube.ide.mcu.externaltools.gnu-tools-for-stm32.7-2018-q2-update.win32_1.4.0.202007081208/tools/bin/../lib/gcc/arm-none-eabi/7.3.1/thumb/v6-m/crti.o
                0x000000000800c8bc                _init
 .init          0x000000000800c8c0        0x8 c:/st/stm32cubeide_1.1.0/stm32cubeide/plugins/com.st.stm32cube.ide.mcu.externaltools.gnu-tools-for-stm32.7-2018-q2-update.win32_1.4.0.202007081208/tools/bin/../lib/gcc/arm-none-eabi/7.3.1/thumb/v6-m/crtn.o
 *(.fini)
 .fini          0x000000000800c8c8        0x4 c:/st/stm32cubeide_1.1.0/stm32cubeide/plugins/com.st.stm32cube.ide.mcu.externaltools.gnu-tools-for-stm32.7-2018-q2-update.win32_1.4.0.202007081208/tools/bin/../lib/gcc/arm-none-eabi/7.3.1/thumb/v6-m/crti.o
                0x000000000800c8c8                _fini
 .fini          0x000000000800c8cc        0x8 c:/st/stm32cubeide_1.1.0/stm32cubeide/plugins/com.st.stm32cube.ide.mcu.externaltools.gnu-tools-for-stm32.7-2018-q2-update.win32_1.4.0.202007081208/tools/bin/../lib/gcc/arm-none-eabi/7.3.1/thumb/v6-m/crtn.o
                0x000000000800c8d4                . = ALIGN (0x4)
                0x000000000800c8d4                _etext = .

.vfp11_veneer   0x000000000800c8d4        0x0
 .vfp11_veneer  0x000000000800c8d4        0x0 linker stubs

.v4_bx          0x000000000800c8d4        0x0
 .v4_bx         0x000000000800c8d4        0x0 linker stubs

.iplt           0x000000000800c8d4        0x0
 .iplt          0x000000000800c8d4        0x0 c:/st/stm32cubeide_1.1.0/stm32cubeide/plugins/com.st.stm32cube.ide.mcu.externaltools.gnu-tools-for-stm32.7-2018-q2-update.win32_1.4.0.202007081208/tools/bin/../lib/gcc/arm-none-eabi/7.3.1/thumb/v6-m/crtbegin.o

.rodata         0x000000000800c8d4      0xc68
                0x000000000800c8d4                . = ALIGN (0x4)
 *(.rodata)
 .rodata        0x000000000800c8d4       0x71 Core/Src/TFT_display.o
 *fill*         0x000000000800c945        0x3 
 .rodata        0x000000000800c948      0x20c Core/Src/user_interface.o
 .rodata        0x000000000800cb54       0x80 c:/st/stm32cubeide_1.1.0/stm32cubeide/plugins/com.st.stm32cube.ide.mcu.externaltools.gnu-tools-for-stm32.7-2018-q2-update.win32_1.4.0.202007081208/tools/bin/../lib/gcc/arm-none-eabi/7.3.1/thumb/v6-m\libgcc.a(divsf3.o)
 .rodata        0x000000000800cbd4       0x40 c:/st/stm32cubeide_1.1.0/stm32cubeide/plugins/com.st.stm32cube.ide.mcu.externaltools.gnu-tools-for-stm32.7-2018-q2-update.win32_1.4.0.202007081208/tools/bin/../lib/gcc/arm-none-eabi/7.3.1/thumb/v6-m\libgcc.a(mulsf3.o)
 .rodata        0x000000000800cc14       0x40 c:/st/stm32cubeide_1.1.0/stm32cubeide/plugins/com.st.stm32cube.ide.mcu.externaltools.gnu-tools-for-stm32.7-2018-q2-update.win32_1.4.0.202007081208/tools/bin/../lib/gcc/arm-none-eabi/7.3.1/thumb/v6-m\libgcc.a(divdf3.o)
 .rodata        0x000000000800cc54       0x40 c:/st/stm32cubeide_1.1.0/stm32cubeide/plugins/com.st.stm32cube.ide.mcu.externaltools.gnu-tools-for-stm32.7-2018-q2-update.win32_1.4.0.202007081208/tools/bin/../lib/gcc/arm-none-eabi/7.3.1/thumb/v6-m\libgcc.a(muldf3.o)
 *(.rodata*)
 .rodata.batteryCapacity
                0x000000000800cc94      0x2cc Core/Src/battery.o
 .rodata.font   0x000000000800cf60      0x500 Core/Src/font.o
                0x000000000800cf60                font
 .rodata.AHBPrescTable
                0x000000000800d460       0x10 Core/Src/system_stm32l0xx.o
                0x000000000800d460                AHBPrescTable
 .rodata.PLLMulTable
                0x000000000800d470        0x9 Core/Src/system_stm32l0xx.o
                0x000000000800d470                PLLMulTable
 *fill*         0x000000000800d479        0x3 
 .rodata.HAL_TIM_OC_DelayElapsedCallback
                0x000000000800d47c       0x1c Core/Src/timers.o
 .rodata.updateState
                0x000000000800d498       0x28 Core/Src/user_interface.o
 .rodata.updateClockState
                0x000000000800d4c0       0x30 Core/Src/user_interface.o
 .rodata.drawClockApp
                0x000000000800d4f0       0x18 Core/Src/user_interface.o
 .rodata._svfprintf_r.str1.1
                0x000000000800d508       0x11 c:/st/stm32cubeide_1.1.0/stm32cubeide/plugins/com.st.stm32cube.ide.mcu.externaltools.gnu-tools-for-stm32.7-2018-q2-update.win32_1.4.0.202007081208/tools/bin/../lib/gcc/arm-none-eabi/7.3.1/../../../../arm-none-eabi/lib/thumb/v6-m\libc_nano.a(lib_a-nano-svfprintf.o)
 .rodata._printf_i.str1.1
                0x000000000800d519       0x22 c:/st/stm32cubeide_1.1.0/stm32cubeide/plugins/com.st.stm32cube.ide.mcu.externaltools.gnu-tools-for-stm32.7-2018-q2-update.win32_1.4.0.202007081208/tools/bin/../lib/gcc/arm-none-eabi/7.3.1/../../../../arm-none-eabi/lib/thumb/v6-m\libc_nano.a(lib_a-nano-vfprintf_i.o)
                0x000000000800d53c                . = ALIGN (0x4)
 *fill*         0x000000000800d53b        0x1 

.rel.dyn        0x000000000800d53c        0x0
 .rel.iplt      0x000000000800d53c        0x0 c:/st/stm32cubeide_1.1.0/stm32cubeide/plugins/com.st.stm32cube.ide.mcu.externaltools.gnu-tools-for-stm32.7-2018-q2-update.win32_1.4.0.202007081208/tools/bin/../lib/gcc/arm-none-eabi/7.3.1/thumb/v6-m/crtbegin.o

.ARM.extab      0x000000000800d53c        0x0
                0x000000000800d53c                . = ALIGN (0x4)
 *(.ARM.extab* .gnu.linkonce.armextab.*)
                0x000000000800d53c                . = ALIGN (0x4)

.ARM            0x000000000800d53c        0x0
                0x000000000800d53c                . = ALIGN (0x4)
                0x000000000800d53c                __exidx_start = .
 *(.ARM.exidx*)
                0x000000000800d53c                __exidx_end = .
                0x000000000800d53c                . = ALIGN (0x4)

.preinit_array  0x000000000800d53c        0x0
                0x000000000800d53c                . = ALIGN (0x4)
                0x000000000800d53c                PROVIDE (__preinit_array_start = .)
 *(.preinit_array*)
                0x000000000800d53c                PROVIDE (__preinit_array_end = .)
                0x000000000800d53c                . = ALIGN (0x4)

.init_array     0x000000000800d53c        0x4
                0x000000000800d53c                . = ALIGN (0x4)
                0x000000000800d53c                PROVIDE (__init_array_start = .)
 *(SORT_BY_NAME(.init_array.*))
 *(.init_array*)
 .init_array    0x000000000800d53c        0x4 c:/st/stm32cubeide_1.1.0/stm32cubeide/plugins/com.st.stm32cube.ide.mcu.externaltools.gnu-tools-for-stm32.7-2018-q2-update.win32_1.4.0.202007081208/tools/bin/../lib/gcc/arm-none-eabi/7.3.1/thumb/v6-m/crtbegin.o
                0x000000000800d540                PROVIDE (__init_array_end = .)
                0x000000000800d540                . = ALIGN (0x4)

.fini_array     0x000000000800d540        0x4
                0x000000000800d540                . = ALIGN (0x4)
                [!provide]                        PROVIDE (__fini_array_start = .)
 *(SORT_BY_NAME(.fini_array.*))
 *(.fini_array*)
 .fini_array    0x000000000800d540        0x4 c:/st/stm32cubeide_1.1.0/stm32cubeide/plugins/com.st.stm32cube.ide.mcu.externaltools.gnu-tools-for-stm32.7-2018-q2-update.win32_1.4.0.202007081208/tools/bin/../lib/gcc/arm-none-eabi/7.3.1/thumb/v6-m/crtbegin.o
                [!provide]                        PROVIDE (__fini_array_end = .)
                0x000000000800d544                . = ALIGN (0x4)
                0x000000000800d544                _sidata = LOADADDR (.data)

.data           0x0000000020000000       0xe8 load address 0x000000000800d544
                0x0000000020000000                . = ALIGN (0x4)
                0x0000000020000000                _sdata = .
 *(.data)
 *(.data*)
 .data.textSize
                0x0000000020000000        0x1 Core/Src/TFT_display.o
 *fill*         0x0000000020000001        0x1 
 .data.bg       0x0000000020000002        0x2 Core/Src/TFT_display.o
 .data.orientation
                0x0000000020000004        0x1 Core/Src/TFT_display.o
 .data.displayWidth
                0x0000000020000005        0x1 Core/Src/TFT_display.o
 .data.displayHeight
                0x0000000020000006        0x1 Core/Src/TFT_display.o
 *fill*         0x0000000020000007        0x1 
 .data.batteryCapacityArraySize
                0x0000000020000008        0x2 Core/Src/battery.o
 .data.century  0x000000002000000a        0x2 Core/Src/clocks.o
 .data.table.8676
                0x000000002000000c        0xc Core/Src/clocks.o
 .data.fontW    0x0000000020000018        0x4 Core/Src/font.o
                0x0000000020000018                fontW
 .data.fontH    0x000000002000001c        0x4 Core/Src/font.o
                0x000000002000001c                fontH
 .data.SystemCoreClock
                0x0000000020000020        0x4 Core/Src/system_stm32l0xx.o
                0x0000000020000020                SystemCoreClock
 .data.weekdayNames
                0x0000000020000024       0x20 Core/Src/user_interface.o
                0x0000000020000024                weekdayNames
 .data.monthNames
                0x0000000020000044       0x34 Core/Src/user_interface.o
                0x0000000020000044                monthNames
 .data.isFaceBeingChanged
                0x0000000020000078        0x1 Core/Src/user_interface.o
 .data.brightness.8643
                0x0000000020000079        0x1 Core/Src/user_interface.o
 *fill*         0x000000002000007a        0x2 
 .data.uwTickPrio
                0x000000002000007c        0x4 Drivers/STM32L0xx_HAL_Driver/Src/stm32l0xx_hal.o
                0x000000002000007c                uwTickPrio
 .data.uwTickFreq
                0x0000000020000080        0x1 Drivers/STM32L0xx_HAL_Driver/Src/stm32l0xx_hal.o
                0x0000000020000080                uwTickFreq
 *fill*         0x0000000020000081        0x3 
 .data._impure_ptr
                0x0000000020000084        0x4 c:/st/stm32cubeide_1.1.0/stm32cubeide/plugins/com.st.stm32cube.ide.mcu.externaltools.gnu-tools-for-stm32.7-2018-q2-update.win32_1.4.0.202007081208/tools/bin/../lib/gcc/arm-none-eabi/7.3.1/../../../../arm-none-eabi/lib/thumb/v6-m\libc_nano.a(lib_a-impure.o)
                0x0000000020000084                _impure_ptr
 .data.impure_data
                0x0000000020000088       0x60 c:/st/stm32cubeide_1.1.0/stm32cubeide/plugins/com.st.stm32cube.ide.mcu.externaltools.gnu-tools-for-stm32.7-2018-q2-update.win32_1.4.0.202007081208/tools/bin/../lib/gcc/arm-none-eabi/7.3.1/../../../../arm-none-eabi/lib/thumb/v6-m\libc_nano.a(lib_a-impure.o)
                0x00000000200000e8                . = ALIGN (0x4)
                0x00000000200000e8                _edata = .

.igot.plt       0x00000000200000e8        0x0 load address 0x000000000800d62c
 .igot.plt      0x00000000200000e8        0x0 c:/st/stm32cubeide_1.1.0/stm32cubeide/plugins/com.st.stm32cube.ide.mcu.externaltools.gnu-tools-for-stm32.7-2018-q2-update.win32_1.4.0.202007081208/tools/bin/../lib/gcc/arm-none-eabi/7.3.1/thumb/v6-m/crtbegin.o
                0x00000000200000e8                . = ALIGN (0x4)

.bss            0x00000000200000e8      0x5e4 load address 0x000000000800d62c
                0x00000000200000e8                _sbss = .
                0x00000000200000e8                __bss_start__ = _sbss
 *(.bss)
 .bss           0x00000000200000e8       0x1c c:/st/stm32cubeide_1.1.0/stm32cubeide/plugins/com.st.stm32cube.ide.mcu.externaltools.gnu-tools-for-stm32.7-2018-q2-update.win32_1.4.0.202007081208/tools/bin/../lib/gcc/arm-none-eabi/7.3.1/thumb/v6-m/crtbegin.o
 *(.bss*)
 .bss.cursorX   0x0000000020000104        0x1 Core/Src/TFT_display.o
 .bss.cursorY   0x0000000020000105        0x1 Core/Src/TFT_display.o
 .bss.textColor
                0x0000000020000106        0x2 Core/Src/TFT_display.o
 .bss.pixelColor
                0x0000000020000108        0x2 Core/Src/TFT_display.o
 *fill*         0x000000002000010a        0x2 
 .bss.heap_end.5149
                0x000000002000010c        0x4 Core/Src/sysmem.o
 .bss.timerStartMarker
                0x0000000020000110        0x4 Core/Src/timers.o
 .bss.timerPauseMarker
                0x0000000020000114        0x4 Core/Src/timers.o
 .bss.stopwatchStartMarker
                0x0000000020000118        0x4 Core/Src/timers.o
 .bss.stopwatchPauseMarker
                0x000000002000011c        0x4 Core/Src/timers.o
 .bss.motorStateCounter
                0x0000000020000120        0x1 Core/Src/timers.o
 *fill*         0x0000000020000121        0x3 
 .bss.clockVars
                0x0000000020000124        0xc Core/Src/user_interface.o
 .bss.timerVars
                0x0000000020000130        0x8 Core/Src/user_interface.o
 .bss.alarmVars
                0x0000000020000138        0x8 Core/Src/user_interface.o
 .bss.stopwatchVars
                0x0000000020000140        0x8 Core/Src/user_interface.o
 .bss.faceOnDisplay
                0x0000000020000148        0x1 Core/Src/user_interface.o
 *fill*         0x0000000020000149        0x1 
 .bss.buttonHSpacing
                0x000000002000014a        0x2 Core/Src/user_interface.o
 .bss.buttonVSpacing
                0x000000002000014c        0x2 Core/Src/user_interface.o
 *fill*         0x000000002000014e        0x2 
 .bss.button1Coords
                0x0000000020000150        0x8 Core/Src/user_interface.o
 .bss.s.8626    0x0000000020000158        0x1 Core/Src/user_interface.o
 .bss.o.8639    0x0000000020000159        0x1 Core/Src/user_interface.o
 *fill*         0x000000002000015a        0x2 
 .bss.__malloc_free_list
                0x000000002000015c        0x4 c:/st/stm32cubeide_1.1.0/stm32cubeide/plugins/com.st.stm32cube.ide.mcu.externaltools.gnu-tools-for-stm32.7-2018-q2-update.win32_1.4.0.202007081208/tools/bin/../lib/gcc/arm-none-eabi/7.3.1/../../../../arm-none-eabi/lib/thumb/v6-m\libc_nano.a(lib_a-nano-mallocr.o)
                0x000000002000015c                __malloc_free_list
 .bss.__malloc_sbrk_start
                0x0000000020000160        0x4 c:/st/stm32cubeide_1.1.0/stm32cubeide/plugins/com.st.stm32cube.ide.mcu.externaltools.gnu-tools-for-stm32.7-2018-q2-update.win32_1.4.0.202007081208/tools/bin/../lib/gcc/arm-none-eabi/7.3.1/../../../../arm-none-eabi/lib/thumb/v6-m\libc_nano.a(lib_a-nano-mallocr.o)
                0x0000000020000160                __malloc_sbrk_start
 *(COMMON)
 COMMON         0x0000000020000164       0x5c Core/Src/TFT_display_test.o
                0x0000000020000164                battPercentage
                0x0000000020000166                canSampleBattery
                0x0000000020000167                isAlarmDone
                0x0000000020000168                updateFace
                0x000000002000016c                isStopwatchRunning
                0x0000000020000170                timerCounter
                0x0000000020000174                isTimerDone
                0x0000000020000175                bState
                0x0000000020000178                htim6
                0x00000000200001b4                buttons
                0x00000000200001b8                isTimerRunning
                0x00000000200001b9                isStopwatchPaused
                0x00000000200001ba                isTimerPaused
                0x00000000200001bc                stopwatchCounter
 COMMON         0x00000000200001c0      0x504 Core/Src/main.o
                0x00000000200001c0                hspi2
                0x0000000020000218                htim3
                0x0000000020000254                htim22
                0x0000000020000290                hrtc
                0x00000000200002b4                htim2
                0x00000000200002f0                hdma_spi2_tx
                0x0000000020000338                hpcd_USB_FS
                0x000000002000062c                hadc
                0x0000000020000688                htim21
 COMMON         0x00000000200006c4        0x4 Drivers/STM32L0xx_HAL_Driver/Src/stm32l0xx_hal.o
                0x00000000200006c4                uwTick
 COMMON         0x00000000200006c8        0x4 c:/st/stm32cubeide_1.1.0/stm32cubeide/plugins/com.st.stm32cube.ide.mcu.externaltools.gnu-tools-for-stm32.7-2018-q2-update.win32_1.4.0.202007081208/tools/bin/../lib/gcc/arm-none-eabi/7.3.1/../../../../arm-none-eabi/lib/thumb/v6-m\libc_nano.a(lib_a-reent.o)
                0x00000000200006c8                errno
                0x00000000200006cc                . = ALIGN (0x4)
                0x00000000200006cc                _ebss = .
                0x00000000200006cc                __bss_end__ = _ebss

._user_heap_stack
                0x00000000200006cc      0x604 load address 0x000000000800d62c
                0x00000000200006d0                . = ALIGN (0x8)
 *fill*         0x00000000200006cc        0x4 
                0x00000000200006d0                PROVIDE (end = .)
                [!provide]                        PROVIDE (_end = .)
                0x00000000200008d0                . = (. + _Min_Heap_Size)
 *fill*         0x00000000200006d0      0x200 
                0x0000000020000cd0                . = (. + _Min_Stack_Size)
 *fill*         0x00000000200008d0      0x400 
                0x0000000020000cd0                . = ALIGN (0x8)

/DISCARD/
 libc.a(*)
 libm.a(*)
 libgcc.a(*)

.ARM.attributes
                0x0000000000000000       0x28
 *(.ARM.attributes)
 .ARM.attributes
                0x0000000000000000       0x1e c:/st/stm32cubeide_1.1.0/stm32cubeide/plugins/com.st.stm32cube.ide.mcu.externaltools.gnu-tools-for-stm32.7-2018-q2-update.win32_1.4.0.202007081208/tools/bin/../lib/gcc/arm-none-eabi/7.3.1/thumb/v6-m/crti.o
 .ARM.attributes
                0x000000000000001e       0x2c c:/st/stm32cubeide_1.1.0/stm32cubeide/plugins/com.st.stm32cube.ide.mcu.externaltools.gnu-tools-for-stm32.7-2018-q2-update.win32_1.4.0.202007081208/tools/bin/../lib/gcc/arm-none-eabi/7.3.1/thumb/v6-m/crtbegin.o
 .ARM.attributes
                0x000000000000004a       0x32 Core/Src/TFT_display.o
 .ARM.attributes
                0x000000000000007c       0x32 Core/Src/TFT_display_test.o
 .ARM.attributes
                0x00000000000000ae       0x32 Core/Src/battery.o
 .ARM.attributes
                0x00000000000000e0       0x32 Core/Src/clocks.o
 .ARM.attributes
                0x0000000000000112       0x32 Core/Src/font.o
 .ARM.attributes
                0x0000000000000144       0x32 Core/Src/main.o
 .ARM.attributes
                0x0000000000000176       0x32 Core/Src/stm32l0xx_hal_msp.o
 .ARM.attributes
                0x00000000000001a8       0x32 Core/Src/stm32l0xx_it.o
 .ARM.attributes
                0x00000000000001da       0x32 Core/Src/sysmem.o
 .ARM.attributes
                0x000000000000020c       0x32 Core/Src/system_stm32l0xx.o
 .ARM.attributes
                0x000000000000023e       0x32 Core/Src/timers.o
 .ARM.attributes
                0x0000000000000270       0x32 Core/Src/user_interface.o
 .ARM.attributes
                0x00000000000002a2       0x22 Core/Startup/startup_stm32l073rztx.o
 .ARM.attributes
                0x00000000000002c4       0x32 Drivers/STM32L0xx_HAL_Driver/Src/stm32l0xx_hal.o
 .ARM.attributes
                0x00000000000002f6       0x32 Drivers/STM32L0xx_HAL_Driver/Src/stm32l0xx_hal_adc.o
 .ARM.attributes
                0x0000000000000328       0x32 Drivers/STM32L0xx_HAL_Driver/Src/stm32l0xx_hal_cortex.o
 .ARM.attributes
                0x000000000000035a       0x32 Drivers/STM32L0xx_HAL_Driver/Src/stm32l0xx_hal_dma.o
 .ARM.attributes
                0x000000000000038c       0x32 Drivers/STM32L0xx_HAL_Driver/Src/stm32l0xx_hal_gpio.o
 .ARM.attributes
                0x00000000000003be       0x32 Drivers/STM32L0xx_HAL_Driver/Src/stm32l0xx_hal_pcd.o
 .ARM.attributes
                0x00000000000003f0       0x32 Drivers/STM32L0xx_HAL_Driver/Src/stm32l0xx_hal_pcd_ex.o
 .ARM.attributes
                0x0000000000000422       0x32 Drivers/STM32L0xx_HAL_Driver/Src/stm32l0xx_hal_pwr.o
 .ARM.attributes
                0x0000000000000454       0x32 Drivers/STM32L0xx_HAL_Driver/Src/stm32l0xx_hal_rcc.o
 .ARM.attributes
                0x0000000000000486       0x32 Drivers/STM32L0xx_HAL_Driver/Src/stm32l0xx_hal_rcc_ex.o
 .ARM.attributes
                0x00000000000004b8       0x32 Drivers/STM32L0xx_HAL_Driver/Src/stm32l0xx_hal_rtc.o
 .ARM.attributes
                0x00000000000004ea       0x32 Drivers/STM32L0xx_HAL_Driver/Src/stm32l0xx_hal_rtc_ex.o
 .ARM.attributes
                0x000000000000051c       0x32 Drivers/STM32L0xx_HAL_Driver/Src/stm32l0xx_hal_spi.o
 .ARM.attributes
                0x000000000000054e       0x32 Drivers/STM32L0xx_HAL_Driver/Src/stm32l0xx_hal_tim.o
 .ARM.attributes
                0x0000000000000580       0x32 Drivers/STM32L0xx_HAL_Driver/Src/stm32l0xx_hal_tim_ex.o
 .ARM.attributes
                0x00000000000005b2       0x32 Drivers/STM32L0xx_HAL_Driver/Src/stm32l0xx_ll_usb.o
 .ARM.attributes
                0x00000000000005e4       0x2c c:/st/stm32cubeide_1.1.0/stm32cubeide/plugins/com.st.stm32cube.ide.mcu.externaltools.gnu-tools-for-stm32.7-2018-q2-update.win32_1.4.0.202007081208/tools/bin/../lib/gcc/arm-none-eabi/7.3.1/../../../../arm-none-eabi/lib/thumb/v6-m\libc_nano.a(lib_a-calloc.o)
 .ARM.attributes
                0x0000000000000610       0x2c c:/st/stm32cubeide_1.1.0/stm32cubeide/plugins/com.st.stm32cube.ide.mcu.externaltools.gnu-tools-for-stm32.7-2018-q2-update.win32_1.4.0.202007081208/tools/bin/../lib/gcc/arm-none-eabi/7.3.1/../../../../arm-none-eabi/lib/thumb/v6-m\libc_nano.a(lib_a-errno.o)
 .ARM.attributes
                0x000000000000063c       0x2c c:/st/stm32cubeide_1.1.0/stm32cubeide/plugins/com.st.stm32cube.ide.mcu.externaltools.gnu-tools-for-stm32.7-2018-q2-update.win32_1.4.0.202007081208/tools/bin/../lib/gcc/arm-none-eabi/7.3.1/../../../../arm-none-eabi/lib/thumb/v6-m\libc_nano.a(lib_a-impure.o)
 .ARM.attributes
                0x0000000000000668       0x2c c:/st/stm32cubeide_1.1.0/stm32cubeide/plugins/com.st.stm32cube.ide.mcu.externaltools.gnu-tools-for-stm32.7-2018-q2-update.win32_1.4.0.202007081208/tools/bin/../lib/gcc/arm-none-eabi/7.3.1/../../../../arm-none-eabi/lib/thumb/v6-m\libc_nano.a(lib_a-init.o)
 .ARM.attributes
                0x0000000000000694       0x2c c:/st/stm32cubeide_1.1.0/stm32cubeide/plugins/com.st.stm32cube.ide.mcu.externaltools.gnu-tools-for-stm32.7-2018-q2-update.win32_1.4.0.202007081208/tools/bin/../lib/gcc/arm-none-eabi/7.3.1/../../../../arm-none-eabi/lib/thumb/v6-m\libc_nano.a(lib_a-memcpy-stub.o)
 .ARM.attributes
                0x00000000000006c0       0x2c c:/st/stm32cubeide_1.1.0/stm32cubeide/plugins/com.st.stm32cube.ide.mcu.externaltools.gnu-tools-for-stm32.7-2018-q2-update.win32_1.4.0.202007081208/tools/bin/../lib/gcc/arm-none-eabi/7.3.1/../../../../arm-none-eabi/lib/thumb/v6-m\libc_nano.a(lib_a-memset.o)
 .ARM.attributes
                0x00000000000006ec       0x2c c:/st/stm32cubeide_1.1.0/stm32cubeide/plugins/com.st.stm32cube.ide.mcu.externaltools.gnu-tools-for-stm32.7-2018-q2-update.win32_1.4.0.202007081208/tools/bin/../lib/gcc/arm-none-eabi/7.3.1/../../../../arm-none-eabi/lib/thumb/v6-m\libc_nano.a(lib_a-nano-callocr.o)
 .ARM.attributes
                0x0000000000000718       0x2c c:/st/stm32cubeide_1.1.0/stm32cubeide/plugins/com.st.stm32cube.ide.mcu.externaltools.gnu-tools-for-stm32.7-2018-q2-update.win32_1.4.0.202007081208/tools/bin/../lib/gcc/arm-none-eabi/7.3.1/../../../../arm-none-eabi/lib/thumb/v6-m\libc_nano.a(lib_a-nano-mallocr.o)
 .ARM.attributes
                0x0000000000000744       0x2c c:/st/stm32cubeide_1.1.0/stm32cubeide/plugins/com.st.stm32cube.ide.mcu.externaltools.gnu-tools-for-stm32.7-2018-q2-update.win32_1.4.0.202007081208/tools/bin/../lib/gcc/arm-none-eabi/7.3.1/../../../../arm-none-eabi/lib/thumb/v6-m\libc_nano.a(lib_a-sbrkr.o)
 .ARM.attributes
                0x0000000000000770       0x2c c:/st/stm32cubeide_1.1.0/stm32cubeide/plugins/com.st.stm32cube.ide.mcu.externaltools.gnu-tools-for-stm32.7-2018-q2-update.win32_1.4.0.202007081208/tools/bin/../lib/gcc/arm-none-eabi/7.3.1/../../../../arm-none-eabi/lib/thumb/v6-m\libc_nano.a(lib_a-sprintf.o)
 .ARM.attributes
                0x000000000000079c       0x1c c:/st/stm32cubeide_1.1.0/stm32cubeide/plugins/com.st.stm32cube.ide.mcu.externaltools.gnu-tools-for-stm32.7-2018-q2-update.win32_1.4.0.202007081208/tools/bin/../lib/gcc/arm-none-eabi/7.3.1/../../../../arm-none-eabi/lib/thumb/v6-m\libc_nano.a(lib_a-strlen.o)
 .ARM.attributes
                0x00000000000007b8       0x2c c:/st/stm32cubeide_1.1.0/stm32cubeide/plugins/com.st.stm32cube.ide.mcu.externaltools.gnu-tools-for-stm32.7-2018-q2-update.win32_1.4.0.202007081208/tools/bin/../lib/gcc/arm-none-eabi/7.3.1/../../../../arm-none-eabi/lib/thumb/v6-m\libc_nano.a(lib_a-mlock.o)
 .ARM.attributes
                0x00000000000007e4       0x2c c:/st/stm32cubeide_1.1.0/stm32cubeide/plugins/com.st.stm32cube.ide.mcu.externaltools.gnu-tools-for-stm32.7-2018-q2-update.win32_1.4.0.202007081208/tools/bin/../lib/gcc/arm-none-eabi/7.3.1/../../../../arm-none-eabi/lib/thumb/v6-m\libc_nano.a(lib_a-nano-svfprintf.o)
 .ARM.attributes
                0x0000000000000810       0x2c c:/st/stm32cubeide_1.1.0/stm32cubeide/plugins/com.st.stm32cube.ide.mcu.externaltools.gnu-tools-for-stm32.7-2018-q2-update.win32_1.4.0.202007081208/tools/bin/../lib/gcc/arm-none-eabi/7.3.1/../../../../arm-none-eabi/lib/thumb/v6-m\libc_nano.a(lib_a-nano-vfprintf_i.o)
 .ARM.attributes
                0x000000000000083c       0x2c c:/st/stm32cubeide_1.1.0/stm32cubeide/plugins/com.st.stm32cube.ide.mcu.externaltools.gnu-tools-for-stm32.7-2018-q2-update.win32_1.4.0.202007081208/tools/bin/../lib/gcc/arm-none-eabi/7.3.1/../../../../arm-none-eabi/lib/thumb/v6-m\libc_nano.a(lib_a-reent.o)
 .ARM.attributes
                0x0000000000000868       0x2c c:/st/stm32cubeide_1.1.0/stm32cubeide/plugins/com.st.stm32cube.ide.mcu.externaltools.gnu-tools-for-stm32.7-2018-q2-update.win32_1.4.0.202007081208/tools/bin/../lib/gcc/arm-none-eabi/7.3.1/../../../../arm-none-eabi/lib/thumb/v6-m\libc_nano.a(lib_a-memchr-stub.o)
 .ARM.attributes
                0x0000000000000894       0x2c c:/st/stm32cubeide_1.1.0/stm32cubeide/plugins/com.st.stm32cube.ide.mcu.externaltools.gnu-tools-for-stm32.7-2018-q2-update.win32_1.4.0.202007081208/tools/bin/../lib/gcc/arm-none-eabi/7.3.1/../../../../arm-none-eabi/lib/thumb/v6-m\libc_nano.a(lib_a-memmove.o)
 .ARM.attributes
                0x00000000000008c0       0x2c c:/st/stm32cubeide_1.1.0/stm32cubeide/plugins/com.st.stm32cube.ide.mcu.externaltools.gnu-tools-for-stm32.7-2018-q2-update.win32_1.4.0.202007081208/tools/bin/../lib/gcc/arm-none-eabi/7.3.1/../../../../arm-none-eabi/lib/thumb/v6-m\libc_nano.a(lib_a-nano-freer.o)
 .ARM.attributes
                0x00000000000008ec       0x2c c:/st/stm32cubeide_1.1.0/stm32cubeide/plugins/com.st.stm32cube.ide.mcu.externaltools.gnu-tools-for-stm32.7-2018-q2-update.win32_1.4.0.202007081208/tools/bin/../lib/gcc/arm-none-eabi/7.3.1/../../../../arm-none-eabi/lib/thumb/v6-m\libc_nano.a(lib_a-nano-reallocr.o)
 .ARM.attributes
                0x0000000000000918       0x2c c:/st/stm32cubeide_1.1.0/stm32cubeide/plugins/com.st.stm32cube.ide.mcu.externaltools.gnu-tools-for-stm32.7-2018-q2-update.win32_1.4.0.202007081208/tools/bin/../lib/gcc/arm-none-eabi/7.3.1/../../../../arm-none-eabi/lib/thumb/v6-m\libc_nano.a(lib_a-nano-msizer.o)
 .ARM.attributes
                0x0000000000000944       0x1e c:/st/stm32cubeide_1.1.0/stm32cubeide/plugins/com.st.stm32cube.ide.mcu.externaltools.gnu-tools-for-stm32.7-2018-q2-update.win32_1.4.0.202007081208/tools/bin/../lib/gcc/arm-none-eabi/7.3.1/thumb/v6-m\libgcc.a(_udivsi3.o)
 .ARM.attributes
                0x0000000000000962       0x1e c:/st/stm32cubeide_1.1.0/stm32cubeide/plugins/com.st.stm32cube.ide.mcu.externaltools.gnu-tools-for-stm32.7-2018-q2-update.win32_1.4.0.202007081208/tools/bin/../lib/gcc/arm-none-eabi/7.3.1/thumb/v6-m\libgcc.a(_divsi3.o)
 .ARM.attributes
                0x0000000000000980       0x1e c:/st/stm32cubeide_1.1.0/stm32cubeide/plugins/com.st.stm32cube.ide.mcu.externaltools.gnu-tools-for-stm32.7-2018-q2-update.win32_1.4.0.202007081208/tools/bin/../lib/gcc/arm-none-eabi/7.3.1/thumb/v6-m\libgcc.a(_dvmd_tls.o)
 .ARM.attributes
                0x000000000000099e       0x1e c:/st/stm32cubeide_1.1.0/stm32cubeide/plugins/com.st.stm32cube.ide.mcu.externaltools.gnu-tools-for-stm32.7-2018-q2-update.win32_1.4.0.202007081208/tools/bin/../lib/gcc/arm-none-eabi/7.3.1/thumb/v6-m\libgcc.a(_arm_cmpsf2.o)
 .ARM.attributes
                0x00000000000009bc       0x2c c:/st/stm32cubeide_1.1.0/stm32cubeide/plugins/com.st.stm32cube.ide.mcu.externaltools.gnu-tools-for-stm32.7-2018-q2-update.win32_1.4.0.202007081208/tools/bin/../lib/gcc/arm-none-eabi/7.3.1/thumb/v6-m\libgcc.a(_fixunssfsi.o)
 .ARM.attributes
                0x00000000000009e8       0x2c c:/st/stm32cubeide_1.1.0/stm32cubeide/plugins/com.st.stm32cube.ide.mcu.externaltools.gnu-tools-for-stm32.7-2018-q2-update.win32_1.4.0.202007081208/tools/bin/../lib/gcc/arm-none-eabi/7.3.1/thumb/v6-m\libgcc.a(divsf3.o)
 .ARM.attributes
                0x0000000000000a14       0x2c c:/st/stm32cubeide_1.1.0/stm32cubeide/plugins/com.st.stm32cube.ide.mcu.externaltools.gnu-tools-for-stm32.7-2018-q2-update.win32_1.4.0.202007081208/tools/bin/../lib/gcc/arm-none-eabi/7.3.1/thumb/v6-m\libgcc.a(eqsf2.o)
 .ARM.attributes
                0x0000000000000a40       0x2c c:/st/stm32cubeide_1.1.0/stm32cubeide/plugins/com.st.stm32cube.ide.mcu.externaltools.gnu-tools-for-stm32.7-2018-q2-update.win32_1.4.0.202007081208/tools/bin/../lib/gcc/arm-none-eabi/7.3.1/thumb/v6-m\libgcc.a(gesf2.o)
 .ARM.attributes
                0x0000000000000a6c       0x2c c:/st/stm32cubeide_1.1.0/stm32cubeide/plugins/com.st.stm32cube.ide.mcu.externaltools.gnu-tools-for-stm32.7-2018-q2-update.win32_1.4.0.202007081208/tools/bin/../lib/gcc/arm-none-eabi/7.3.1/thumb/v6-m\libgcc.a(lesf2.o)
 .ARM.attributes
                0x0000000000000a98       0x2c c:/st/stm32cubeide_1.1.0/stm32cubeide/plugins/com.st.stm32cube.ide.mcu.externaltools.gnu-tools-for-stm32.7-2018-q2-update.win32_1.4.0.202007081208/tools/bin/../lib/gcc/arm-none-eabi/7.3.1/thumb/v6-m\libgcc.a(mulsf3.o)
 .ARM.attributes
                0x0000000000000ac4       0x2c c:/st/stm32cubeide_1.1.0/stm32cubeide/plugins/com.st.stm32cube.ide.mcu.externaltools.gnu-tools-for-stm32.7-2018-q2-update.win32_1.4.0.202007081208/tools/bin/../lib/gcc/arm-none-eabi/7.3.1/thumb/v6-m\libgcc.a(subsf3.o)
 .ARM.attributes
                0x0000000000000af0       0x2c c:/st/stm32cubeide_1.1.0/stm32cubeide/plugins/com.st.stm32cube.ide.mcu.externaltools.gnu-tools-for-stm32.7-2018-q2-update.win32_1.4.0.202007081208/tools/bin/../lib/gcc/arm-none-eabi/7.3.1/thumb/v6-m\libgcc.a(fixsfsi.o)
 .ARM.attributes
                0x0000000000000b1c       0x2c c:/st/stm32cubeide_1.1.0/stm32cubeide/plugins/com.st.stm32cube.ide.mcu.externaltools.gnu-tools-for-stm32.7-2018-q2-update.win32_1.4.0.202007081208/tools/bin/../lib/gcc/arm-none-eabi/7.3.1/thumb/v6-m\libgcc.a(floatunsisf.o)
 .ARM.attributes
                0x0000000000000b48       0x2c c:/st/stm32cubeide_1.1.0/stm32cubeide/plugins/com.st.stm32cube.ide.mcu.externaltools.gnu-tools-for-stm32.7-2018-q2-update.win32_1.4.0.202007081208/tools/bin/../lib/gcc/arm-none-eabi/7.3.1/thumb/v6-m\libgcc.a(divdf3.o)
 .ARM.attributes
                0x0000000000000b74       0x2c c:/st/stm32cubeide_1.1.0/stm32cubeide/plugins/com.st.stm32cube.ide.mcu.externaltools.gnu-tools-for-stm32.7-2018-q2-update.win32_1.4.0.202007081208/tools/bin/../lib/gcc/arm-none-eabi/7.3.1/thumb/v6-m\libgcc.a(muldf3.o)
 .ARM.attributes
                0x0000000000000ba0       0x2c c:/st/stm32cubeide_1.1.0/stm32cubeide/plugins/com.st.stm32cube.ide.mcu.externaltools.gnu-tools-for-stm32.7-2018-q2-update.win32_1.4.0.202007081208/tools/bin/../lib/gcc/arm-none-eabi/7.3.1/thumb/v6-m\libgcc.a(floatsidf.o)
 .ARM.attributes
                0x0000000000000bcc       0x2c c:/st/stm32cubeide_1.1.0/stm32cubeide/plugins/com.st.stm32cube.ide.mcu.externaltools.gnu-tools-for-stm32.7-2018-q2-update.win32_1.4.0.202007081208/tools/bin/../lib/gcc/arm-none-eabi/7.3.1/thumb/v6-m\libgcc.a(floatunsidf.o)
 .ARM.attributes
                0x0000000000000bf8       0x2c c:/st/stm32cubeide_1.1.0/stm32cubeide/plugins/com.st.stm32cube.ide.mcu.externaltools.gnu-tools-for-stm32.7-2018-q2-update.win32_1.4.0.202007081208/tools/bin/../lib/gcc/arm-none-eabi/7.3.1/thumb/v6-m\libgcc.a(truncdfsf2.o)
 .ARM.attributes